Archive member included to satisfy reference by file (symbol)

c:/st/stm32cubeide_1.2.0/stm32cubeide/plugins/com.st.stm32cube.ide.mcu.externaltools.gnu-tools-for-stm32.7-2018-q2-update.win32_1.4.0.202007081208/tools/bin/../lib/gcc/arm-none-eabi/7.3.1/../../../../arm-none-eabi/lib/thumb/v7e-m/fpv4-sp/hard\libc_nano.a(lib_a-errno.o)
                              Core/Src/syscalls.o (__errno)
c:/st/stm32cubeide_1.2.0/stm32cubeide/plugins/com.st.stm32cube.ide.mcu.externaltools.gnu-tools-for-stm32.7-2018-q2-update.win32_1.4.0.202007081208/tools/bin/../lib/gcc/arm-none-eabi/7.3.1/../../../../arm-none-eabi/lib/thumb/v7e-m/fpv4-sp/hard\libc_nano.a(lib_a-exit.o)
                              c:/st/stm32cubeide_1.2.0/stm32cubeide/plugins/com.st.stm32cube.ide.mcu.externaltools.gnu-tools-for-stm32.7-2018-q2-update.win32_1.4.0.202007081208/tools/bin/../lib/gcc/arm-none-eabi/7.3.1/../../../../arm-none-eabi/lib/thumb/v7e-m/fpv4-sp/hard/crt0.o (exit)
c:/st/stm32cubeide_1.2.0/stm32cubeide/plugins/com.st.stm32cube.ide.mcu.externaltools.gnu-tools-for-stm32.7-2018-q2-update.win32_1.4.0.202007081208/tools/bin/../lib/gcc/arm-none-eabi/7.3.1/../../../../arm-none-eabi/lib/thumb/v7e-m/fpv4-sp/hard\libc_nano.a(lib_a-impure.o)
                              c:/st/stm32cubeide_1.2.0/stm32cubeide/plugins/com.st.stm32cube.ide.mcu.externaltools.gnu-tools-for-stm32.7-2018-q2-update.win32_1.4.0.202007081208/tools/bin/../lib/gcc/arm-none-eabi/7.3.1/../../../../arm-none-eabi/lib/thumb/v7e-m/fpv4-sp/hard\libc_nano.a(lib_a-exit.o) (_global_impure_ptr)
c:/st/stm32cubeide_1.2.0/stm32cubeide/plugins/com.st.stm32cube.ide.mcu.externaltools.gnu-tools-for-stm32.7-2018-q2-update.win32_1.4.0.202007081208/tools/bin/../lib/gcc/arm-none-eabi/7.3.1/../../../../arm-none-eabi/lib/thumb/v7e-m/fpv4-sp/hard\libc_nano.a(lib_a-init.o)
                              c:/st/stm32cubeide_1.2.0/stm32cubeide/plugins/com.st.stm32cube.ide.mcu.externaltools.gnu-tools-for-stm32.7-2018-q2-update.win32_1.4.0.202007081208/tools/bin/../lib/gcc/arm-none-eabi/7.3.1/../../../../arm-none-eabi/lib/thumb/v7e-m/fpv4-sp/hard/crt0.o (__libc_init_array)
c:/st/stm32cubeide_1.2.0/stm32cubeide/plugins/com.st.stm32cube.ide.mcu.externaltools.gnu-tools-for-stm32.7-2018-q2-update.win32_1.4.0.202007081208/tools/bin/../lib/gcc/arm-none-eabi/7.3.1/../../../../arm-none-eabi/lib/thumb/v7e-m/fpv4-sp/hard\libc_nano.a(lib_a-memset.o)
                              c:/st/stm32cubeide_1.2.0/stm32cubeide/plugins/com.st.stm32cube.ide.mcu.externaltools.gnu-tools-for-stm32.7-2018-q2-update.win32_1.4.0.202007081208/tools/bin/../lib/gcc/arm-none-eabi/7.3.1/../../../../arm-none-eabi/lib/thumb/v7e-m/fpv4-sp/hard/crt0.o (memset)
c:/st/stm32cubeide_1.2.0/stm32cubeide/plugins/com.st.stm32cube.ide.mcu.externaltools.gnu-tools-for-stm32.7-2018-q2-update.win32_1.4.0.202007081208/tools/bin/../lib/gcc/arm-none-eabi/7.3.1/../../../../arm-none-eabi/lib/thumb/v7e-m/fpv4-sp/hard\libc_nano.a(lib_a-printf.o)
                              SSD7317Z/Src/SSD7317.o (printf)
c:/st/stm32cubeide_1.2.0/stm32cubeide/plugins/com.st.stm32cube.ide.mcu.externaltools.gnu-tools-for-stm32.7-2018-q2-update.win32_1.4.0.202007081208/tools/bin/../lib/gcc/arm-none-eabi/7.3.1/../../../../arm-none-eabi/lib/thumb/v7e-m/fpv4-sp/hard\libc_nano.a(lib_a-putchar.o)
                              SSD7317Z/Src/rpc.o (putchar)
c:/st/stm32cubeide_1.2.0/stm32cubeide/plugins/com.st.stm32cube.ide.mcu.externaltools.gnu-tools-for-stm32.7-2018-q2-update.win32_1.4.0.202007081208/tools/bin/../lib/gcc/arm-none-eabi/7.3.1/../../../../arm-none-eabi/lib/thumb/v7e-m/fpv4-sp/hard\libc_nano.a(lib_a-puts.o)
                              SSD7317Z/Src/rpc.o (puts)
c:/st/stm32cubeide_1.2.0/stm32cubeide/plugins/com.st.stm32cube.ide.mcu.externaltools.gnu-tools-for-stm32.7-2018-q2-update.win32_1.4.0.202007081208/tools/bin/../lib/gcc/arm-none-eabi/7.3.1/../../../../arm-none-eabi/lib/thumb/v7e-m/fpv4-sp/hard\libc_nano.a(lib_a-wbuf.o)
                              c:/st/stm32cubeide_1.2.0/stm32cubeide/plugins/com.st.stm32cube.ide.mcu.externaltools.gnu-tools-for-stm32.7-2018-q2-update.win32_1.4.0.202007081208/tools/bin/../lib/gcc/arm-none-eabi/7.3.1/../../../../arm-none-eabi/lib/thumb/v7e-m/fpv4-sp/hard\libc_nano.a(lib_a-puts.o) (__swbuf_r)
c:/st/stm32cubeide_1.2.0/stm32cubeide/plugins/com.st.stm32cube.ide.mcu.externaltools.gnu-tools-for-stm32.7-2018-q2-update.win32_1.4.0.202007081208/tools/bin/../lib/gcc/arm-none-eabi/7.3.1/../../../../arm-none-eabi/lib/thumb/v7e-m/fpv4-sp/hard\libc_nano.a(lib_a-wsetup.o)
                              c:/st/stm32cubeide_1.2.0/stm32cubeide/plugins/com.st.stm32cube.ide.mcu.externaltools.gnu-tools-for-stm32.7-2018-q2-update.win32_1.4.0.202007081208/tools/bin/../lib/gcc/arm-none-eabi/7.3.1/../../../../arm-none-eabi/lib/thumb/v7e-m/fpv4-sp/hard\libc_nano.a(lib_a-puts.o) (__swsetup_r)
[...]
Memory Configuration

Name             Origin             Length             Attributes
RAM              0x0000000020000000 0x0000000000010000 xrw
FLASH            0x0000000008000000 0x0000000000040000 xr
*default*        0x0000000000000000 0xffffffffffffffff

Linker script and memory map

LOAD c:/st/stm32cubeide_1.2.0/stm32cubeide/plugins/com.st.stm32cube.ide.mcu.externaltools.gnu-tools-for-stm32.7-2018-q2-update.win32_1.4.0.202007081208/tools/bin/../lib/gcc/arm-none-eabi/7.3.1/thumb/v7e-m/fpv4-sp/hard/crti.o
LOAD c:/st/stm32cubeide_1.2.0/stm32cubeide/plugins/com.st.stm32cube.ide.mcu.externaltools.gnu-tools-for-stm32.7-2018-q2-update.win32_1.4.0.202007081208/tools/bin/../lib/gcc/arm-none-eabi/7.3.1/thumb/v7e-m/fpv4-sp/hard/crtbegin.o
LOAD c:/st/stm32cubeide_1.2.0/stm32cubeide/plugins/com.st.stm32cube.ide.mcu.externaltools.gnu-tools-for-stm32.7-2018-q2-update.win32_1.4.0.202007081208/tools/bin/../lib/gcc/arm-none-eabi/7.3.1/../../../../arm-none-eabi/lib/thumb/v7e-m/fpv4-sp/hard/crt0.o
LOAD Core/Src/main.o
LOAD Core/Src/stm32l4xx_hal_msp.o
LOAD Core/Src/stm32l4xx_it.o
LOAD Core/Src/syscalls.o
LOAD Core/Src/sysmem.o
LOAD Core/Src/system_stm32l4xx.o
LOAD Core/Startup/startup_stm32l432kcux.o
LOAD Drivers/STM32L4xx_HAL_Driver/Src/stm32l4xx_hal.o
LOAD Drivers/STM32L4xx_HAL_Driver/Src/stm32l4xx_hal_cortex.o
LOAD Drivers/STM32L4xx_HAL_Driver/Src/stm32l4xx_hal_dma.o
LOAD Drivers/STM32L4xx_HAL_Driver/Src/stm32l4xx_hal_dma_ex.o
LOAD Drivers/STM32L4xx_HAL_Driver/Src/stm32l4xx_hal_exti.o
LOAD Drivers/STM32L4xx_HAL_Driver/Src/stm32l4xx_hal_flash.o
LOAD Drivers/STM32L4xx_HAL_Driver/Src/stm32l4xx_hal_flash_ex.o
LOAD Drivers/STM32L4xx_HAL_Driver/Src/stm32l4xx_hal_flash_ramfunc.o
LOAD Drivers/STM32L4xx_HAL_Driver/Src/stm32l4xx_hal_gpio.o
LOAD Drivers/STM32L4xx_HAL_Driver/Src/stm32l4xx_hal_i2c.o
LOAD Drivers/STM32L4xx_HAL_Driver/Src/stm32l4xx_hal_i2c_ex.o
LOAD Drivers/STM32L4xx_HAL_Driver/Src/stm32l4xx_hal_pwr.o
LOAD Drivers/STM32L4xx_HAL_Driver/Src/stm32l4xx_hal_pwr_ex.o
LOAD Drivers/STM32L4xx_HAL_Driver/Src/stm32l4xx_hal_rcc.o
LOAD Drivers/STM32L4xx_HAL_Driver/Src/stm32l4xx_hal_rcc_ex.o
LOAD Drivers/STM32L4xx_HAL_Driver/Src/stm32l4xx_hal_spi.o
LOAD Drivers/STM32L4xx_HAL_Driver/Src/stm32l4xx_hal_spi_ex.o
LOAD Drivers/STM32L4xx_HAL_Driver/Src/stm32l4xx_hal_tim.o
LOAD Drivers/STM32L4xx_HAL_Driver/Src/stm32l4xx_hal_tim_ex.o
LOAD Drivers/STM32L4xx_HAL_Driver/Src/stm32l4xx_hal_uart.o
LOAD Drivers/STM32L4xx_HAL_Driver/Src/stm32l4xx_hal_uart_ex.o
LOAD SSD7317Z/Src/SSD7317.o
LOAD SSD7317Z/Src/SSD7317_Init_Table.o
LOAD SSD7317Z/Src/dwt_stm32_delay.o
LOAD SSD7317Z/Src/rpc.o
START GROUP
LOAD c:/st/stm32cubeide_1.2.0/stm32cubeide/plugins/com.st.stm32cube.ide.mcu.externaltools.gnu-tools-for-stm32.7-2018-q2-update.win32_1.4.0.202007081208/tools/bin/../lib/gcc/arm-none-eabi/7.3.1/../../../../arm-none-eabi/lib/thumb/v7e-m/fpv4-sp/hard\libc_nano.a
LOAD c:/st/stm32cubeide_1.2.0/stm32cubeide/plugins/com.st.stm32cube.ide.mcu.externaltools.gnu-tools-for-stm32.7-2018-q2-update.win32_1.4.0.202007081208/tools/bin/../lib/gcc/arm-none-eabi/7.3.1/../../../../arm-none-eabi/lib/thumb/v7e-m/fpv4-sp/hard\libm.a
END GROUP
START GROUP
LOAD c:/st/stm32cubeide_1.2.0/stm32cubeide/plugins/com.st.stm32cube.ide.mcu.externaltools.gnu-tools-for-stm32.7-2018-q2-update.win32_1.4.0.202007081208/tools/bin/../lib/gcc/arm-none-eabi/7.3.1/thumb/v7e-m/fpv4-sp/hard\libgcc.a
LOAD c:/st/stm32cubeide_1.2.0/stm32cubeide/plugins/com.st.stm32cube.ide.mcu.externaltools.gnu-tools-for-stm32.7-2018-q2-update.win32_1.4.0.202007081208/tools/bin/../lib/gcc/arm-none-eabi/7.3.1/../../../../arm-none-eabi/lib/thumb/v7e-m/fpv4-sp/hard\libc_nano.a
END GROUP
START GROUP
LOAD c:/st/stm32cubeide_1.2.0/stm32cubeide/plugins/com.st.stm32cube.ide.mcu.externaltools.gnu-tools-for-stm32.7-2018-q2-update.win32_1.4.0.202007081208/tools/bin/../lib/gcc/arm-none-eabi/7.3.1/thumb/v7e-m/fpv4-sp/hard\libgcc.a
LOAD c:/st/stm32cubeide_1.2.0/stm32cubeide/plugins/com.st.stm32cube.ide.mcu.externaltools.gnu-tools-for-stm32.7-2018-q2-update.win32_1.4.0.202007081208/tools/bin/../lib/gcc/arm-none-eabi/7.3.1/../../../../arm-none-eabi/lib/thumb/v7e-m/fpv4-sp/hard\libc_nano.a
LOAD c:/st/stm32cubeide_1.2.0/stm32cubeide/plugins/com.st.stm32cube.ide.mcu.externaltools.gnu-tools-for-stm32.7-2018-q2-update.win32_1.4.0.202007081208/tools/bin/../lib/gcc/arm-none-eabi/7.3.1/../../../../arm-none-eabi/lib/thumb/v7e-m/fpv4-sp/hard\libnosys.a
END GROUP
START GROUP
LOAD c:/st/stm32cubeide_1.2.0/stm32cubeide/plugins/com.st.stm32cube.ide.mcu.externaltools.gnu-tools-for-stm32.7-2018-q2-update.win32_1.4.0.202007081208/tools/bin/../lib/gcc/arm-none-eabi/7.3.1/thumb/v7e-m/fpv4-sp/hard\libgcc.a
LOAD c:/st/stm32cubeide_1.2.0/stm32cubeide/plugins/com.st.stm32cube.ide.mcu.externaltools.gnu-tools-for-stm32.7-2018-q2-update.win32_1.4.0.202007081208/tools/bin/../lib/gcc/arm-none-eabi/7.3.1/../../../../arm-none-eabi/lib/thumb/v7e-m/fpv4-sp/hard\libc_nano.a
LOAD c:/st/stm32cubeide_1.2.0/stm32cubeide/plugins/com.st.stm32cube.ide.mcu.externaltools.gnu-tools-for-stm32.7-2018-q2-update.win32_1.4.0.202007081208/tools/bin/../lib/gcc/arm-none-eabi/7.3.1/../../../../arm-none-eabi/lib/thumb/v7e-m/fpv4-sp/hard\libnosys.a
END GROUP
LOAD c:/st/stm32cubeide_1.2.0/stm32cubeide/plugins/com.st.stm32cube.ide.mcu.externaltools.gnu-tools-for-stm32.7-2018-q2-update.win32_1.4.0.202007081208/tools/bin/../lib/gcc/arm-none-eabi/7.3.1/thumb/v7e-m/fpv4-sp/hard/crtend.o
LOAD c:/st/stm32cubeide_1.2.0/stm32cubeide/plugins/com.st.stm32cube.ide.mcu.externaltools.gnu-tools-for-stm32.7-2018-q2-update.win32_1.4.0.202007081208/tools/bin/../lib/gcc/arm-none-eabi/7.3.1/thumb/v7e-m/fpv4-sp/hard/crtn.o
                0x0000000020010000                _estack = (ORIGIN (RAM) + LENGTH (RAM))
                0x0000000000000200                _Min_Heap_Size = 0x200
                0x0000000000000400                _Min_Stack_Size = 0x400

.isr_vector     0x0000000008000000      0x18c
                0x0000000008000000                . = ALIGN (0x4)
 *(.isr_vector)
 .isr_vector    0x0000000008000000      0x18c Core/Startup/startup_stm32l432kcux.o
                0x0000000008000000                g_pfnVectors
                0x000000000800018c                . = ALIGN (0x4)

.text           0x000000000800018c     0x7b24
                0x000000000800018c                . = ALIGN (0x4)
 *(.text)
 .text          0x000000000800018c       0x40 c:/st/stm32cubeide_1.2.0/stm32cubeide/plugins/com.st.stm32cube.ide.mcu.externaltools.gnu-tools-for-stm32.7-2018-q2-update.win32_1.4.0.202007081208/tools/bin/../lib/gcc/arm-none-eabi/7.3.1/thumb/v7e-m/fpv4-sp/hard/crtbegin.o
 .text          0x00000000080001cc       0x30 c:/st/stm32cubeide_1.2.0/stm32cubeide/plugins/com.st.stm32cube.ide.mcu.externaltools.gnu-tools-for-stm32.7-2018-q2-update.win32_1.4.0.202007081208/tools/bin/../lib/gcc/arm-none-eabi/7.3.1/thumb/v7e-m/fpv4-sp/hard\libgcc.a(_aeabi_uldivmod.o)
                0x00000000080001cc                __aeabi_uldivmod
 .text          0x00000000080001fc      0x2cc c:/st/stm32cubeide_1.2.0/stm32cubeide/plugins/com.st.stm32cube.ide.mcu.externaltools.gnu-tools-for-stm32.7-2018-q2-update.win32_1.4.0.202007081208/tools/bin/../lib/gcc/arm-none-eabi/7.3.1/thumb/v7e-m/fpv4-sp/hard\libgcc.a(_udivmoddi4.o)
                0x00000000080001fc                __udivmoddi4
 .text          0x00000000080004c8        0x4 c:/st/stm32cubeide_1.2.0/stm32cubeide/plugins/com.st.stm32cube.ide.mcu.externaltools.gnu-tools-for-stm32.7-2018-q2-update.win32_1.4.0.202007081208/tools/bin/../lib/gcc/arm-none-eabi/7.3.1/thumb/v7e-m/fpv4-sp/hard\libgcc.a(_dvmd_tls.o)
                0x00000000080004c8                __aeabi_idiv0
                0x00000000080004c8                __aeabi_ldiv0
 *(.text*)
 .text.__io_putchar
                0x00000000080004cc       0x24 Core/Src/main.o
                0x00000000080004cc                __io_putchar
 .text.main     0x00000000080004f0       0x60 Core/Src/main.o
                0x00000000080004f0                main
 .text.SystemClock_Config
                0x0000000008000550       0xe6 Core/Src/main.o
                0x0000000008000550                SystemClock_Config
 .text.Error_Handler
                0x0000000008000636        0xe Core/Src/main.o
                0x0000000008000636                Error_Handler
 .text.assert_failed
                0x0000000008000644       0x16 Core/Src/main.o
                0x0000000008000644                assert_failed
 *fill*         0x000000000800065a        0x2 
 .text.HAL_MspInit
                0x000000000800065c       0x48 Core/Src/stm32l4xx_hal_msp.o
                0x000000000800065c                HAL_MspInit
 .text.HAL_I2C_MspInit
                0x00000000080006a4       0x88 Core/Src/stm32l4xx_hal_msp.o
                0x00000000080006a4                HAL_I2C_MspInit
 .text.HAL_SPI_MspInit
                0x000000000800072c      0x11c Core/Src/stm32l4xx_hal_msp.o
                0x000000000800072c                HAL_SPI_MspInit
 .text.HAL_UART_MspInit
                0x0000000008000848      0x114 Core/Src/stm32l4xx_hal_msp.o
                0x0000000008000848                HAL_UART_MspInit
 .text.NMI_Handler
                0x000000000800095c        0xe Core/Src/stm32l4xx_it.o
                0x000000000800095c                NMI_Handler
 .text.HardFault_Handler
                0x000000000800096a        0x6 Core/Src/stm32l4xx_it.o
                0x000000000800096a                HardFault_Handler
 .text.MemManage_Handler
                0x0000000008000970        0x6 Core/Src/stm32l4xx_it.o
                0x0000000008000970                MemManage_Handler
 .text.BusFault_Handler
                0x0000000008000976        0x6 Core/Src/stm32l4xx_it.o
                0x0000000008000976                BusFault_Handler
 .text.UsageFault_Handler
                0x000000000800097c        0x6 Core/Src/stm32l4xx_it.o
                0x000000000800097c                UsageFault_Handler
 .text.SVC_Handler
                0x0000000008000982        0xe Core/Src/stm32l4xx_it.o
                0x0000000008000982                SVC_Handler
 .text.DebugMon_Handler
                0x0000000008000990        0xe Core/Src/stm32l4xx_it.o
                0x0000000008000990                DebugMon_Handler
 .text.PendSV_Handler
                0x000000000800099e        0xe Core/Src/stm32l4xx_it.o
                0x000000000800099e                PendSV_Handler
 .text.SysTick_Handler
                0x00000000080009ac        0xc Core/Src/stm32l4xx_it.o
                0x00000000080009ac                SysTick_Handler
 .text.EXTI0_IRQHandler
                0x00000000080009b8        0xe Core/Src/stm32l4xx_it.o
                0x00000000080009b8                EXTI0_IRQHandler
 *fill*         0x00000000080009c6        0x2 
 .text.DMA1_Channel3_IRQHandler
                0x00000000080009c8       0x14 Core/Src/stm32l4xx_it.o
                0x00000000080009c8                DMA1_Channel3_IRQHandler
 .text.DMA1_Channel6_IRQHandler
                0x00000000080009dc       0x14 Core/Src/stm32l4xx_it.o
                0x00000000080009dc                DMA1_Channel6_IRQHandler
 .text.USART2_IRQHandler
                0x00000000080009f0       0x2c Core/Src/stm32l4xx_it.o
                0x00000000080009f0                USART2_IRQHandler
 .text.EXTI15_10_IRQHandler
                0x0000000008000a1c       0x10 Core/Src/stm32l4xx_it.o
                0x0000000008000a1c                EXTI15_10_IRQHandler
 .text._read    0x0000000008000a2c       0x3a Core/Src/syscalls.o
                0x0000000008000a2c                _read
 .text._write   0x0000000008000a66       0x38 Core/Src/syscalls.o
                0x0000000008000a66                _write
 .text._close   0x0000000008000a9e       0x18 Core/Src/syscalls.o
                0x0000000008000a9e                _close
 .text._fstat   0x0000000008000ab6       0x20 Core/Src/syscalls.o
                0x0000000008000ab6                _fstat
 .text._isatty  0x0000000008000ad6       0x16 Core/Src/syscalls.o
                0x0000000008000ad6                _isatty
 .text._lseek   0x0000000008000aec       0x1a Core/Src/syscalls.o
                0x0000000008000aec                _lseek
 *fill*         0x0000000008000b06        0x2 
 .text._sbrk    0x0000000008000b08       0x6c Core/Src/sysmem.o
                0x0000000008000b08                _sbrk
 .text.SystemInit
                0x0000000008000b74       0x6c Core/Src/system_stm32l4xx.o
                0x0000000008000b74                SystemInit
 .text.Reset_Handler
                0x0000000008000be0       0x50 Core/Startup/startup_stm32l432kcux.o
                0x0000000008000be0                Reset_Handler
 .text.Default_Handler
                0x0000000008000c30        0x2 Core/Startup/startup_stm32l432kcux.o
                0x0000000008000c30                RTC_Alarm_IRQHandler
                0x0000000008000c30                EXTI2_IRQHandler
                0x0000000008000c30                TIM1_CC_IRQHandler
                0x0000000008000c30                TSC_IRQHandler
                0x0000000008000c30                TAMP_STAMP_IRQHandler
                0x0000000008000c30                EXTI3_IRQHandler
                0x0000000008000c30                LPTIM2_IRQHandler
                0x0000000008000c30                I2C3_ER_IRQHandler
                0x0000000008000c30                CAN1_RX0_IRQHandler
                0x0000000008000c30                FPU_IRQHandler
                0x0000000008000c30                TIM1_UP_TIM16_IRQHandler
                0x0000000008000c30                SPI1_IRQHandler
                0x0000000008000c30                TIM6_DAC_IRQHandler
                0x0000000008000c30                DMA2_Channel2_IRQHandler
                0x0000000008000c30                DMA1_Channel4_IRQHandler
                0x0000000008000c30                ADC1_IRQHandler
                0x0000000008000c30                DMA1_Channel7_IRQHandler
                0x0000000008000c30                CAN1_RX1_IRQHandler
                0x0000000008000c30                DMA2_Channel1_IRQHandler
                0x0000000008000c30                QUADSPI_IRQHandler
                0x0000000008000c30                I2C1_EV_IRQHandler
                0x0000000008000c30                DMA2_Channel4_IRQHandler
                0x0000000008000c30                RCC_IRQHandler
                0x0000000008000c30                TIM1_TRG_COM_IRQHandler
                0x0000000008000c30                DMA1_Channel1_IRQHandler
                0x0000000008000c30                Default_Handler
                0x0000000008000c30                DMA2_Channel7_IRQHandler
                0x0000000008000c30                TIM7_IRQHandler
                0x0000000008000c30                I2C3_EV_IRQHandler
                0x0000000008000c30                USB_IRQHandler
                0x0000000008000c30                EXTI9_5_IRQHandler
                0x0000000008000c30                RTC_WKUP_IRQHandler
                0x0000000008000c30                PVD_PVM_IRQHandler
                0x0000000008000c30                CAN1_TX_IRQHandler
                0x0000000008000c30                DMA2_Channel5_IRQHandler
                0x0000000008000c30                CRS_IRQHandler
                0x0000000008000c30                DMA1_Channel5_IRQHandler
                0x0000000008000c30                EXTI4_IRQHandler
                0x0000000008000c30                RNG_IRQHandler
                0x0000000008000c30                COMP_IRQHandler
                0x0000000008000c30                WWDG_IRQHandler
                0x0000000008000c30                LPUART1_IRQHandler
                0x0000000008000c30                DMA2_Channel6_IRQHandler
                0x0000000008000c30                TIM2_IRQHandler
                0x0000000008000c30                EXTI1_IRQHandler
                0x0000000008000c30                DMA1_Channel2_IRQHandler
                0x0000000008000c30                CAN1_SCE_IRQHandler
                0x0000000008000c30                FLASH_IRQHandler
                0x0000000008000c30                USART1_IRQHandler
                0x0000000008000c30                SPI3_IRQHandler
                0x0000000008000c30                I2C1_ER_IRQHandler
                0x0000000008000c30                SWPMI1_IRQHandler
                0x0000000008000c30                LPTIM1_IRQHandler
                0x0000000008000c30                SAI1_IRQHandler
                0x0000000008000c30                DMA2_Channel3_IRQHandler
                0x0000000008000c30                TIM1_BRK_TIM15_IRQHandler
 .text.HAL_Init
                0x0000000008000c32       0x30 Drivers/STM32L4xx_HAL_Driver/Src/stm32l4xx_hal.o
                0x0000000008000c32                HAL_Init
 *fill*         0x0000000008000c62        0x2 
 .text.HAL_InitTick
                0x0000000008000c64       0x78 Drivers/STM32L4xx_HAL_Driver/Src/stm32l4xx_hal.o
                0x0000000008000c64                HAL_InitTick
 .text.HAL_IncTick
                0x0000000008000cdc       0x28 Drivers/STM32L4xx_HAL_Driver/Src/stm32l4xx_hal.o
                0x0000000008000cdc                HAL_IncTick
 .text.HAL_GetTick
                0x0000000008000d04       0x18 Drivers/STM32L4xx_HAL_Driver/Src/stm32l4xx_hal.o
                0x0000000008000d04                HAL_GetTick
 .text.HAL_Delay
                0x0000000008000d1c       0x44 Drivers/STM32L4xx_HAL_Driver/Src/stm32l4xx_hal.o
                0x0000000008000d1c                HAL_Delay
 .text.__NVIC_SetPriorityGrouping
                0x0000000008000d60       0x48 Drivers/STM32L4xx_HAL_Driver/Src/stm32l4xx_hal_cortex.o
 .text.__NVIC_GetPriorityGrouping
                0x0000000008000da8       0x1c Drivers/STM32L4xx_HAL_Driver/Src/stm32l4xx_hal_cortex.o
 .text.__NVIC_EnableIRQ
                0x0000000008000dc4       0x3c Drivers/STM32L4xx_HAL_Driver/Src/stm32l4xx_hal_cortex.o
 .text.__NVIC_SetPriority
                0x0000000008000e00       0x54 Drivers/STM32L4xx_HAL_Driver/Src/stm32l4xx_hal_cortex.o
 .text.NVIC_EncodePriority
                0x0000000008000e54       0x66 Drivers/STM32L4xx_HAL_Driver/Src/stm32l4xx_hal_cortex.o
 *fill*         0x0000000008000eba        0x2 
 .text.SysTick_Config
                0x0000000008000ebc       0x44 Drivers/STM32L4xx_HAL_Driver/Src/stm32l4xx_hal_cortex.o
 .text.HAL_NVIC_SetPriorityGrouping
                0x0000000008000f00       0x40 Drivers/STM32L4xx_HAL_Driver/Src/stm32l4xx_hal_cortex.o
                0x0000000008000f00                HAL_NVIC_SetPriorityGrouping
 .text.HAL_NVIC_SetPriority
                0x0000000008000f40       0x58 Drivers/STM32L4xx_HAL_Driver/Src/stm32l4xx_hal_cortex.o
                0x0000000008000f40                HAL_NVIC_SetPriority
 .text.HAL_NVIC_EnableIRQ
                0x0000000008000f98       0x30 Drivers/STM32L4xx_HAL_Driver/Src/stm32l4xx_hal_cortex.o
                0x0000000008000f98                HAL_NVIC_EnableIRQ
 .text.HAL_SYSTICK_Config
                0x0000000008000fc8       0x18 Drivers/STM32L4xx_HAL_Driver/Src/stm32l4xx_hal_cortex.o
                0x0000000008000fc8                HAL_SYSTICK_Config
 .text.HAL_DMA_Init
                0x0000000008000fe0      0x370 Drivers/STM32L4xx_HAL_Driver/Src/stm32l4xx_hal_dma.o
                0x0000000008000fe0                HAL_DMA_Init
 .text.HAL_DMA_Start_IT
                0x0000000008001350       0xdc Drivers/STM32L4xx_HAL_Driver/Src/stm32l4xx_hal_dma.o
                0x0000000008001350                HAL_DMA_Start_IT
 .text.HAL_DMA_Abort
                0x000000000800142c       0x7c Drivers/STM32L4xx_HAL_Driver/Src/stm32l4xx_hal_dma.o
                0x000000000800142c                HAL_DMA_Abort
 .text.HAL_DMA_Abort_IT
                0x00000000080014a8       0x82 Drivers/STM32L4xx_HAL_Driver/Src/stm32l4xx_hal_dma.o
                0x00000000080014a8                HAL_DMA_Abort_IT
 .text.HAL_DMA_IRQHandler
                0x000000000800152a      0x15e Drivers/STM32L4xx_HAL_Driver/Src/stm32l4xx_hal_dma.o
                0x000000000800152a                HAL_DMA_IRQHandler
 .text.HAL_DMA_GetError
                0x0000000008001688       0x18 Drivers/STM32L4xx_HAL_Driver/Src/stm32l4xx_hal_dma.o
                0x0000000008001688                HAL_DMA_GetError
 .text.DMA_SetConfig
                0x00000000080016a0       0x60 Drivers/STM32L4xx_HAL_Driver/Src/stm32l4xx_hal_dma.o
 .text.HAL_GPIO_Init
                0x0000000008001700      0x44c Drivers/STM32L4xx_HAL_Driver/Src/stm32l4xx_hal_gpio.o
                0x0000000008001700                HAL_GPIO_Init
 .text.HAL_GPIO_WritePin
                0x0000000008001b4c       0x60 Drivers/STM32L4xx_HAL_Driver/Src/stm32l4xx_hal_gpio.o
                0x0000000008001b4c                HAL_GPIO_WritePin
 .text.HAL_GPIO_EXTI_IRQHandler
                0x0000000008001bac       0x30 Drivers/STM32L4xx_HAL_Driver/Src/stm32l4xx_hal_gpio.o
                0x0000000008001bac                HAL_GPIO_EXTI_IRQHandler
 .text.HAL_I2C_Init
                0x0000000008001bdc      0x228 Drivers/STM32L4xx_HAL_Driver/Src/stm32l4xx_hal_i2c.o
                0x0000000008001bdc                HAL_I2C_Init
 .text.HAL_I2C_Master_Transmit
                0x0000000008001e04      0x1e8 Drivers/STM32L4xx_HAL_Driver/Src/stm32l4xx_hal_i2c.o
                0x0000000008001e04                HAL_I2C_Master_Transmit
 .text.HAL_I2C_Master_Receive
                0x0000000008001fec      0x1ec Drivers/STM32L4xx_HAL_Driver/Src/stm32l4xx_hal_i2c.o
                0x0000000008001fec                HAL_I2C_Master_Receive
 .text.HAL_I2C_Mem_Write
                0x00000000080021d8      0x244 Drivers/STM32L4xx_HAL_Driver/Src/stm32l4xx_hal_i2c.o
                0x00000000080021d8                HAL_I2C_Mem_Write
 .text.I2C_RequestMemoryWrite
                0x000000000800241c       0xa8 Drivers/STM32L4xx_HAL_Driver/Src/stm32l4xx_hal_i2c.o
 .text.I2C_Flush_TXDR
                0x00000000080024c4       0x48 Drivers/STM32L4xx_HAL_Driver/Src/stm32l4xx_hal_i2c.o
 .text.I2C_WaitOnFlagUntilTimeout
                0x000000000800250c       0x80 Drivers/STM32L4xx_HAL_Driver/Src/stm32l4xx_hal_i2c.o
 .text.I2C_WaitOnTXISFlagUntilTimeout
                0x000000000800258c       0x80 Drivers/STM32L4xx_HAL_Driver/Src/stm32l4xx_hal_i2c.o
 .text.I2C_WaitOnSTOPFlagUntilTimeout
                0x000000000800260c       0x78 Drivers/STM32L4xx_HAL_Driver/Src/stm32l4xx_hal_i2c.o
 .text.I2C_WaitOnRXNEFlagUntilTimeout
                0x0000000008002684       0xd8 Drivers/STM32L4xx_HAL_Driver/Src/stm32l4xx_hal_i2c.o
 .text.I2C_IsAcknowledgeFailed
                0x000000000800275c       0xcc Drivers/STM32L4xx_HAL_Driver/Src/stm32l4xx_hal_i2c.o
 .text.I2C_TransferConfig
                0x0000000008002828       0xd4 Drivers/STM32L4xx_HAL_Driver/Src/stm32l4xx_hal_i2c.o
 .text.HAL_I2CEx_ConfigAnalogFilter
                0x00000000080028fc       0xd0 Drivers/STM32L4xx_HAL_Driver/Src/stm32l4xx_hal_i2c_ex.o
                0x00000000080028fc                HAL_I2CEx_ConfigAnalogFilter
 .text.HAL_I2CEx_ConfigDigitalFilter
                0x00000000080029cc       0xcc Drivers/STM32L4xx_HAL_Driver/Src/stm32l4xx_hal_i2c_ex.o
                0x00000000080029cc                HAL_I2CEx_ConfigDigitalFilter
 .text.HAL_PWREx_GetVoltageRange
                0x0000000008002a98       0x1c Drivers/STM32L4xx_HAL_Driver/Src/stm32l4xx_hal_pwr_ex.o
                0x0000000008002a98                HAL_PWREx_GetVoltageRange
 .text.HAL_PWREx_ControlVoltageScaling
                0x0000000008002ab4       0xc4 Drivers/STM32L4xx_HAL_Driver/Src/stm32l4xx_hal_pwr_ex.o
                0x0000000008002ab4                HAL_PWREx_ControlVoltageScaling
 .text.HAL_RCC_OscConfig
                0x0000000008002b78      0xaec Drivers/STM32L4xx_HAL_Driver/Src/stm32l4xx_hal_rcc.o
                0x0000000008002b78                HAL_RCC_OscConfig
 .text.HAL_RCC_ClockConfig
                0x0000000008003664      0x304 Drivers/STM32L4xx_HAL_Driver/Src/stm32l4xx_hal_rcc.o
                0x0000000008003664                HAL_RCC_ClockConfig
 .text.HAL_RCC_GetSysClockFreq
                0x0000000008003968      0x114 Drivers/STM32L4xx_HAL_Driver/Src/stm32l4xx_hal_rcc.o
                0x0000000008003968                HAL_RCC_GetSysClockFreq
 .text.HAL_RCC_GetHCLKFreq
                0x0000000008003a7c       0x18 Drivers/STM32L4xx_HAL_Driver/Src/stm32l4xx_hal_rcc.o
                0x0000000008003a7c                HAL_RCC_GetHCLKFreq
 .text.HAL_RCC_GetPCLK1Freq
                0x0000000008003a94       0x2c Drivers/STM32L4xx_HAL_Driver/Src/stm32l4xx_hal_rcc.o
                0x0000000008003a94                HAL_RCC_GetPCLK1Freq
 .text.HAL_RCC_GetPCLK2Freq
                0x0000000008003ac0       0x2c Drivers/STM32L4xx_HAL_Driver/Src/stm32l4xx_hal_rcc.o
                0x0000000008003ac0                HAL_RCC_GetPCLK2Freq
 .text.RCC_SetFlashLatencyFromMSIRange
                0x0000000008003aec       0xc0 Drivers/STM32L4xx_HAL_Driver/Src/stm32l4xx_hal_rcc.o
 .text.HAL_RCCEx_PeriphCLKConfig
                0x0000000008003bac      0x6c4 Drivers/STM32L4xx_HAL_Driver/Src/stm32l4xx_hal_rcc_ex.o
                0x0000000008003bac                HAL_RCCEx_PeriphCLKConfig
 .text.RCCEx_PLLSAI1_Config
                0x0000000008004270      0x2f8 Drivers/STM32L4xx_HAL_Driver/Src/stm32l4xx_hal_rcc_ex.o
 .text.HAL_SPI_Init
                0x0000000008004568      0x3cc Drivers/STM32L4xx_HAL_Driver/Src/stm32l4xx_hal_spi.o
                0x0000000008004568                HAL_SPI_Init
 .text.HAL_SPI_Transmit
                0x0000000008004934      0x2fc Drivers/STM32L4xx_HAL_Driver/Src/stm32l4xx_hal_spi.o
                0x0000000008004934                HAL_SPI_Transmit
 .text.SPI_WaitFlagStateUntilTimeout
                0x0000000008004c30      0x110 Drivers/STM32L4xx_HAL_Driver/Src/stm32l4xx_hal_spi.o
 .text.SPI_WaitFifoStateUntilTimeout
                0x0000000008004d40      0x11c Drivers/STM32L4xx_HAL_Driver/Src/stm32l4xx_hal_spi.o
 .text.SPI_EndRxTxTransaction
                0x0000000008004e5c       0x8c Drivers/STM32L4xx_HAL_Driver/Src/stm32l4xx_hal_spi.o
 .text.HAL_UART_Init
                0x0000000008004ee8      0x108 Drivers/STM32L4xx_HAL_Driver/Src/stm32l4xx_hal_uart.o
                0x0000000008004ee8                HAL_UART_Init
 .text.HAL_UART_Transmit
                0x0000000008004ff0      0x126 Drivers/STM32L4xx_HAL_Driver/Src/stm32l4xx_hal_uart.o
                0x0000000008004ff0                HAL_UART_Transmit
 *fill*         0x0000000008005116        0x2 
 .text.HAL_UART_Receive_DMA
                0x0000000008005118      0x108 Drivers/STM32L4xx_HAL_Driver/Src/stm32l4xx_hal_uart.o
                0x0000000008005118                HAL_UART_Receive_DMA
 .text.HAL_UART_DMAPause
                0x0000000008005220       0xa8 Drivers/STM32L4xx_HAL_Driver/Src/stm32l4xx_hal_uart.o
                0x0000000008005220                HAL_UART_DMAPause
 .text.HAL_UART_DMAResume
                0x00000000080052c8       0x8c Drivers/STM32L4xx_HAL_Driver/Src/stm32l4xx_hal_uart.o
                0x00000000080052c8                HAL_UART_DMAResume
 .text.HAL_UART_DMAStop
                0x0000000008005354       0xd6 Drivers/STM32L4xx_HAL_Driver/Src/stm32l4xx_hal_uart.o
                0x0000000008005354                HAL_UART_DMAStop
 *fill*         0x000000000800542a        0x2 
 .text.HAL_UART_IRQHandler
                0x000000000800542c      0x290 Drivers/STM32L4xx_HAL_Driver/Src/stm32l4xx_hal_uart.o
                0x000000000800542c                HAL_UART_IRQHandler
 .text.HAL_UART_TxCpltCallback
                0x00000000080056bc       0x14 Drivers/STM32L4xx_HAL_Driver/Src/stm32l4xx_hal_uart.o
                0x00000000080056bc                HAL_UART_TxCpltCallback
 .text.HAL_UART_RxCpltCallback
                0x00000000080056d0       0x14 Drivers/STM32L4xx_HAL_Driver/Src/stm32l4xx_hal_uart.o
                0x00000000080056d0                HAL_UART_RxCpltCallback
 .text.HAL_UART_RxHalfCpltCallback
                0x00000000080056e4       0x14 Drivers/STM32L4xx_HAL_Driver/Src/stm32l4xx_hal_uart.o
                0x00000000080056e4                HAL_UART_RxHalfCpltCallback
 .text.HAL_UART_ErrorCallback
                0x00000000080056f8       0x14 Drivers/STM32L4xx_HAL_Driver/Src/stm32l4xx_hal_uart.o
                0x00000000080056f8                HAL_UART_ErrorCallback
 .text.UART_SetConfig
                0x000000000800570c      0x564 Drivers/STM32L4xx_HAL_Driver/Src/stm32l4xx_hal_uart.o
                0x000000000800570c                UART_SetConfig
 .text.UART_AdvFeatureConfig
                0x0000000008005c70      0x28c Drivers/STM32L4xx_HAL_Driver/Src/stm32l4xx_hal_uart.o
                0x0000000008005c70                UART_AdvFeatureConfig
 .text.UART_CheckIdleState
                0x0000000008005efc       0x8a Drivers/STM32L4xx_HAL_Driver/Src/stm32l4xx_hal_uart.o
                0x0000000008005efc                UART_CheckIdleState
 .text.UART_WaitOnFlagUntilTimeout
                0x0000000008005f86       0xf6 Drivers/STM32L4xx_HAL_Driver/Src/stm32l4xx_hal_uart.o
                0x0000000008005f86                UART_WaitOnFlagUntilTimeout
 .text.UART_EndTxTransfer
                0x000000000800607c       0x2a Drivers/STM32L4xx_HAL_Driver/Src/stm32l4xx_hal_uart.o
 .text.UART_EndRxTransfer
                0x00000000080060a6       0x40 Drivers/STM32L4xx_HAL_Driver/Src/stm32l4xx_hal_uart.o
 .text.UART_DMAReceiveCplt
                0x00000000080060e6       0x68 Drivers/STM32L4xx_HAL_Driver/Src/stm32l4xx_hal_uart.o
 .text.UART_DMARxHalfCplt
                0x000000000800614e       0x1c Drivers/STM32L4xx_HAL_Driver/Src/stm32l4xx_hal_uart.o
 .text.UART_DMAError
                0x000000000800616a       0x78 Drivers/STM32L4xx_HAL_Driver/Src/stm32l4xx_hal_uart.o
 .text.UART_DMAAbortOnError
                0x00000000080061e2       0x2c Drivers/STM32L4xx_HAL_Driver/Src/stm32l4xx_hal_uart.o
 .text.UART_EndTransmit_IT
                0x000000000800620e       0x32 Drivers/STM32L4xx_HAL_Driver/Src/stm32l4xx_hal_uart.o
 .text.HAL_UARTEx_WakeupCallback
                0x0000000008006240       0x14 Drivers/STM32L4xx_HAL_Driver/Src/stm32l4xx_hal_uart_ex.o
                0x0000000008006240                HAL_UARTEx_WakeupCallback
 .text.HAL_DWT_Delay_us
                0x0000000008006254       0x44 SSD7317Z/Src/SSD7317.o
 .text.HAL_GPIO_EXTI_Callback
                0x0000000008006298       0x40 SSD7317Z/Src/SSD7317.o
                0x0000000008006298                HAL_GPIO_EXTI_Callback
 .text.ssd7317_init
                0x00000000080062d8       0x7c SSD7317Z/Src/SSD7317.o
                0x00000000080062d8                ssd7317_init
 .text.ssd7317_display_on
                0x0000000008006354       0x22 SSD7317Z/Src/SSD7317.o
                0x0000000008006354                ssd7317_display_on
 *fill*         0x0000000008006376        0x2 
 .text.MX_GPIO_Init
                0x0000000008006378      0x108 SSD7317Z/Src/SSD7317.o
 .text.MX_SPI1_Init
                0x0000000008006480       0x7c SSD7317Z/Src/SSD7317.o
 .text.MX_I2C1_Init
                0x00000000080064fc       0x80 SSD7317Z/Src/SSD7317.o
 .text.spi_write_command
                0x000000000800657c       0x48 SSD7317Z/Src/SSD7317.o
                0x000000000800657c                spi_write_command
 .text.spi_write_data
                0x00000000080065c4       0x48 SSD7317Z/Src/SSD7317.o
                0x00000000080065c4                spi_write_data
 .text.fb_set_pixel
                0x000000000800660c       0xcc SSD7317Z/Src/SSD7317.o
 .text.fb_fill_area
                0x00000000080066d8       0xee SSD7317Z/Src/SSD7317.o
 *fill*         0x00000000080067c6        0x2 
 .text.fb_clear
                0x00000000080067c8       0x7c SSD7317Z/Src/SSD7317.o
 .text.fb_spi_transfer
                0x0000000008006844       0xe4 SSD7317Z/Src/SSD7317.o
 .text.fb_flush_pending_set
                0x0000000008006928       0x34 SSD7317Z/Src/SSD7317.o
 .text.fb_flush_suspend
                0x000000000800695c       0x40 SSD7317Z/Src/SSD7317.o
 .text.fb_flush_pending_clear
                0x000000000800699c       0x18 SSD7317Z/Src/SSD7317.o
 .text.fb_flush_pending_get
                0x00000000080069b4       0x18 SSD7317Z/Src/SSD7317.o
 .text.i2c_write
                0x00000000080069cc       0x90 SSD7317Z/Src/SSD7317.o
 .text.i2c_read
                0x0000000008006a5c       0x88 SSD7317Z/Src/SSD7317.o
 .text.touch_crc_checksum
                0x0000000008006ae4       0xa0 SSD7317Z/Src/SSD7317.o
 .text.touch_init
                0x0000000008006b84      0x20c SSD7317Z/Src/SSD7317.o
 .text.touch_event_clear
                0x0000000008006d90       0x2c SSD7317Z/Src/SSD7317.o
 .text.touch_event_set
                0x0000000008006dbc       0x18 SSD7317Z/Src/SSD7317.o
 .text.ssd7317_get_charsize
                0x0000000008006dd4       0x6c SSD7317Z/Src/SSD7317.o
                0x0000000008006dd4                ssd7317_get_charsize
 .text.ssd7317_put_string
                0x0000000008006e40      0x158 SSD7317Z/Src/SSD7317.o
                0x0000000008006e40                ssd7317_put_string
 .text.ssd7317_get_stringsize
                0x0000000008006f98       0x6c SSD7317Z/Src/SSD7317.o
                0x0000000008006f98                ssd7317_get_stringsize
 .text.HAL_DWT_Delay_Init
                0x0000000008007004       0x60 SSD7317Z/Src/dwt_stm32_delay.o
                0x0000000008007004                HAL_DWT_Delay_Init
 .text.rpc_buffer_empty
                0x0000000008007064       0x28 SSD7317Z/Src/rpc.o
 .text.rpc_get_command
                0x000000000800708c       0x7c SSD7317Z/Src/rpc.o
 .text.rpc_uart_init
                0x0000000008007108       0xc4 SSD7317Z/Src/rpc.o
                0x0000000008007108                rpc_uart_init
 .text.rpc_idle_callback
                0x00000000080071cc       0x3c SSD7317Z/Src/rpc.o
                0x00000000080071cc                rpc_idle_callback
 .text.rpc_main_task
                0x0000000008007208       0xc8 SSD7317Z/Src/rpc.o
                0x0000000008007208                rpc_main_task
 .text.__errno  0x00000000080072d0        0xc c:/st/stm32cubeide_1.2.0/stm32cubeide/plugins/com.st.stm32cube.ide.mcu.externaltools.gnu-tools-for-stm32.7-2018-q2-update.win32_1.4.0.202007081208/tools/bin/../lib/gcc/arm-none-eabi/7.3.1/../../../../arm-none-eabi/lib/thumb/v7e-m/fpv4-sp/hard\libc_nano.a(lib_a-errno.o)
                0x00000000080072d0                __errno
 .text.__libc_init_array
                0x00000000080072dc       0x48 c:/st/stm32cubeide_1.2.0/stm32cubeide/plugins/com.st.stm32cube.ide.mcu.externaltools.gnu-tools-for-stm32.7-2018-q2-update.win32_1.4.0.202007081208/tools/bin/../lib/gcc/arm-none-eabi/7.3.1/../../../../arm-none-eabi/lib/thumb/v7e-m/fpv4-sp/hard\libc_nano.a(lib_a-init.o)
                0x00000000080072dc                __libc_init_array
 .text.memset   0x0000000008007324       0x10 c:/st/stm32cubeide_1.2.0/stm32cubeide/plugins/com.st.stm32cube.ide.mcu.externaltools.gnu-tools-for-stm32.7-2018-q2-update.win32_1.4.0.202007081208/tools/bin/../lib/gcc/arm-none-eabi/7.3.1/../../../../arm-none-eabi/lib/thumb/v7e-m/fpv4-sp/hard\libc_nano.a(lib_a-memset.o)
                0x0000000008007324                memset
 .text.putchar  0x0000000008007334       0x28 c:/st/stm32cubeide_1.2.0/stm32cubeide/plugins/com.st.stm32cube.ide.mcu.externaltools.gnu-tools-for-stm32.7-2018-q2-update.win32_1.4.0.202007081208/tools/bin/../lib/gcc/arm-none-eabi/7.3.1/../../../../arm-none-eabi/lib/thumb/v7e-m/fpv4-sp/hard\libc_nano.a(lib_a-putchar.o)
                0x0000000008007334                putchar
 .text._puts_r  0x000000000800735c       0xb8 c:/st/stm32cubeide_1.2.0/stm32cubeide/plugins/com.st.stm32cube.ide.mcu.externaltools.gnu-tools-for-stm32.7-2018-q2-update.win32_1.4.0.202007081208/tools/bin/../lib/gcc/arm-none-eabi/7.3.1/../../../../arm-none-eabi/lib/thumb/v7e-m/fpv4-sp/hard\libc_nano.a(lib_a-puts.o)
                0x000000000800735c                _puts_r
 .text.puts     0x0000000008007414       0x10 c:/st/stm32cubeide_1.2.0/stm32cubeide/plugins/com.st.stm32cube.ide.mcu.externaltools.gnu-tools-for-stm32.7-2018-q2-update.win32_1.4.0.202007081208/tools/bin/../lib/gcc/arm-none-eabi/7.3.1/../../../../arm-none-eabi/lib/thumb/v7e-m/fpv4-sp/hard\libc_nano.a(lib_a-puts.o)
                0x0000000008007414                puts
 .text.__swbuf_r
                0x0000000008007424       0xa4 c:/st/stm32cubeide_1.2.0/stm32cubeide/plugins/com.st.stm32cube.ide.mcu.externaltools.gnu-tools-for-stm32.7-2018-q2-update.win32_1.4.0.202007081208/tools/bin/../lib/gcc/arm-none-eabi/7.3.1/../../../../arm-none-eabi/lib/thumb/v7e-m/fpv4-sp/hard\libc_nano.a(lib_a-wbuf.o)
                0x0000000008007424                __swbuf_r
 .text.__swsetup_r
                0x00000000080074c8       0xdc c:/st/stm32cubeide_1.2.0/stm32cubeide/plugins/com.st.stm32cube.ide.mcu.externaltools.gnu-tools-for-stm32.7-2018-q2-update.win32_1.4.0.202007081208/tools/bin/../lib/gcc/arm-none-eabi/7.3.1/../../../../arm-none-eabi/lib/thumb/v7e-m/fpv4-sp/hard\libc_nano.a(lib_a-wsetup.o)
                0x00000000080074c8                __swsetup_r
 .text.__sflush_r
                0x00000000080075a4      0x10c c:/st/stm32cubeide_1.2.0/stm32cubeide/plugins/com.st.stm32cube.ide.mcu.externaltools.gnu-tools-for-stm32.7-2018-q2-update.win32_1.4.0.202007081208/tools/bin/../lib/gcc/arm-none-eabi/7.3.1/../../../../arm-none-eabi/lib/thumb/v7e-m/fpv4-sp/hard\libc_nano.a(lib_a-fflush.o)
                0x00000000080075a4                __sflush_r
 .text._fflush_r
                0x00000000080076b0       0x54 c:/st/stm32cubeide_1.2.0/stm32cubeide/plugins/com.st.stm32cube.ide.mcu.externaltools.gnu-tools-for-stm32.7-2018-q2-update.win32_1.4.0.202007081208/tools/bin/../lib/gcc/arm-none-eabi/7.3.1/../../../../arm-none-eabi/lib/thumb/v7e-m/fpv4-sp/hard\libc_nano.a(lib_a-fflush.o)
                0x00000000080076b0                _fflush_r
 .text.std      0x0000000008007704       0x48 c:/st/stm32cubeide_1.2.0/stm32cubeide/plugins/com.st.stm32cube.ide.mcu.externaltools.gnu-tools-for-stm32.7-2018-q2-update.win32_1.4.0.202007081208/tools/bin/../lib/gcc/arm-none-eabi/7.3.1/../../../../arm-none-eabi/lib/thumb/v7e-m/fpv4-sp/hard\libc_nano.a(lib_a-findfp.o)
 .text._cleanup_r
                0x000000000800774c        0xc c:/st/stm32cubeide_1.2.0/stm32cubeide/plugins/com.st.stm32cube.ide.mcu.externaltools.gnu-tools-for-stm32.7-2018-q2-update.win32_1.4.0.202007081208/tools/bin/../lib/gcc/arm-none-eabi/7.3.1/../../../../arm-none-eabi/lib/thumb/v7e-m/fpv4-sp/hard\libc_nano.a(lib_a-findfp.o)
                0x000000000800774c                _cleanup_r
 .text.__sfmoreglue
                0x0000000008007758       0x2c c:/st/stm32cubeide_1.2.0/stm32cubeide/plugins/com.st.stm32cube.ide.mcu.externaltools.gnu-tools-for-stm32.7-2018-q2-update.win32_1.4.0.202007081208/tools/bin/../lib/gcc/arm-none-eabi/7.3.1/../../../../arm-none-eabi/lib/thumb/v7e-m/fpv4-sp/hard\libc_nano.a(lib_a-findfp.o)
                0x0000000008007758                __sfmoreglue
 .text.__sinit  0x0000000008007784       0x60 c:/st/stm32cubeide_1.2.0/stm32cubeide/plugins/com.st.stm32cube.ide.mcu.externaltools.gnu-tools-for-stm32.7-2018-q2-update.win32_1.4.0.202007081208/tools/bin/../lib/gcc/arm-none-eabi/7.3.1/../../../../arm-none-eabi/lib/thumb/v7e-m/fpv4-sp/hard\libc_nano.a(lib_a-findfp.o)
                0x0000000008007784                __sinit
 .text.__sfp    0x00000000080077e4       0x78 c:/st/stm32cubeide_1.2.0/stm32cubeide/plugins/com.st.stm32cube.ide.mcu.externaltools.gnu-tools-for-stm32.7-2018-q2-update.win32_1.4.0.202007081208/tools/bin/../lib/gcc/arm-none-eabi/7.3.1/../../../../arm-none-eabi/lib/thumb/v7e-m/fpv4-sp/hard\libc_nano.a(lib_a-findfp.o)
                0x00000000080077e4                __sfp
 .text._fwalk_reent
                0x000000000800785c       0x3c c:/st/stm32cubeide_1.2.0/stm32cubeide/plugins/com.st.stm32cube.ide.mcu.externaltools.gnu-tools-for-stm32.7-2018-q2-update.win32_1.4.0.202007081208/tools/bin/../lib/gcc/arm-none-eabi/7.3.1/../../../../arm-none-eabi/lib/thumb/v7e-m/fpv4-sp/hard\libc_nano.a(lib_a-fwalk.o)
                0x000000000800785c                _fwalk_reent
 .text.__swhatbuf_r
                0x0000000008007898       0x48 c:/st/stm32cubeide_1.2.0/stm32cubeide/plugins/com.st.stm32cube.ide.mcu.externaltools.gnu-tools-for-stm32.7-2018-q2-update.win32_1.4.0.202007081208/tools/bin/../lib/gcc/arm-none-eabi/7.3.1/../../../../arm-none-eabi/lib/thumb/v7e-m/fpv4-sp/hard\libc_nano.a(lib_a-makebuf.o)
                0x0000000008007898                __swhatbuf_r
 .text.__smakebuf_r
                0x00000000080078e0       0x80 c:/st/stm32cubeide_1.2.0/stm32cubeide/plugins/com.st.stm32cube.ide.mcu.externaltools.gnu-tools-for-stm32.7-2018-q2-update.win32_1.4.0.202007081208/tools/bin/../lib/gcc/arm-none-eabi/7.3.1/../../../../arm-none-eabi/lib/thumb/v7e-m/fpv4-sp/hard\libc_nano.a(lib_a-makebuf.o)
                0x00000000080078e0                __smakebuf_r
 .text._free_r  0x0000000008007960       0x9c c:/st/stm32cubeide_1.2.0/stm32cubeide/plugins/com.st.stm32cube.ide.mcu.externaltools.gnu-tools-for-stm32.7-2018-q2-update.win32_1.4.0.202007081208/tools/bin/../lib/gcc/arm-none-eabi/7.3.1/../../../../arm-none-eabi/lib/thumb/v7e-m/fpv4-sp/hard\libc_nano.a(lib_a-nano-freer.o)
                0x0000000008007960                _free_r
 .text._malloc_r
                0x00000000080079fc       0xb4 c:/st/stm32cubeide_1.2.0/stm32cubeide/plugins/com.st.stm32cube.ide.mcu.externaltools.gnu-tools-for-stm32.7-2018-q2-update.win32_1.4.0.202007081208/tools/bin/../lib/gcc/arm-none-eabi/7.3.1/../../../../arm-none-eabi/lib/thumb/v7e-m/fpv4-sp/hard\libc_nano.a(lib_a-nano-mallocr.o)
                0x00000000080079fc                _malloc_r
 .text._putc_r  0x0000000008007ab0       0x6c c:/st/stm32cubeide_1.2.0/stm32cubeide/plugins/com.st.stm32cube.ide.mcu.externaltools.gnu-tools-for-stm32.7-2018-q2-update.win32_1.4.0.202007081208/tools/bin/../lib/gcc/arm-none-eabi/7.3.1/../../../../arm-none-eabi/lib/thumb/v7e-m/fpv4-sp/hard\libc_nano.a(lib_a-putc.o)
                0x0000000008007ab0                _putc_r
 .text._sbrk_r  0x0000000008007b1c       0x20 c:/st/stm32cubeide_1.2.0/stm32cubeide/plugins/com.st.stm32cube.ide.mcu.externaltools.gnu-tools-for-stm32.7-2018-q2-update.win32_1.4.0.202007081208/tools/bin/../lib/gcc/arm-none-eabi/7.3.1/../../../../arm-none-eabi/lib/thumb/v7e-m/fpv4-sp/hard\libc_nano.a(lib_a-sbrkr.o)
                0x0000000008007b1c                _sbrk_r
 .text.__sread  0x0000000008007b3c       0x22 c:/st/stm32cubeide_1.2.0/stm32cubeide/plugins/com.st.stm32cube.ide.mcu.externaltools.gnu-tools-for-stm32.7-2018-q2-update.win32_1.4.0.202007081208/tools/bin/../lib/gcc/arm-none-eabi/7.3.1/../../../../arm-none-eabi/lib/thumb/v7e-m/fpv4-sp/hard\libc_nano.a(lib_a-stdio.o)
                0x0000000008007b3c                __sread
 .text.__swrite
                0x0000000008007b5e       0x38 c:/st/stm32cubeide_1.2.0/stm32cubeide/plugins/com.st.stm32cube.ide.mcu.externaltools.gnu-tools-for-stm32.7-2018-q2-update.win32_1.4.0.202007081208/tools/bin/../lib/gcc/arm-none-eabi/7.3.1/../../../../arm-none-eabi/lib/thumb/v7e-m/fpv4-sp/hard\libc_nano.a(lib_a-stdio.o)
                0x0000000008007b5e                __swrite
 .text.__sseek  0x0000000008007b96       0x24 c:/st/stm32cubeide_1.2.0/stm32cubeide/plugins/com.st.stm32cube.ide.mcu.externaltools.gnu-tools-for-stm32.7-2018-q2-update.win32_1.4.0.202007081208/tools/bin/../lib/gcc/arm-none-eabi/7.3.1/../../../../arm-none-eabi/lib/thumb/v7e-m/fpv4-sp/hard\libc_nano.a(lib_a-stdio.o)
                0x0000000008007b96                __sseek
 .text.__sclose
                0x0000000008007bba        0x8 c:/st/stm32cubeide_1.2.0/stm32cubeide/plugins/com.st.stm32cube.ide.mcu.externaltools.gnu-tools-for-stm32.7-2018-q2-update.win32_1.4.0.202007081208/tools/bin/../lib/gcc/arm-none-eabi/7.3.1/../../../../arm-none-eabi/lib/thumb/v7e-m/fpv4-sp/hard\libc_nano.a(lib_a-stdio.o)
                0x0000000008007bba                __sclose
 *fill*         0x0000000008007bc2        0x2 
 .text._write_r
                0x0000000008007bc4       0x24 c:/st/stm32cubeide_1.2.0/stm32cubeide/plugins/com.st.stm32cube.ide.mcu.externaltools.gnu-tools-for-stm32.7-2018-q2-update.win32_1.4.0.202007081208/tools/bin/../lib/gcc/arm-none-eabi/7.3.1/../../../../arm-none-eabi/lib/thumb/v7e-m/fpv4-sp/hard\libc_nano.a(lib_a-writer.o)
                0x0000000008007bc4                _write_r
 .text._close_r
                0x0000000008007be8       0x20 c:/st/stm32cubeide_1.2.0/stm32cubeide/plugins/com.st.stm32cube.ide.mcu.externaltools.gnu-tools-for-stm32.7-2018-q2-update.win32_1.4.0.202007081208/tools/bin/../lib/gcc/arm-none-eabi/7.3.1/../../../../arm-none-eabi/lib/thumb/v7e-m/fpv4-sp/hard\libc_nano.a(lib_a-closer.o)
                0x0000000008007be8                _close_r
 .text._fstat_r
                0x0000000008007c08       0x24 c:/st/stm32cubeide_1.2.0/stm32cubeide/plugins/com.st.stm32cube.ide.mcu.externaltools.gnu-tools-for-stm32.7-2018-q2-update.win32_1.4.0.202007081208/tools/bin/../lib/gcc/arm-none-eabi/7.3.1/../../../../arm-none-eabi/lib/thumb/v7e-m/fpv4-sp/hard\libc_nano.a(lib_a-fstatr.o)
                0x0000000008007c08                _fstat_r
 .text._isatty_r
                0x0000000008007c2c       0x20 c:/st/stm32cubeide_1.2.0/stm32cubeide/plugins/com.st.stm32cube.ide.mcu.externaltools.gnu-tools-for-stm32.7-2018-q2-update.win32_1.4.0.202007081208/tools/bin/../lib/gcc/arm-none-eabi/7.3.1/../../../../arm-none-eabi/lib/thumb/v7e-m/fpv4-sp/hard\libc_nano.a(lib_a-isattyr.o)
                0x0000000008007c2c                _isatty_r
 .text._lseek_r
                0x0000000008007c4c       0x24 c:/st/stm32cubeide_1.2.0/stm32cubeide/plugins/com.st.stm32cube.ide.mcu.externaltools.gnu-tools-for-stm32.7-2018-q2-update.win32_1.4.0.202007081208/tools/bin/../lib/gcc/arm-none-eabi/7.3.1/../../../../arm-none-eabi/lib/thumb/v7e-m/fpv4-sp/hard\libc_nano.a(lib_a-lseekr.o)
                0x0000000008007c4c                _lseek_r
 .text.__malloc_lock
                0x0000000008007c70        0x2 c:/st/stm32cubeide_1.2.0/stm32cubeide/plugins/com.st.stm32cube.ide.mcu.externaltools.gnu-tools-for-stm32.7-2018-q2-update.win32_1.4.0.202007081208/tools/bin/../lib/gcc/arm-none-eabi/7.3.1/../../../../arm-none-eabi/lib/thumb/v7e-m/fpv4-sp/hard\libc_nano.a(lib_a-mlock.o)
                0x0000000008007c70                __malloc_lock
 .text.__malloc_unlock
                0x0000000008007c72        0x2 c:/st/stm32cubeide_1.2.0/stm32cubeide/plugins/com.st.stm32cube.ide.mcu.externaltools.gnu-tools-for-stm32.7-2018-q2-update.win32_1.4.0.202007081208/tools/bin/../lib/gcc/arm-none-eabi/7.3.1/../../../../arm-none-eabi/lib/thumb/v7e-m/fpv4-sp/hard\libc_nano.a(lib_a-mlock.o)
                0x0000000008007c72                __malloc_unlock
 .text._read_r  0x0000000008007c74       0x24 c:/st/stm32cubeide_1.2.0/stm32cubeide/plugins/com.st.stm32cube.ide.mcu.externaltools.gnu-tools-for-stm32.7-2018-q2-update.win32_1.4.0.202007081208/tools/bin/../lib/gcc/arm-none-eabi/7.3.1/../../../../arm-none-eabi/lib/thumb/v7e-m/fpv4-sp/hard\libc_nano.a(lib_a-readr.o)
                0x0000000008007c74                _read_r
 *(.glue_7)
 .glue_7        0x0000000008007c98        0x0 linker stubs
 *(.glue_7t)
 .glue_7t       0x0000000008007c98        0x0 linker stubs
 *(.eh_frame)
 .eh_frame      0x0000000008007c98        0x0 c:/st/stm32cubeide_1.2.0/stm32cubeide/plugins/com.st.stm32cube.ide.mcu.externaltools.gnu-tools-for-stm32.7-2018-q2-update.win32_1.4.0.202007081208/tools/bin/../lib/gcc/arm-none-eabi/7.3.1/thumb/v7e-m/fpv4-sp/hard/crtbegin.o
 *(.init)
 .init          0x0000000008007c98        0x4 c:/st/stm32cubeide_1.2.0/stm32cubeide/plugins/com.st.stm32cube.ide.mcu.externaltools.gnu-tools-for-stm32.7-2018-q2-update.win32_1.4.0.202007081208/tools/bin/../lib/gcc/arm-none-eabi/7.3.1/thumb/v7e-m/fpv4-sp/hard/crti.o
                0x0000000008007c98                _init
 .init          0x0000000008007c9c        0x8 c:/st/stm32cubeide_1.2.0/stm32cubeide/plugins/com.st.stm32cube.ide.mcu.externaltools.gnu-tools-for-stm32.7-2018-q2-update.win32_1.4.0.202007081208/tools/bin/../lib/gcc/arm-none-eabi/7.3.1/thumb/v7e-m/fpv4-sp/hard/crtn.o
 *(.fini)
 .fini          0x0000000008007ca4        0x4 c:/st/stm32cubeide_1.2.0/stm32cubeide/plugins/com.st.stm32cube.ide.mcu.externaltools.gnu-tools-for-stm32.7-2018-q2-update.win32_1.4.0.202007081208/tools/bin/../lib/gcc/arm-none-eabi/7.3.1/thumb/v7e-m/fpv4-sp/hard/crti.o
                0x0000000008007ca4                _fini
 .fini          0x0000000008007ca8        0x8 c:/st/stm32cubeide_1.2.0/stm32cubeide/plugins/com.st.stm32cube.ide.mcu.externaltools.gnu-tools-for-stm32.7-2018-q2-update.win32_1.4.0.202007081208/tools/bin/../lib/gcc/arm-none-eabi/7.3.1/thumb/v7e-m/fpv4-sp/hard/crtn.o
                0x0000000008007cb0                . = ALIGN (0x4)
                0x0000000008007cb0                _etext = .

.vfp11_veneer   0x0000000008007cb0        0x0
 .vfp11_veneer  0x0000000008007cb0        0x0 linker stubs

.v4_bx          0x0000000008007cb0        0x0
 .v4_bx         0x0000000008007cb0        0x0 linker stubs

.iplt           0x0000000008007cb0        0x0
 .iplt          0x0000000008007cb0        0x0 c:/st/stm32cubeide_1.2.0/stm32cubeide/plugins/com.st.stm32cube.ide.mcu.externaltools.gnu-tools-for-stm32.7-2018-q2-update.win32_1.4.0.202007081208/tools/bin/../lib/gcc/arm-none-eabi/7.3.1/thumb/v7e-m/fpv4-sp/hard/crtbegin.o

.rodata         0x0000000008007cb0     0x5108
                0x0000000008007cb0                . = ALIGN (0x4)
 *(.rodata)
 .rodata        0x0000000008007cb0        0xc Core/Src/main.o
 .rodata        0x0000000008007cbc       0x3b Drivers/STM32L4xx_HAL_Driver/Src/stm32l4xx_hal_cortex.o
 *fill*         0x0000000008007cf7        0x1 
 .rodata        0x0000000008007cf8       0x38 Drivers/STM32L4xx_HAL_Driver/Src/stm32l4xx_hal_dma.o
 .rodata        0x0000000008007d30       0x39 Drivers/STM32L4xx_HAL_Driver/Src/stm32l4xx_hal_gpio.o
 *fill*         0x0000000008007d69        0x3 
 .rodata        0x0000000008007d6c       0x38 Drivers/STM32L4xx_HAL_Driver/Src/stm32l4xx_hal_i2c.o
 .rodata        0x0000000008007da4       0x3b Drivers/STM32L4xx_HAL_Driver/Src/stm32l4xx_hal_i2c_ex.o
 *fill*         0x0000000008007ddf        0x1 
 .rodata        0x0000000008007de0       0x3b Drivers/STM32L4xx_HAL_Driver/Src/stm32l4xx_hal_pwr_ex.o
 *fill*         0x0000000008007e1b        0x1 
 .rodata        0x0000000008007e1c       0x38 Drivers/STM32L4xx_HAL_Driver/Src/stm32l4xx_hal_rcc.o
 .rodata        0x0000000008007e54       0x3b Drivers/STM32L4xx_HAL_Driver/Src/stm32l4xx_hal_rcc_ex.o
 *fill*         0x0000000008007e8f        0x1 
 .rodata        0x0000000008007e90       0x38 Drivers/STM32L4xx_HAL_Driver/Src/stm32l4xx_hal_spi.o
 .rodata        0x0000000008007ec8       0x39 Drivers/STM32L4xx_HAL_Driver/Src/stm32l4xx_hal_uart.o
 *fill*         0x0000000008007f01        0x3 
 .rodata        0x0000000008007f04       0x87 SSD7317Z/Src/SSD7317.o
 *fill*         0x0000000008007f8b        0x1 
 .rodata        0x0000000008007f8c       0x12 SSD7317Z/Src/rpc.o
 *(.rodata*)
 *fill*         0x0000000008007f9e        0x2 
 .rodata.image_data_Tahoma_12h_0x20
                0x0000000008007fa0        0xe Core/Src/main.o
 *fill*         0x0000000008007fae        0x2 
 .rodata.Tahoma_12h_0x20
                0x0000000008007fb0        0xc Core/Src/main.o
 .rodata.image_data_Tahoma_12h_0x21
                0x0000000008007fbc        0xe Core/Src/main.o
 *fill*         0x0000000008007fca        0x2 
 .rodata.Tahoma_12h_0x21
                0x0000000008007fcc        0xc Core/Src/main.o
 .rodata.image_data_Tahoma_12h_0x22
                0x0000000008007fd8        0xe Core/Src/main.o
 *fill*         0x0000000008007fe6        0x2 
 .rodata.Tahoma_12h_0x22
                0x0000000008007fe8        0xc Core/Src/main.o
 .rodata.image_data_Tahoma_12h_0x23
                0x0000000008007ff4       0x1c Core/Src/main.o
 .rodata.Tahoma_12h_0x23
                0x0000000008008010        0xc Core/Src/main.o
 .rodata.image_data_Tahoma_12h_0x24
                0x000000000800801c        0xe Core/Src/main.o
 *fill*         0x000000000800802a        0x2 
 .rodata.Tahoma_12h_0x24
                0x000000000800802c        0xc Core/Src/main.o
 .rodata.image_data_Tahoma_12h_0x25
                0x0000000008008038       0x1c Core/Src/main.o
 .rodata.Tahoma_12h_0x25
                0x0000000008008054        0xc Core/Src/main.o
 .rodata.image_data_Tahoma_12h_0x26
                0x0000000008008060        0xe Core/Src/main.o
 *fill*         0x000000000800806e        0x2 
 .rodata.Tahoma_12h_0x26
                0x0000000008008070        0xc Core/Src/main.o
 .rodata.image_data_Tahoma_12h_0x27
                0x000000000800807c        0xe Core/Src/main.o
 *fill*         0x000000000800808a        0x2 
 .rodata.Tahoma_12h_0x27
                0x000000000800808c        0xc Core/Src/main.o
 .rodata.image_data_Tahoma_12h_0x28
                0x0000000008008098        0xe Core/Src/main.o
 *fill*         0x00000000080080a6        0x2 
 .rodata.Tahoma_12h_0x28
                0x00000000080080a8        0xc Core/Src/main.o
 .rodata.image_data_Tahoma_12h_0x29
                0x00000000080080b4        0xe Core/Src/main.o
 *fill*         0x00000000080080c2        0x2 
 .rodata.Tahoma_12h_0x29
                0x00000000080080c4        0xc Core/Src/main.o
 .rodata.image_data_Tahoma_12h_0x2a
                0x00000000080080d0        0xe Core/Src/main.o
 *fill*         0x00000000080080de        0x2 
 .rodata.Tahoma_12h_0x2a
                0x00000000080080e0        0xc Core/Src/main.o
 .rodata.image_data_Tahoma_12h_0x2b
                0x00000000080080ec        0xe Core/Src/main.o
 *fill*         0x00000000080080fa        0x2 
 .rodata.Tahoma_12h_0x2b
                0x00000000080080fc        0xc Core/Src/main.o
 .rodata.image_data_Tahoma_12h_0x2c
                0x0000000008008108        0xe Core/Src/main.o
 *fill*         0x0000000008008116        0x2 
 .rodata.Tahoma_12h_0x2c
                0x0000000008008118        0xc Core/Src/main.o
 .rodata.image_data_Tahoma_12h_0x2d
                0x0000000008008124        0xe Core/Src/main.o
 *fill*         0x0000000008008132        0x2 
 .rodata.Tahoma_12h_0x2d
                0x0000000008008134        0xc Core/Src/main.o
 .rodata.image_data_Tahoma_12h_0x2e
                0x0000000008008140        0xe Core/Src/main.o
 *fill*         0x000000000800814e        0x2 
 .rodata.Tahoma_12h_0x2e
                0x0000000008008150        0xc Core/Src/main.o
 .rodata.image_data_Tahoma_12h_0x2f
                0x000000000800815c        0xe Core/Src/main.o
 *fill*         0x000000000800816a        0x2 
 .rodata.Tahoma_12h_0x2f
                0x000000000800816c        0xc Core/Src/main.o
 .rodata.image_data_Tahoma_12h_0x30
                0x0000000008008178        0xe Core/Src/main.o
 *fill*         0x0000000008008186        0x2 
 .rodata.Tahoma_12h_0x30
                0x0000000008008188        0xc Core/Src/main.o
 .rodata.image_data_Tahoma_12h_0x31
                0x0000000008008194        0xe Core/Src/main.o
 *fill*         0x00000000080081a2        0x2 
 .rodata.Tahoma_12h_0x31
                0x00000000080081a4        0xc Core/Src/main.o
 .rodata.image_data_Tahoma_12h_0x32
                0x00000000080081b0        0xe Core/Src/main.o
 *fill*         0x00000000080081be        0x2 
 .rodata.Tahoma_12h_0x32
                0x00000000080081c0        0xc Core/Src/main.o
 .rodata.image_data_Tahoma_12h_0x33
                0x00000000080081cc        0xe Core/Src/main.o
 *fill*         0x00000000080081da        0x2 
 .rodata.Tahoma_12h_0x33
                0x00000000080081dc        0xc Core/Src/main.o
 .rodata.image_data_Tahoma_12h_0x34
                0x00000000080081e8        0xe Core/Src/main.o
 *fill*         0x00000000080081f6        0x2 
 .rodata.Tahoma_12h_0x34
                0x00000000080081f8        0xc Core/Src/main.o
 .rodata.image_data_Tahoma_12h_0x35
                0x0000000008008204        0xe Core/Src/main.o
 *fill*         0x0000000008008212        0x2 
 .rodata.Tahoma_12h_0x35
                0x0000000008008214        0xc Core/Src/main.o
 .rodata.image_data_Tahoma_12h_0x36
                0x0000000008008220        0xe Core/Src/main.o
 *fill*         0x000000000800822e        0x2 
 .rodata.Tahoma_12h_0x36
                0x0000000008008230        0xc Core/Src/main.o
 .rodata.image_data_Tahoma_12h_0x37
                0x000000000800823c        0xe Core/Src/main.o
 *fill*         0x000000000800824a        0x2 
 .rodata.Tahoma_12h_0x37
                0x000000000800824c        0xc Core/Src/main.o
 .rodata.image_data_Tahoma_12h_0x38
                0x0000000008008258        0xe Core/Src/main.o
 *fill*         0x0000000008008266        0x2 
 .rodata.Tahoma_12h_0x38
                0x0000000008008268        0xc Core/Src/main.o
 .rodata.image_data_Tahoma_12h_0x39
                0x0000000008008274        0xe Core/Src/main.o
 *fill*         0x0000000008008282        0x2 
 .rodata.Tahoma_12h_0x39
                0x0000000008008284        0xc Core/Src/main.o
 .rodata.image_data_Tahoma_12h_0x3a
                0x0000000008008290        0xe Core/Src/main.o
 *fill*         0x000000000800829e        0x2 
 .rodata.Tahoma_12h_0x3a
                0x00000000080082a0        0xc Core/Src/main.o
 .rodata.image_data_Tahoma_12h_0x3b
                0x00000000080082ac        0xe Core/Src/main.o
 *fill*         0x00000000080082ba        0x2 
 .rodata.Tahoma_12h_0x3b
                0x00000000080082bc        0xc Core/Src/main.o
 .rodata.image_data_Tahoma_12h_0x3c
                0x00000000080082c8       0x1c Core/Src/main.o
 .rodata.Tahoma_12h_0x3c
                0x00000000080082e4        0xc Core/Src/main.o
 .rodata.image_data_Tahoma_12h_0x3d
                0x00000000080082f0       0x1c Core/Src/main.o
 .rodata.Tahoma_12h_0x3d
                0x000000000800830c        0xc Core/Src/main.o
 .rodata.image_data_Tahoma_12h_0x3e
                0x0000000008008318       0x1c Core/Src/main.o
 .rodata.Tahoma_12h_0x3e
                0x0000000008008334        0xc Core/Src/main.o
 .rodata.image_data_Tahoma_12h_0x3f
                0x0000000008008340        0xe Core/Src/main.o
 *fill*         0x000000000800834e        0x2 
 .rodata.Tahoma_12h_0x3f
                0x0000000008008350        0xc Core/Src/main.o
 .rodata.image_data_Tahoma_12h_0x40
                0x000000000800835c       0x1c Core/Src/main.o
 .rodata.Tahoma_12h_0x40
                0x0000000008008378        0xc Core/Src/main.o
 .rodata.image_data_Tahoma_12h_0x41
                0x0000000008008384        0xe Core/Src/main.o
 *fill*         0x0000000008008392        0x2 
 .rodata.Tahoma_12h_0x41
                0x0000000008008394        0xc Core/Src/main.o
 .rodata.image_data_Tahoma_12h_0x42
                0x00000000080083a0        0xe Core/Src/main.o
 *fill*         0x00000000080083ae        0x2 
 .rodata.Tahoma_12h_0x42
                0x00000000080083b0        0xc Core/Src/main.o
 .rodata.image_data_Tahoma_12h_0x43
                0x00000000080083bc        0xe Core/Src/main.o
 *fill*         0x00000000080083ca        0x2 
 .rodata.Tahoma_12h_0x43
                0x00000000080083cc        0xc Core/Src/main.o
 .rodata.image_data_Tahoma_12h_0x44
                0x00000000080083d8        0xe Core/Src/main.o
 *fill*         0x00000000080083e6        0x2 
 .rodata.Tahoma_12h_0x44
                0x00000000080083e8        0xc Core/Src/main.o
 .rodata.image_data_Tahoma_12h_0x45
                0x00000000080083f4        0xe Core/Src/main.o
 *fill*         0x0000000008008402        0x2 
 .rodata.Tahoma_12h_0x45
                0x0000000008008404        0xc Core/Src/main.o
 .rodata.image_data_Tahoma_12h_0x46
                0x0000000008008410        0xe Core/Src/main.o
 *fill*         0x000000000800841e        0x2 
 .rodata.Tahoma_12h_0x46
                0x0000000008008420        0xc Core/Src/main.o
 .rodata.image_data_Tahoma_12h_0x47
                0x000000000800842c        0xe Core/Src/main.o
 *fill*         0x000000000800843a        0x2 
 .rodata.Tahoma_12h_0x47
                0x000000000800843c        0xc Core/Src/main.o
 .rodata.image_data_Tahoma_12h_0x48
                0x0000000008008448        0xe Core/Src/main.o
 *fill*         0x0000000008008456        0x2 
 .rodata.Tahoma_12h_0x48
                0x0000000008008458        0xc Core/Src/main.o
 .rodata.image_data_Tahoma_12h_0x49
                0x0000000008008464        0xe Core/Src/main.o
 *fill*         0x0000000008008472        0x2 
 .rodata.Tahoma_12h_0x49
                0x0000000008008474        0xc Core/Src/main.o
 .rodata.image_data_Tahoma_12h_0x4a
                0x0000000008008480        0xe Core/Src/main.o
 *fill*         0x000000000800848e        0x2 
 .rodata.Tahoma_12h_0x4a
                0x0000000008008490        0xc Core/Src/main.o
 .rodata.image_data_Tahoma_12h_0x4b
                0x000000000800849c        0xe Core/Src/main.o
 *fill*         0x00000000080084aa        0x2 
 .rodata.Tahoma_12h_0x4b
                0x00000000080084ac        0xc Core/Src/main.o
 .rodata.image_data_Tahoma_12h_0x4c
                0x00000000080084b8        0xe Core/Src/main.o
 *fill*         0x00000000080084c6        0x2 
 .rodata.Tahoma_12h_0x4c
                0x00000000080084c8        0xc Core/Src/main.o
 .rodata.image_data_Tahoma_12h_0x4d
                0x00000000080084d4       0x1c Core/Src/main.o
 .rodata.Tahoma_12h_0x4d
                0x00000000080084f0        0xc Core/Src/main.o
 .rodata.image_data_Tahoma_12h_0x4e
                0x00000000080084fc        0xe Core/Src/main.o
 *fill*         0x000000000800850a        0x2 
 .rodata.Tahoma_12h_0x4e
                0x000000000800850c        0xc Core/Src/main.o
 .rodata.image_data_Tahoma_12h_0x4f
                0x0000000008008518       0x1c Core/Src/main.o
 .rodata.Tahoma_12h_0x4f
                0x0000000008008534        0xc Core/Src/main.o
 .rodata.image_data_Tahoma_12h_0x50
                0x0000000008008540        0xe Core/Src/main.o
 *fill*         0x000000000800854e        0x2 
 .rodata.Tahoma_12h_0x50
                0x0000000008008550        0xc Core/Src/main.o
 .rodata.image_data_Tahoma_12h_0x51
                0x000000000800855c       0x1c Core/Src/main.o
 .rodata.Tahoma_12h_0x51
                0x0000000008008578        0xc Core/Src/main.o
 .rodata.image_data_Tahoma_12h_0x52
                0x0000000008008584        0xe Core/Src/main.o
 *fill*         0x0000000008008592        0x2 
 .rodata.Tahoma_12h_0x52
                0x0000000008008594        0xc Core/Src/main.o
 .rodata.image_data_Tahoma_12h_0x53
                0x00000000080085a0        0xe Core/Src/main.o
 *fill*         0x00000000080085ae        0x2 
 .rodata.Tahoma_12h_0x53
                0x00000000080085b0        0xc Core/Src/main.o
 .rodata.image_data_Tahoma_12h_0x54
                0x00000000080085bc        0xe Core/Src/main.o
 *fill*         0x00000000080085ca        0x2 
 .rodata.Tahoma_12h_0x54
                0x00000000080085cc        0xc Core/Src/main.o
 .rodata.image_data_Tahoma_12h_0x55
                0x00000000080085d8        0xe Core/Src/main.o
 *fill*         0x00000000080085e6        0x2 
 .rodata.Tahoma_12h_0x55
                0x00000000080085e8        0xc Core/Src/main.o
 .rodata.image_data_Tahoma_12h_0x56
                0x00000000080085f4        0xe Core/Src/main.o
 *fill*         0x0000000008008602        0x2 
 .rodata.Tahoma_12h_0x56
                0x0000000008008604        0xc Core/Src/main.o
 .rodata.image_data_Tahoma_12h_0x57
                0x0000000008008610       0x1c Core/Src/main.o
 .rodata.Tahoma_12h_0x57
                0x000000000800862c        0xc Core/Src/main.o
 .rodata.image_data_Tahoma_12h_0x58
                0x0000000008008638        0xe Core/Src/main.o
 *fill*         0x0000000008008646        0x2 
 .rodata.Tahoma_12h_0x58
                0x0000000008008648        0xc Core/Src/main.o
 .rodata.image_data_Tahoma_12h_0x59
                0x0000000008008654        0xe Core/Src/main.o
 *fill*         0x0000000008008662        0x2 
 .rodata.Tahoma_12h_0x59
                0x0000000008008664        0xc Core/Src/main.o
 .rodata.image_data_Tahoma_12h_0x5a
                0x0000000008008670        0xe Core/Src/main.o
 *fill*         0x000000000800867e        0x2 
 .rodata.Tahoma_12h_0x5a
                0x0000000008008680        0xc Core/Src/main.o
 .rodata.image_data_Tahoma_12h_0x5b
                0x000000000800868c        0xe Core/Src/main.o
 *fill*         0x000000000800869a        0x2 
 .rodata.Tahoma_12h_0x5b
                0x000000000800869c        0xc Core/Src/main.o
 .rodata.image_data_Tahoma_12h_0x5c
                0x00000000080086a8        0xe Core/Src/main.o
 *fill*         0x00000000080086b6        0x2 
 .rodata.Tahoma_12h_0x5c
                0x00000000080086b8        0xc Core/Src/main.o
 .rodata.image_data_Tahoma_12h_0x5d
                0x00000000080086c4        0xe Core/Src/main.o
 *fill*         0x00000000080086d2        0x2 
 .rodata.Tahoma_12h_0x5d
                0x00000000080086d4        0xc Core/Src/main.o
 .rodata.image_data_Tahoma_12h_0x5e
                0x00000000080086e0       0x1c Core/Src/main.o
 .rodata.Tahoma_12h_0x5e
                0x00000000080086fc        0xc Core/Src/main.o
 .rodata.image_data_Tahoma_12h_0x5f
                0x0000000008008708        0xe Core/Src/main.o
 *fill*         0x0000000008008716        0x2 
 .rodata.Tahoma_12h_0x5f
                0x0000000008008718        0xc Core/Src/main.o
 .rodata.image_data_Tahoma_12h_0x60
                0x0000000008008724        0xe Core/Src/main.o
 *fill*         0x0000000008008732        0x2 
 .rodata.Tahoma_12h_0x60
                0x0000000008008734        0xc Core/Src/main.o
 .rodata.image_data_Tahoma_12h_0x61
                0x0000000008008740        0xe Core/Src/main.o
 *fill*         0x000000000800874e        0x2 
 .rodata.Tahoma_12h_0x61
                0x0000000008008750        0xc Core/Src/main.o
 .rodata.image_data_Tahoma_12h_0x62
                0x000000000800875c        0xe Core/Src/main.o
 *fill*         0x000000000800876a        0x2 
 .rodata.Tahoma_12h_0x62
                0x000000000800876c        0xc Core/Src/main.o
 .rodata.image_data_Tahoma_12h_0x63
                0x0000000008008778        0xe Core/Src/main.o
 *fill*         0x0000000008008786        0x2 
 .rodata.Tahoma_12h_0x63
                0x0000000008008788        0xc Core/Src/main.o
 .rodata.image_data_Tahoma_12h_0x64
                0x0000000008008794        0xe Core/Src/main.o
 *fill*         0x00000000080087a2        0x2 
 .rodata.Tahoma_12h_0x64
                0x00000000080087a4        0xc Core/Src/main.o
 .rodata.image_data_Tahoma_12h_0x65
                0x00000000080087b0        0xe Core/Src/main.o
 *fill*         0x00000000080087be        0x2 
 .rodata.Tahoma_12h_0x65
                0x00000000080087c0        0xc Core/Src/main.o
 .rodata.image_data_Tahoma_12h_0x66
                0x00000000080087cc        0xe Core/Src/main.o
 *fill*         0x00000000080087da        0x2 
 .rodata.Tahoma_12h_0x66
                0x00000000080087dc        0xc Core/Src/main.o
 .rodata.image_data_Tahoma_12h_0x67
                0x00000000080087e8        0xe Core/Src/main.o
 *fill*         0x00000000080087f6        0x2 
 .rodata.Tahoma_12h_0x67
                0x00000000080087f8        0xc Core/Src/main.o
 .rodata.image_data_Tahoma_12h_0x68
                0x0000000008008804        0xe Core/Src/main.o
 *fill*         0x0000000008008812        0x2 
 .rodata.Tahoma_12h_0x68
                0x0000000008008814        0xc Core/Src/main.o
 .rodata.image_data_Tahoma_12h_0x69
                0x0000000008008820        0xe Core/Src/main.o
 *fill*         0x000000000800882e        0x2 
 .rodata.Tahoma_12h_0x69
                0x0000000008008830        0xc Core/Src/main.o
 .rodata.image_data_Tahoma_12h_0x6a
                0x000000000800883c        0xe Core/Src/main.o
 *fill*         0x000000000800884a        0x2 
 .rodata.Tahoma_12h_0x6a
                0x000000000800884c        0xc Core/Src/main.o
 .rodata.image_data_Tahoma_12h_0x6b
                0x0000000008008858        0xe Core/Src/main.o
 *fill*         0x0000000008008866        0x2 
 .rodata.Tahoma_12h_0x6b
                0x0000000008008868        0xc Core/Src/main.o
 .rodata.image_data_Tahoma_12h_0x6c
                0x0000000008008874        0xe Core/Src/main.o
 *fill*         0x0000000008008882        0x2 
 .rodata.Tahoma_12h_0x6c
                0x0000000008008884        0xc Core/Src/main.o
 .rodata.image_data_Tahoma_12h_0x6d
                0x0000000008008890       0x1c Core/Src/main.o
 .rodata.Tahoma_12h_0x6d
                0x00000000080088ac        0xc Core/Src/main.o
 .rodata.image_data_Tahoma_12h_0x6e
                0x00000000080088b8        0xe Core/Src/main.o
 *fill*         0x00000000080088c6        0x2 
 .rodata.Tahoma_12h_0x6e
                0x00000000080088c8        0xc Core/Src/main.o
 .rodata.image_data_Tahoma_12h_0x6f
                0x00000000080088d4        0xe Core/Src/main.o
 *fill*         0x00000000080088e2        0x2 
 .rodata.Tahoma_12h_0x6f
                0x00000000080088e4        0xc Core/Src/main.o
 .rodata.image_data_Tahoma_12h_0x70
                0x00000000080088f0        0xe Core/Src/main.o
 *fill*         0x00000000080088fe        0x2 
 .rodata.Tahoma_12h_0x70
                0x0000000008008900        0xc Core/Src/main.o
 .rodata.image_data_Tahoma_12h_0x71
                0x000000000800890c        0xe Core/Src/main.o
 *fill*         0x000000000800891a        0x2 
 .rodata.Tahoma_12h_0x71
                0x000000000800891c        0xc Core/Src/main.o
 .rodata.image_data_Tahoma_12h_0x72
                0x0000000008008928        0xe Core/Src/main.o
 *fill*         0x0000000008008936        0x2 
 .rodata.Tahoma_12h_0x72
                0x0000000008008938        0xc Core/Src/main.o
 .rodata.image_data_Tahoma_12h_0x73
                0x0000000008008944        0xe Core/Src/main.o
 *fill*         0x0000000008008952        0x2 
 .rodata.Tahoma_12h_0x73
                0x0000000008008954        0xc Core/Src/main.o
 .rodata.image_data_Tahoma_12h_0x74
                0x0000000008008960        0xe Core/Src/main.o
 *fill*         0x000000000800896e        0x2 
 .rodata.Tahoma_12h_0x74
                0x0000000008008970        0xc Core/Src/main.o
 .rodata.image_data_Tahoma_12h_0x75
                0x000000000800897c        0xe Core/Src/main.o
 *fill*         0x000000000800898a        0x2 
 .rodata.Tahoma_12h_0x75
                0x000000000800898c        0xc Core/Src/main.o
 .rodata.image_data_Tahoma_12h_0x76
                0x0000000008008998        0xe Core/Src/main.o
 *fill*         0x00000000080089a6        0x2 
 .rodata.Tahoma_12h_0x76
                0x00000000080089a8        0xc Core/Src/main.o
 .rodata.image_data_Tahoma_12h_0x77
                0x00000000080089b4       0x1c Core/Src/main.o
 .rodata.Tahoma_12h_0x77
                0x00000000080089d0        0xc Core/Src/main.o
 .rodata.image_data_Tahoma_12h_0x78
                0x00000000080089dc        0xe Core/Src/main.o
 *fill*         0x00000000080089ea        0x2 
 .rodata.Tahoma_12h_0x78
                0x00000000080089ec        0xc Core/Src/main.o
 .rodata.image_data_Tahoma_12h_0x79
                0x00000000080089f8        0xe Core/Src/main.o
 *fill*         0x0000000008008a06        0x2 
 .rodata.Tahoma_12h_0x79
                0x0000000008008a08        0xc Core/Src/main.o
 .rodata.image_data_Tahoma_12h_0x7a
                0x0000000008008a14        0xe Core/Src/main.o
 *fill*         0x0000000008008a22        0x2 
 .rodata.Tahoma_12h_0x7a
                0x0000000008008a24        0xc Core/Src/main.o
 .rodata.image_data_Tahoma_12h_0x7b
                0x0000000008008a30        0xe Core/Src/main.o
 *fill*         0x0000000008008a3e        0x2 
 .rodata.Tahoma_12h_0x7b
                0x0000000008008a40        0xc Core/Src/main.o
 .rodata.image_data_Tahoma_12h_0x7c
                0x0000000008008a4c        0xe Core/Src/main.o
 *fill*         0x0000000008008a5a        0x2 
 .rodata.Tahoma_12h_0x7c
                0x0000000008008a5c        0xc Core/Src/main.o
 .rodata.image_data_Tahoma_12h_0x7d
                0x0000000008008a68        0xe Core/Src/main.o
 *fill*         0x0000000008008a76        0x2 
 .rodata.Tahoma_12h_0x7d
                0x0000000008008a78        0xc Core/Src/main.o
 .rodata.image_data_Tahoma_12h_0x7e
                0x0000000008008a84       0x1c Core/Src/main.o
 .rodata.Tahoma_12h_0x7e
                0x0000000008008aa0        0xc Core/Src/main.o
 .rodata.Tahoma_12h_array
                0x0000000008008aac      0x2f8 Core/Src/main.o
 .rodata.Tahoma_12h
                0x0000000008008da4        0x8 Core/Src/main.o
                0x0000000008008da4                Tahoma_12h
 .rodata.AHBPrescTable
                0x0000000008008dac       0x10 Core/Src/system_stm32l4xx.o
                0x0000000008008dac                AHBPrescTable
 .rodata.APBPrescTable
                0x0000000008008dbc        0x8 Core/Src/system_stm32l4xx.o
                0x0000000008008dbc                APBPrescTable
 .rodata.MSIRangeTable
                0x0000000008008dc4       0x30 Core/Src/system_stm32l4xx.o
                0x0000000008008dc4                MSIRangeTable
 .rodata.SSD7317_INIT_TBL
                0x0000000008008df4       0x2b SSD7317Z/Src/SSD7317.o
 *fill*         0x0000000008008e1f        0x1 
 .rodata.PM_content
                0x0000000008008e20     0x3000 SSD7317Z/Src/SSD7317_Init_Table.o
 .rodata.TM_content
                0x000000000800be20      0x734 SSD7317Z/Src/SSD7317_Init_Table.o
 .rodata.DM_content
                0x000000000800c554      0x800 SSD7317Z/Src/SSD7317_Init_Table.o
 .rodata._global_impure_ptr
                0x000000000800cd54        0x4 c:/st/stm32cubeide_1.2.0/stm32cubeide/plugins/com.st.stm32cube.ide.mcu.externaltools.gnu-tools-for-stm32.7-2018-q2-update.win32_1.4.0.202007081208/tools/bin/../lib/gcc/arm-none-eabi/7.3.1/../../../../arm-none-eabi/lib/thumb/v7e-m/fpv4-sp/hard\libc_nano.a(lib_a-impure.o)
                0x000000000800cd54                _global_impure_ptr
 .rodata.__sf_fake_stderr
                0x000000000800cd58       0x20 c:/st/stm32cubeide_1.2.0/stm32cubeide/plugins/com.st.stm32cube.ide.mcu.externaltools.gnu-tools-for-stm32.7-2018-q2-update.win32_1.4.0.202007081208/tools/bin/../lib/gcc/arm-none-eabi/7.3.1/../../../../arm-none-eabi/lib/thumb/v7e-m/fpv4-sp/hard\libc_nano.a(lib_a-findfp.o)
                0x000000000800cd58                __sf_fake_stderr
 .rodata.__sf_fake_stdin
                0x000000000800cd78       0x20 c:/st/stm32cubeide_1.2.0/stm32cubeide/plugins/com.st.stm32cube.ide.mcu.externaltools.gnu-tools-for-stm32.7-2018-q2-update.win32_1.4.0.202007081208/tools/bin/../lib/gcc/arm-none-eabi/7.3.1/../../../../arm-none-eabi/lib/thumb/v7e-m/fpv4-sp/hard\libc_nano.a(lib_a-findfp.o)
                0x000000000800cd78                __sf_fake_stdin
 .rodata.__sf_fake_stdout
                0x000000000800cd98       0x20 c:/st/stm32cubeide_1.2.0/stm32cubeide/plugins/com.st.stm32cube.ide.mcu.externaltools.gnu-tools-for-stm32.7-2018-q2-update.win32_1.4.0.202007081208/tools/bin/../lib/gcc/arm-none-eabi/7.3.1/../../../../arm-none-eabi/lib/thumb/v7e-m/fpv4-sp/hard\libc_nano.a(lib_a-findfp.o)
                0x000000000800cd98                __sf_fake_stdout
                0x000000000800cdb8                . = ALIGN (0x4)

.ARM.extab      0x000000000800cdb8        0x0
                0x000000000800cdb8                . = ALIGN (0x4)
 *(.ARM.extab* .gnu.linkonce.armextab.*)
                0x000000000800cdb8                . = ALIGN (0x4)

.ARM            0x000000000800cdb8        0x8
                0x000000000800cdb8                . = ALIGN (0x4)
                0x000000000800cdb8                __exidx_start = .
 *(.ARM.exidx*)
 .ARM.exidx     0x000000000800cdb8        0x8 c:/st/stm32cubeide_1.2.0/stm32cubeide/plugins/com.st.stm32cube.ide.mcu.externaltools.gnu-tools-for-stm32.7-2018-q2-update.win32_1.4.0.202007081208/tools/bin/../lib/gcc/arm-none-eabi/7.3.1/thumb/v7e-m/fpv4-sp/hard\libgcc.a(_udivmoddi4.o)
                0x000000000800cdc0                __exidx_end = .
                0x000000000800cdc0                . = ALIGN (0x4)

.rel.dyn        0x000000000800cdc0        0x0
 .rel.iplt      0x000000000800cdc0        0x0 c:/st/stm32cubeide_1.2.0/stm32cubeide/plugins/com.st.stm32cube.ide.mcu.externaltools.gnu-tools-for-stm32.7-2018-q2-update.win32_1.4.0.202007081208/tools/bin/../lib/gcc/arm-none-eabi/7.3.1/thumb/v7e-m/fpv4-sp/hard/crtbegin.o

.preinit_array  0x000000000800cdc0        0x0
                0x000000000800cdc0                . = ALIGN (0x4)
                0x000000000800cdc0                PROVIDE (__preinit_array_start = .)
 *(.preinit_array*)
                0x000000000800cdc0                PROVIDE (__preinit_array_end = .)
                0x000000000800cdc0                . = ALIGN (0x4)

.init_array     0x000000000800cdc0        0x4
                0x000000000800cdc0                . = ALIGN (0x4)
                0x000000000800cdc0                PROVIDE (__init_array_start = .)
 *(SORT_BY_NAME(.init_array.*))
 *(.init_array*)
 .init_array    0x000000000800cdc0        0x4 c:/st/stm32cubeide_1.2.0/stm32cubeide/plugins/com.st.stm32cube.ide.mcu.externaltools.gnu-tools-for-stm32.7-2018-q2-update.win32_1.4.0.202007081208/tools/bin/../lib/gcc/arm-none-eabi/7.3.1/thumb/v7e-m/fpv4-sp/hard/crtbegin.o
                0x000000000800cdc4                PROVIDE (__init_array_end = .)
                0x000000000800cdc4                . = ALIGN (0x4)

.fini_array     0x000000000800cdc4        0x4
                0x000000000800cdc4                . = ALIGN (0x4)
                [!provide]                        PROVIDE (__fini_array_start = .)
 *(SORT_BY_NAME(.fini_array.*))
 *(.fini_array*)
 .fini_array    0x000000000800cdc4        0x4 c:/st/stm32cubeide_1.2.0/stm32cubeide/plugins/com.st.stm32cube.ide.mcu.externaltools.gnu-tools-for-stm32.7-2018-q2-update.win32_1.4.0.202007081208/tools/bin/../lib/gcc/arm-none-eabi/7.3.1/thumb/v7e-m/fpv4-sp/hard/crtbegin.o
                [!provide]                        PROVIDE (__fini_array_end = .)
                0x000000000800cdc8                . = ALIGN (0x4)
                0x000000000800cdc8                _sidata = LOADADDR (.data)

.data           0x0000000020000000       0x94 load address 0x000000000800cdc8
                0x0000000020000000                . = ALIGN (0x4)
                0x0000000020000000                _sdata = .
 *(.data)
 *(.data*)
 .data.SystemCoreClock
                0x0000000020000000        0x4 Core/Src/system_stm32l4xx.o
                0x0000000020000000                SystemCoreClock
 .data.uwTickPrio
                0x0000000020000004        0x4 Drivers/STM32L4xx_HAL_Driver/Src/stm32l4xx_hal.o
                0x0000000020000004                uwTickPrio
 .data.uwTickFreq
                0x0000000020000008        0x1 Drivers/STM32L4xx_HAL_Driver/Src/stm32l4xx_hal.o
                0x0000000020000008                uwTickFreq
 *fill*         0x0000000020000009        0x3 
 .data.FW_PM    0x000000002000000c        0xc SSD7317Z/Src/SSD7317_Init_Table.o
                0x000000002000000c                FW_PM
 .data.FW_TM    0x0000000020000018        0xc SSD7317Z/Src/SSD7317_Init_Table.o
                0x0000000020000018                FW_TM
 .data.FW_DM    0x0000000020000024        0xc SSD7317Z/Src/SSD7317_Init_Table.o
                0x0000000020000024                FW_DM
 .data._impure_ptr
                0x0000000020000030        0x4 c:/st/stm32cubeide_1.2.0/stm32cubeide/plugins/com.st.stm32cube.ide.mcu.externaltools.gnu-tools-for-stm32.7-2018-q2-update.win32_1.4.0.202007081208/tools/bin/../lib/gcc/arm-none-eabi/7.3.1/../../../../arm-none-eabi/lib/thumb/v7e-m/fpv4-sp/hard\libc_nano.a(lib_a-impure.o)
                0x0000000020000030                _impure_ptr
 .data.impure_data
                0x0000000020000034       0x60 c:/st/stm32cubeide_1.2.0/stm32cubeide/plugins/com.st.stm32cube.ide.mcu.externaltools.gnu-tools-for-stm32.7-2018-q2-update.win32_1.4.0.202007081208/tools/bin/../lib/gcc/arm-none-eabi/7.3.1/../../../../arm-none-eabi/lib/thumb/v7e-m/fpv4-sp/hard\libc_nano.a(lib_a-impure.o)
                0x0000000020000094                . = ALIGN (0x4)
                0x0000000020000094                _edata = .

.igot.plt       0x0000000020000094        0x0 load address 0x000000000800ce5c
 .igot.plt      0x0000000020000094        0x0 c:/st/stm32cubeide_1.2.0/stm32cubeide/plugins/com.st.stm32cube.ide.mcu.externaltools.gnu-tools-for-stm32.7-2018-q2-update.win32_1.4.0.202007081208/tools/bin/../lib/gcc/arm-none-eabi/7.3.1/thumb/v7e-m/fpv4-sp/hard/crtbegin.o
                0x0000000020000094                . = ALIGN (0x4)

.bss            0x0000000020000094      0x9fc load address 0x000000000800ce5c
                0x0000000020000094                _sbss = .
                0x0000000020000094                __bss_start__ = _sbss
 *(.bss)
 .bss           0x0000000020000094       0x1c c:/st/stm32cubeide_1.2.0/stm32cubeide/plugins/com.st.stm32cube.ide.mcu.externaltools.gnu-tools-for-stm32.7-2018-q2-update.win32_1.4.0.202007081208/tools/bin/../lib/gcc/arm-none-eabi/7.3.1/thumb/v7e-m/fpv4-sp/hard/crtbegin.o
 *(.bss*)
 .bss.__sbrk_heap_end
                0x00000000200000b0        0x4 Core/Src/sysmem.o
 .bss.touch_event_flag
                0x00000000200000b4        0x1 SSD7317Z/Src/SSD7317.o
 .bss.fb_flush_pending
                0x00000000200000b5        0x1 SSD7317Z/Src/SSD7317.o
 *fill*         0x00000000200000b6        0x2 
 .bss.hspi1     0x00000000200000b8       0x64 SSD7317Z/Src/SSD7317.o
 .bss.hi2c1     0x000000002000011c       0x4c SSD7317Z/Src/SSD7317.o
 .bss.fb_flush_area
                0x0000000020000168        0x8 SSD7317Z/Src/SSD7317.o
 .bss.rpc_rx_buf
                0x0000000020000170      0x102 SSD7317Z/Src/rpc.o
 *fill*         0x0000000020000272        0x2 
 .bss.__malloc_free_list
                0x0000000020000274        0x4 c:/st/stm32cubeide_1.2.0/stm32cubeide/plugins/com.st.stm32cube.ide.mcu.externaltools.gnu-tools-for-stm32.7-2018-q2-update.win32_1.4.0.202007081208/tools/bin/../lib/gcc/arm-none-eabi/7.3.1/../../../../arm-none-eabi/lib/thumb/v7e-m/fpv4-sp/hard\libc_nano.a(lib_a-nano-mallocr.o)
                0x0000000020000274                __malloc_free_list
 .bss.__malloc_sbrk_start
                0x0000000020000278        0x4 c:/st/stm32cubeide_1.2.0/stm32cubeide/plugins/com.st.stm32cube.ide.mcu.externaltools.gnu-tools-for-stm32.7-2018-q2-update.win32_1.4.0.202007081208/tools/bin/../lib/gcc/arm-none-eabi/7.3.1/../../../../arm-none-eabi/lib/thumb/v7e-m/fpv4-sp/hard\libc_nano.a(lib_a-nano-mallocr.o)
                0x0000000020000278                __malloc_sbrk_start
 *(COMMON)
 COMMON         0x000000002000027c      0x20c Core/Src/main.o
                0x000000002000027c                hdma_usart2_rx
                0x00000000200002c4                hi2c1
                0x0000000020000310                hspi1
                0x0000000020000374                htim2
                0x00000000200003c0                huart2
                0x0000000020000440                hdma_spi1_tx
 COMMON         0x0000000020000488        0x4 Drivers/STM32L4xx_HAL_Driver/Src/stm32l4xx_hal.o
                0x0000000020000488                uwTick
 COMMON         0x000000002000048c      0x600 SSD7317Z/Src/SSD7317.o
                0x000000002000048c                frame_buffer
 COMMON         0x0000000020000a8c        0x4 c:/st/stm32cubeide_1.2.0/stm32cubeide/plugins/com.st.stm32cube.ide.mcu.externaltools.gnu-tools-for-stm32.7-2018-q2-update.win32_1.4.0.202007081208/tools/bin/../lib/gcc/arm-none-eabi/7.3.1/../../../../arm-none-eabi/lib/thumb/v7e-m/fpv4-sp/hard\libc_nano.a(lib_a-reent.o)
                0x0000000020000a8c                errno
                0x0000000020000a90                . = ALIGN (0x4)
                0x0000000020000a90                _ebss = .
                0x0000000020000a90                __bss_end__ = _ebss

._user_heap_stack
                0x0000000020000a90      0x600 load address 0x000000000800ce5c
                0x0000000020000a90                . = ALIGN (0x8)
                [!provide]                        PROVIDE (end = .)
                0x0000000020000a90                PROVIDE (_end = .)
                0x0000000020000c90                . = (. + _Min_Heap_Size)
 *fill*         0x0000000020000a90      0x200 
                0x0000000020001090                . = (. + _Min_Stack_Size)
 *fill*         0x0000000020000c90      0x400 
                0x0000000020001090                . = ALIGN (0x8)

/DISCARD/
 libc.a(*)
 libm.a(*)
 libgcc.a(*)

.ARM.attributes
                0x0000000000000000       0x30
 *(.ARM.attributes)
 .ARM.attributes
                0x0000000000000000       0x22 c:/st/stm32cubeide_1.2.0/stm32cubeide/plugins/com.st.stm32cube.ide.mcu.externaltools.gnu-tools-for-stm32.7-2018-q2-update.win32_1.4.0.202007081208/tools/bin/../lib/gcc/arm-none-eabi/7.3.1/thumb/v7e-m/fpv4-sp/hard/crti.o
 .ARM.attributes
                0x0000000000000022       0x34 c:/st/stm32cubeide_1.2.0/stm32cubeide/plugins/com.st.stm32cube.ide.mcu.externaltools.gnu-tools-for-stm32.7-2018-q2-update.win32_1.4.0.202007081208/tools/bin/../lib/gcc/arm-none-eabi/7.3.1/thumb/v7e-m/fpv4-sp/hard/crtbegin.o
 .ARM.attributes
                0x0000000000000056       0x39 Core/Src/main.o
 .ARM.attributes
                0x000000000000008f       0x39 Core/Src/stm32l4xx_hal_msp.o
 .ARM.attributes
                0x00000000000000c8       0x39 Core/Src/stm32l4xx_it.o
 .ARM.attributes
                0x0000000000000101       0x39 Core/Src/syscalls.o
 .ARM.attributes
                0x000000000000013a       0x39 Core/Src/sysmem.o
 .ARM.attributes
                0x0000000000000173       0x39 Core/Src/system_stm32l4xx.o
 .ARM.attributes
                0x00000000000001ac       0x21 Core/Startup/startup_stm32l432kcux.o
 .ARM.attributes
                0x00000000000001cd       0x39 Drivers/STM32L4xx_HAL_Driver/Src/stm32l4xx_hal.o
 .ARM.attributes
                0x0000000000000206       0x39 Drivers/STM32L4xx_HAL_Driver/Src/stm32l4xx_hal_cortex.o
 .ARM.attributes
                0x000000000000023f       0x39 Drivers/STM32L4xx_HAL_Driver/Src/stm32l4xx_hal_dma.o
 .ARM.attributes
                0x0000000000000278       0x39 Drivers/STM32L4xx_HAL_Driver/Src/stm32l4xx_hal_gpio.o
 .ARM.attributes
                0x00000000000002b1       0x39 Drivers/STM32L4xx_HAL_Driver/Src/stm32l4xx_hal_i2c.o
 .ARM.attributes
                0x00000000000002ea       0x39 Drivers/STM32L4xx_HAL_Driver/Src/stm32l4xx_hal_i2c_ex.o
 .ARM.attributes
                0x0000000000000323       0x39 Drivers/STM32L4xx_HAL_Driver/Src/stm32l4xx_hal_pwr_ex.o
 .ARM.attributes
                0x000000000000035c       0x39 Drivers/STM32L4xx_HAL_Driver/Src/stm32l4xx_hal_rcc.o
 .ARM.attributes
                0x0000000000000395       0x39 Drivers/STM32L4xx_HAL_Driver/Src/stm32l4xx_hal_rcc_ex.o
 .ARM.attributes
                0x00000000000003ce       0x39 Drivers/STM32L4xx_HAL_Driver/Src/stm32l4xx_hal_spi.o
 .ARM.attributes
                0x0000000000000407       0x39 Drivers/STM32L4xx_HAL_Driver/Src/stm32l4xx_hal_uart.o
 .ARM.attributes
                0x0000000000000440       0x39 Drivers/STM32L4xx_HAL_Driver/Src/stm32l4xx_hal_uart_ex.o
 .ARM.attributes
                0x0000000000000479       0x39 SSD7317Z/Src/SSD7317.o
 .ARM.attributes
                0x00000000000004b2       0x39 SSD7317Z/Src/SSD7317_Init_Table.o
 .ARM.attributes
                0x00000000000004eb       0x39 SSD7317Z/Src/dwt_stm32_delay.o
 .ARM.attributes
                0x0000000000000524       0x39 SSD7317Z/Src/rpc.o
 .ARM.attributes
                0x000000000000055d       0x34 c:/st/stm32cubeide_1.2.0/stm32cubeide/plugins/com.st.stm32cube.ide.mcu.externaltools.gnu-tools-for-stm32.7-2018-q2-update.win32_1.4.0.202007081208/tools/bin/../lib/gcc/arm-none-eabi/7.3.1/../../../../arm-none-eabi/lib/thumb/v7e-m/fpv4-sp/hard\libc_nano.a(lib_a-errno.o)
 .ARM.attributes
                0x0000000000000591       0x34 c:/st/stm32cubeide_1.2.0/stm32cubeide/plugins/com.st.stm32cube.ide.mcu.externaltools.gnu-tools-for-stm32.7-2018-q2-update.win32_1.4.0.202007081208/tools/bin/../lib/gcc/arm-none-eabi/7.3.1/../../../../arm-none-eabi/lib/thumb/v7e-m/fpv4-sp/hard\libc_nano.a(lib_a-impure.o)
 .ARM.attributes
                0x00000000000005c5       0x34 c:/st/stm32cubeide_1.2.0/stm32cubeide/plugins/com.st.stm32cube.ide.mcu.externaltools.gnu-tools-for-stm32.7-2018-q2-update.win32_1.4.0.202007081208/tools/bin/../lib/gcc/arm-none-eabi/7.3.1/../../../../arm-none-eabi/lib/thumb/v7e-m/fpv4-sp/hard\libc_nano.a(lib_a-init.o)
 .ARM.attributes
                0x00000000000005f9       0x34 c:/st/stm32cubeide_1.2.0/stm32cubeide/plugins/com.st.stm32cube.ide.mcu.externaltools.gnu-tools-for-stm32.7-2018-q2-update.win32_1.4.0.202007081208/tools/bin/../lib/gcc/arm-none-eabi/7.3.1/../../../../arm-none-eabi/lib/thumb/v7e-m/fpv4-sp/hard\libc_nano.a(lib_a-memset.o)
 .ARM.attributes
                0x000000000000062d       0x34 c:/st/stm32cubeide_1.2.0/stm32cubeide/plugins/com.st.stm32cube.ide.mcu.externaltools.gnu-tools-for-stm32.7-2018-q2-update.win32_1.4.0.202007081208/tools/bin/../lib/gcc/arm-none-eabi/7.3.1/../../../../arm-none-eabi/lib/thumb/v7e-m/fpv4-sp/hard\libc_nano.a(lib_a-putchar.o)
 .ARM.attributes
                0x0000000000000661       0x34 c:/st/stm32cubeide_1.2.0/stm32cubeide/plugins/com.st.stm32cube.ide.mcu.externaltools.gnu-tools-for-stm32.7-2018-q2-update.win32_1.4.0.202007081208/tools/bin/../lib/gcc/arm-none-eabi/7.3.1/../../../../arm-none-eabi/lib/thumb/v7e-m/fpv4-sp/hard\libc_nano.a(lib_a-puts.o)
 .ARM.attributes
                0x0000000000000695       0x34 c:/st/stm32cubeide_1.2.0/stm32cubeide/plugins/com.st.stm32cube.ide.mcu.externaltools.gnu-tools-for-stm32.7-2018-q2-update.win32_1.4.0.202007081208/tools/bin/../lib/gcc/arm-none-eabi/7.3.1/../../../../arm-none-eabi/lib/thumb/v7e-m/fpv4-sp/hard\libc_nano.a(lib_a-wbuf.o)
 .ARM.attributes
                0x00000000000006c9       0x34 c:/st/stm32cubeide_1.2.0/stm32cubeide/plugins/com.st.stm32cube.ide.mcu.externaltools.gnu-tools-for-stm32.7-2018-q2-update.win32_1.4.0.202007081208/tools/bin/../lib/gcc/arm-none-eabi/7.3.1/../../../../arm-none-eabi/lib/thumb/v7e-m/fpv4-sp/hard\libc_nano.a(lib_a-wsetup.o)
 .ARM.attributes
                0x00000000000006fd       0x34 c:/st/stm32cubeide_1.2.0/stm32cubeide/plugins/com.st.stm32cube.ide.mcu.externaltools.gnu-tools-for-stm32.7-2018-q2-update.win32_1.4.0.202007081208/tools/bin/../lib/gcc/arm-none-eabi/7.3.1/../../../../arm-none-eabi/lib/thumb/v7e-m/fpv4-sp/hard\libc_nano.a(lib_a-fflush.o)
 .ARM.attributes
                0x0000000000000731       0x34 c:/st/stm32cubeide_1.2.0/stm32cubeide/plugins/com.st.stm32cube.ide.mcu.externaltools.gnu-tools-for-stm32.7-2018-q2-update.win32_1.4.0.202007081208/tools/bin/../lib/gcc/arm-none-eabi/7.3.1/../../../../arm-none-eabi/lib/thumb/v7e-m/fpv4-sp/hard\libc_nano.a(lib_a-findfp.o)
 .ARM.attributes
                0x0000000000000765       0x34 c:/st/stm32cubeide_1.2.0/stm32cubeide/plugins/com.st.stm32cube.ide.mcu.externaltools.gnu-tools-for-stm32.7-2018-q2-update.win32_1.4.0.202007081208/tools/bin/../lib/gcc/arm-none-eabi/7.3.1/../../../../arm-none-eabi/lib/thumb/v7e-m/fpv4-sp/hard\libc_nano.a(lib_a-fwalk.o)
 .ARM.attributes
                0x0000000000000799       0x34 c:/st/stm32cubeide_1.2.0/stm32cubeide/plugins/com.st.stm32cube.ide.mcu.externaltools.gnu-tools-for-stm32.7-2018-q2-update.win32_1.4.0.202007081208/tools/bin/../lib/gcc/arm-none-eabi/7.3.1/../../../../arm-none-eabi/lib/thumb/v7e-m/fpv4-sp/hard\libc_nano.a(lib_a-makebuf.o)
 .ARM.attributes
                0x00000000000007cd       0x34 c:/st/stm32cubeide_1.2.0/stm32cubeide/plugins/com.st.stm32cube.ide.mcu.externaltools.gnu-tools-for-stm32.7-2018-q2-update.win32_1.4.0.202007081208/tools/bin/../lib/gcc/arm-none-eabi/7.3.1/../../../../arm-none-eabi/lib/thumb/v7e-m/fpv4-sp/hard\libc_nano.a(lib_a-nano-freer.o)
 .ARM.attributes
                0x0000000000000801       0x34 c:/st/stm32cubeide_1.2.0/stm32cubeide/plugins/com.st.stm32cube.ide.mcu.externaltools.gnu-tools-for-stm32.7-2018-q2-update.win32_1.4.0.202007081208/tools/bin/../lib/gcc/arm-none-eabi/7.3.1/../../../../arm-none-eabi/lib/thumb/v7e-m/fpv4-sp/hard\libc_nano.a(lib_a-nano-mallocr.o)
 .ARM.attributes
                0x0000000000000835       0x34 c:/st/stm32cubeide_1.2.0/stm32cubeide/plugins/com.st.stm32cube.ide.mcu.externaltools.gnu-tools-for-stm32.7-2018-q2-update.win32_1.4.0.202007081208/tools/bin/../lib/gcc/arm-none-eabi/7.3.1/../../../../arm-none-eabi/lib/thumb/v7e-m/fpv4-sp/hard\libc_nano.a(lib_a-putc.o)
 .ARM.attributes
                0x0000000000000869       0x34 c:/st/stm32cubeide_1.2.0/stm32cubeide/plugins/com.st.stm32cube.ide.mcu.externaltools.gnu-tools-for-stm32.7-2018-q2-update.win32_1.4.0.202007081208/tools/bin/../lib/gcc/arm-none-eabi/7.3.1/../../../../arm-none-eabi/lib/thumb/v7e-m/fpv4-sp/hard\libc_nano.a(lib_a-sbrkr.o)
 .ARM.attributes
                0x000000000000089d       0x34 c:/st/stm32cubeide_1.2.0/stm32cubeide/plugins/com.st.stm32cube.ide.mcu.externaltools.gnu-tools-for-stm32.7-2018-q2-update.win32_1.4.0.202007081208/tools/bin/../lib/gcc/arm-none-eabi/7.3.1/../../../../arm-none-eabi/lib/thumb/v7e-m/fpv4-sp/hard\libc_nano.a(lib_a-stdio.o)
 .ARM.attributes
                0x00000000000008d1       0x34 c:/st/stm32cubeide_1.2.0/stm32cubeide/plugins/com.st.stm32cube.ide.mcu.externaltools.gnu-tools-for-stm32.7-2018-q2-update.win32_1.4.0.202007081208/tools/bin/../lib/gcc/arm-none-eabi/7.3.1/../../../../arm-none-eabi/lib/thumb/v7e-m/fpv4-sp/hard\libc_nano.a(lib_a-writer.o)
 .ARM.attributes
                0x0000000000000905       0x34 c:/st/stm32cubeide_1.2.0/stm32cubeide/plugins/com.st.stm32cube.ide.mcu.externaltools.gnu-tools-for-stm32.7-2018-q2-update.win32_1.4.0.202007081208/tools/bin/../lib/gcc/arm-none-eabi/7.3.1/../../../../arm-none-eabi/lib/thumb/v7e-m/fpv4-sp/hard\libc_nano.a(lib_a-closer.o)
 .ARM.attributes
                0x0000000000000939       0x34 c:/st/stm32cubeide_1.2.0/stm32cubeide/plugins/com.st.stm32cube.ide.mcu.externaltools.gnu-tools-for-stm32.7-2018-q2-update.win32_1.4.0.202007081208/tools/bin/../lib/gcc/arm-none-eabi/7.3.1/../../../../arm-none-eabi/lib/thumb/v7e-m/fpv4-sp/hard\libc_nano.a(lib_a-fstatr.o)
 .ARM.attributes