Archive member included to satisfy reference by file (symbol)

c:/st/stm32cubeide_1.2.0/stm32cubeide/plugins/com.st.stm32cube.ide.mcu.externaltools.gnu-tools-for-stm32.7-2018-q2-update.win32_1.4.0.202007081208/tools/bin/../lib/gcc/arm-none-eabi/7.3.1/../../../../arm-none-eabi/lib/thumb/v7e-m/fpv4-sp/hard\libc_nano.a(lib_a-errno.o)
                              Core/Src/syscalls.o (__errno)
c:/st/stm32cubeide_1.2.0/stm32cubeide/plugins/com.st.stm32cube.ide.mcu.externaltools.gnu-tools-for-stm32.7-2018-q2-update.win32_1.4.0.202007081208/tools/bin/../lib/gcc/arm-none-eabi/7.3.1/../../../../arm-none-eabi/lib/thumb/v7e-m/fpv4-sp/hard\libc_nano.a(lib_a-exit.o)
                              c:/st/stm32cubeide_1.2.0/stm32cubeide/plugins/com.st.stm32cube.ide.mcu.externaltools.gnu-tools-for-stm32.7-2018-q2-update.win32_1.4.0.202007081208/tools/bin/../lib/gcc/arm-none-eabi/7.3.1/../../../../arm-none-eabi/lib/thumb/v7e-m/fpv4-sp/hard/crt0.o (exit)
c:/st/stm32cubeide_1.2.0/stm32cubeide/plugins/com.st.stm32cube.ide.mcu.externaltools.gnu-tools-for-stm32.7-2018-q2-update.win32_1.4.0.202007081208/tools/bin/../lib/gcc/arm-none-eabi/7.3.1/../../../../arm-none-eabi/lib/thumb/v7e-m/fpv4-sp/hard\libc_nano.a(lib_a-impure.o)
                              c:/st/stm32cubeide_1.2.0/stm32cubeide/plugins/com.st.stm32cube.ide.mcu.externaltools.gnu-tools-for-stm32.7-2018-q2-update.win32_1.4.0.202007081208/tools/bin/../lib/gcc/arm-none-eabi/7.3.1/../../../../arm-none-eabi/lib/thumb/v7e-m/fpv4-sp/hard\libc_nano.a(lib_a-exit.o) (_global_impure_ptr)
c:/st/stm32cubeide_1.2.0/stm32cubeide/plugins/com.st.stm32cube.ide.mcu.externaltools.gnu-tools-for-stm32.7-2018-q2-update.win32_1.4.0.202007081208/tools/bin/../lib/gcc/arm-none-eabi/7.3.1/../../../../arm-none-eabi/lib/thumb/v7e-m/fpv4-sp/hard\libc_nano.a(lib_a-init.o)
                              c:/st/stm32cubeide_1.2.0/stm32cubeide/plugins/com.st.stm32cube.ide.mcu.externaltools.gnu-tools-for-stm32.7-2018-q2-update.win32_1.4.0.202007081208/tools/bin/../lib/gcc/arm-none-eabi/7.3.1/../../../../arm-none-eabi/lib/thumb/v7e-m/fpv4-sp/hard/crt0.o (__libc_init_array)
c:/st/stm32cubeide_1.2.0/stm32cubeide/plugins/com.st.stm32cube.ide.mcu.externaltools.gnu-tools-for-stm32.7-2018-q2-update.win32_1.4.0.202007081208/tools/bin/../lib/gcc/arm-none-eabi/7.3.1/../../../../arm-none-eabi/lib/thumb/v7e-m/fpv4-sp/hard\libc_nano.a(lib_a-memset.o)
                              c:/st/stm32cubeide_1.2.0/stm32cubeide/plugins/com.st.stm32cube.ide.mcu.externaltools.gnu-tools-for-stm32.7-2018-q2-update.win32_1.4.0.202007081208/tools/bin/../lib/gcc/arm-none-eabi/7.3.1/../../../../arm-none-eabi/lib/thumb/v7e-m/fpv4-sp/hard/crt0.o (memset)
c:/st/stm32cubeide_1.2.0/stm32cubeide/plugins/com.st.stm32cube.ide.mcu.externaltools.gnu-tools-for-stm32.7-2018-q2-update.win32_1.4.0.202007081208/tools/bin/../lib/gcc/arm-none-eabi/7.3.1/../../../../arm-none-eabi/lib/thumb/v7e-m/fpv4-sp/hard\libc_nano.a(lib_a-printf.o)
                              SSD7317Z/Src/SSD7317.o (printf)
c:/st/stm32cubeide_1.2.0/stm32cubeide/plugins/com.st.stm32cube.ide.mcu.externaltools.gnu-tools-for-stm32.7-2018-q2-update.win32_1.4.0.202007081208/tools/bin/../lib/gcc/arm-none-eabi/7.3.1/../../../../arm-none-eabi/lib/thumb/v7e-m/fpv4-sp/hard\libc_nano.a(lib_a-putchar.o)
                              SSD7317Z/Src/rpc.o (putchar)
c:/st/stm32cubeide_1.2.0/stm32cubeide/plugins/com.st.stm32cube.ide.mcu.externaltools.gnu-tools-for-stm32.7-2018-q2-update.win32_1.4.0.202007081208/tools/bin/../lib/gcc/arm-none-eabi/7.3.1/../../../../arm-none-eabi/lib/thumb/v7e-m/fpv4-sp/hard\libc_nano.a(lib_a-puts.o)
                              SSD7317Z/Src/rpc.o (puts)
c:/st/stm32cubeide_1.2.0/stm32cubeide/plugins/com.st.stm32cube.ide.mcu.externaltools.gnu-tools-for-stm32.7-2018-q2-update.win32_1.4.0.202007081208/tools/bin/../lib/gcc/arm-none-eabi/7.3.1/../../../../arm-none-eabi/lib/thumb/v7e-m/fpv4-sp/hard\libc_nano.a(lib_a-wbuf.o)
                              c:/st/stm32cubeide_1.2.0/stm32cubeide/plugins/com.st.stm32cube.ide.mcu.externaltools.gnu-tools-for-stm32.7-2018-q2-update.win32_1.4.0.202007081208/tools/bin/../lib/gcc/arm-none-eabi/7.3.1/../../../../arm-none-eabi/lib/thumb/v7e-m/fpv4-sp/hard\libc_nano.a(lib_a-puts.o) (__swbuf_r)
c:/st/stm32cubeide_1.2.0/stm32cubeide/plugins/com.st.stm32cube.ide.mcu.externaltools.gnu-tools-for-stm32.7-2018-q2-update.win32_1.4.0.202007081208/tools/bin/../lib/gcc/arm-none-eabi/7.3.1/../../../../arm-none-eabi/lib/thumb/v7e-m/fpv4-sp/hard\libc_nano.a(lib_a-wsetup.o)
                              c:/st/stm32cubeide_1.2.0/stm32cubeide/plugins/com.st.stm32cube.ide.mcu.externaltools.gnu-tools-for-stm32.7-2018-q2-update.win32_1.4.0.202007081208/tools/bin/../lib/gcc/arm-none-eabi/7.3.1/../../../../arm-none-eabi/lib/thumb/v7e-m/fpv4-sp/hard\libc_nano.a(lib_a-puts.o) (__swsetup_r)
[...]
Memory Configuration

Name             Origin             Length             Attributes
RAM              0x0000000020000000 0x0000000000010000 xrw
FLASH            0x0000000008000000 0x0000000000040000 xr
*default*        0x0000000000000000 0xffffffffffffffff

Linker script and memory map

LOAD c:/st/stm32cubeide_1.2.0/stm32cubeide/plugins/com.st.stm32cube.ide.mcu.externaltools.gnu-tools-for-stm32.7-2018-q2-update.win32_1.4.0.202007081208/tools/bin/../lib/gcc/arm-none-eabi/7.3.1/thumb/v7e-m/fpv4-sp/hard/crti.o
LOAD c:/st/stm32cubeide_1.2.0/stm32cubeide/plugins/com.st.stm32cube.ide.mcu.externaltools.gnu-tools-for-stm32.7-2018-q2-update.win32_1.4.0.202007081208/tools/bin/../lib/gcc/arm-none-eabi/7.3.1/thumb/v7e-m/fpv4-sp/hard/crtbegin.o
LOAD c:/st/stm32cubeide_1.2.0/stm32cubeide/plugins/com.st.stm32cube.ide.mcu.externaltools.gnu-tools-for-stm32.7-2018-q2-update.win32_1.4.0.202007081208/tools/bin/../lib/gcc/arm-none-eabi/7.3.1/../../../../arm-none-eabi/lib/thumb/v7e-m/fpv4-sp/hard/crt0.o
LOAD Core/Src/main.o
LOAD Core/Src/stm32l4xx_hal_msp.o
LOAD Core/Src/stm32l4xx_it.o
LOAD Core/Src/syscalls.o
LOAD Core/Src/sysmem.o
LOAD Core/Src/system_stm32l4xx.o
LOAD Core/Startup/startup_stm32l432kcux.o
LOAD Drivers/STM32L4xx_HAL_Driver/Src/stm32l4xx_hal.o
LOAD Drivers/STM32L4xx_HAL_Driver/Src/stm32l4xx_hal_cortex.o
LOAD Drivers/STM32L4xx_HAL_Driver/Src/stm32l4xx_hal_dma.o
LOAD Drivers/STM32L4xx_HAL_Driver/Src/stm32l4xx_hal_dma_ex.o
LOAD Drivers/STM32L4xx_HAL_Driver/Src/stm32l4xx_hal_exti.o
LOAD Drivers/STM32L4xx_HAL_Driver/Src/stm32l4xx_hal_flash.o
LOAD Drivers/STM32L4xx_HAL_Driver/Src/stm32l4xx_hal_flash_ex.o
LOAD Drivers/STM32L4xx_HAL_Driver/Src/stm32l4xx_hal_flash_ramfunc.o
LOAD Drivers/STM32L4xx_HAL_Driver/Src/stm32l4xx_hal_gpio.o
LOAD Drivers/STM32L4xx_HAL_Driver/Src/stm32l4xx_hal_i2c.o
LOAD Drivers/STM32L4xx_HAL_Driver/Src/stm32l4xx_hal_i2c_ex.o
LOAD Drivers/STM32L4xx_HAL_Driver/Src/stm32l4xx_hal_pwr.o
LOAD Drivers/STM32L4xx_HAL_Driver/Src/stm32l4xx_hal_pwr_ex.o
LOAD Drivers/STM32L4xx_HAL_Driver/Src/stm32l4xx_hal_rcc.o
LOAD Drivers/STM32L4xx_HAL_Driver/Src/stm32l4xx_hal_rcc_ex.o
LOAD Drivers/STM32L4xx_HAL_Driver/Src/stm32l4xx_hal_spi.o
LOAD Drivers/STM32L4xx_HAL_Driver/Src/stm32l4xx_hal_spi_ex.o
LOAD Drivers/STM32L4xx_HAL_Driver/Src/stm32l4xx_hal_tim.o
LOAD Drivers/STM32L4xx_HAL_Driver/Src/stm32l4xx_hal_tim_ex.o
LOAD Drivers/STM32L4xx_HAL_Driver/Src/stm32l4xx_hal_uart.o
LOAD Drivers/STM32L4xx_HAL_Driver/Src/stm32l4xx_hal_uart_ex.o
LOAD SSD7317Z/Src/SSD7317.o
LOAD SSD7317Z/Src/SSD7317_Init_Table.o
LOAD SSD7317Z/Src/dwt_stm32_delay.o
LOAD SSD7317Z/Src/rpc.o
START GROUP
LOAD c:/st/stm32cubeide_1.2.0/stm32cubeide/plugins/com.st.stm32cube.ide.mcu.externaltools.gnu-tools-for-stm32.7-2018-q2-update.win32_1.4.0.202007081208/tools/bin/../lib/gcc/arm-none-eabi/7.3.1/../../../../arm-none-eabi/lib/thumb/v7e-m/fpv4-sp/hard\libc_nano.a
LOAD c:/st/stm32cubeide_1.2.0/stm32cubeide/plugins/com.st.stm32cube.ide.mcu.externaltools.gnu-tools-for-stm32.7-2018-q2-update.win32_1.4.0.202007081208/tools/bin/../lib/gcc/arm-none-eabi/7.3.1/../../../../arm-none-eabi/lib/thumb/v7e-m/fpv4-sp/hard\libm.a
END GROUP
START GROUP
LOAD c:/st/stm32cubeide_1.2.0/stm32cubeide/plugins/com.st.stm32cube.ide.mcu.externaltools.gnu-tools-for-stm32.7-2018-q2-update.win32_1.4.0.202007081208/tools/bin/../lib/gcc/arm-none-eabi/7.3.1/thumb/v7e-m/fpv4-sp/hard\libgcc.a
LOAD c:/st/stm32cubeide_1.2.0/stm32cubeide/plugins/com.st.stm32cube.ide.mcu.externaltools.gnu-tools-for-stm32.7-2018-q2-update.win32_1.4.0.202007081208/tools/bin/../lib/gcc/arm-none-eabi/7.3.1/../../../../arm-none-eabi/lib/thumb/v7e-m/fpv4-sp/hard\libc_nano.a
END GROUP
START GROUP
LOAD c:/st/stm32cubeide_1.2.0/stm32cubeide/plugins/com.st.stm32cube.ide.mcu.externaltools.gnu-tools-for-stm32.7-2018-q2-update.win32_1.4.0.202007081208/tools/bin/../lib/gcc/arm-none-eabi/7.3.1/thumb/v7e-m/fpv4-sp/hard\libgcc.a
LOAD c:/st/stm32cubeide_1.2.0/stm32cubeide/plugins/com.st.stm32cube.ide.mcu.externaltools.gnu-tools-for-stm32.7-2018-q2-update.win32_1.4.0.202007081208/tools/bin/../lib/gcc/arm-none-eabi/7.3.1/../../../../arm-none-eabi/lib/thumb/v7e-m/fpv4-sp/hard\libc_nano.a
LOAD c:/st/stm32cubeide_1.2.0/stm32cubeide/plugins/com.st.stm32cube.ide.mcu.externaltools.gnu-tools-for-stm32.7-2018-q2-update.win32_1.4.0.202007081208/tools/bin/../lib/gcc/arm-none-eabi/7.3.1/../../../../arm-none-eabi/lib/thumb/v7e-m/fpv4-sp/hard\libnosys.a
END GROUP
START GROUP
LOAD c:/st/stm32cubeide_1.2.0/stm32cubeide/plugins/com.st.stm32cube.ide.mcu.externaltools.gnu-tools-for-stm32.7-2018-q2-update.win32_1.4.0.202007081208/tools/bin/../lib/gcc/arm-none-eabi/7.3.1/thumb/v7e-m/fpv4-sp/hard\libgcc.a
LOAD c:/st/stm32cubeide_1.2.0/stm32cubeide/plugins/com.st.stm32cube.ide.mcu.externaltools.gnu-tools-for-stm32.7-2018-q2-update.win32_1.4.0.202007081208/tools/bin/../lib/gcc/arm-none-eabi/7.3.1/../../../../arm-none-eabi/lib/thumb/v7e-m/fpv4-sp/hard\libc_nano.a
LOAD c:/st/stm32cubeide_1.2.0/stm32cubeide/plugins/com.st.stm32cube.ide.mcu.externaltools.gnu-tools-for-stm32.7-2018-q2-update.win32_1.4.0.202007081208/tools/bin/../lib/gcc/arm-none-eabi/7.3.1/../../../../arm-none-eabi/lib/thumb/v7e-m/fpv4-sp/hard\libnosys.a
END GROUP
LOAD c:/st/stm32cubeide_1.2.0/stm32cubeide/plugins/com.st.stm32cube.ide.mcu.externaltools.gnu-tools-for-stm32.7-2018-q2-update.win32_1.4.0.202007081208/tools/bin/../lib/gcc/arm-none-eabi/7.3.1/thumb/v7e-m/fpv4-sp/hard/crtend.o
LOAD c:/st/stm32cubeide_1.2.0/stm32cubeide/plugins/com.st.stm32cube.ide.mcu.externaltools.gnu-tools-for-stm32.7-2018-q2-update.win32_1.4.0.202007081208/tools/bin/../lib/gcc/arm-none-eabi/7.3.1/thumb/v7e-m/fpv4-sp/hard/crtn.o
                0x0000000020010000                _estack = (ORIGIN (RAM) + LENGTH (RAM))
                0x0000000000000200                _Min_Heap_Size = 0x200
                0x0000000000000400                _Min_Stack_Size = 0x400

.isr_vector     0x0000000008000000      0x18c
                0x0000000008000000                . = ALIGN (0x4)
 *(.isr_vector)
 .isr_vector    0x0000000008000000      0x18c Core/Startup/startup_stm32l432kcux.o
                0x0000000008000000                g_pfnVectors
                0x000000000800018c                . = ALIGN (0x4)

.text           0x000000000800018c     0x7b1c
                0x000000000800018c                . = ALIGN (0x4)
 *(.text)
 .text          0x000000000800018c       0x40 c:/st/stm32cubeide_1.2.0/stm32cubeide/plugins/com.st.stm32cube.ide.mcu.externaltools.gnu-tools-for-stm32.7-2018-q2-update.win32_1.4.0.202007081208/tools/bin/../lib/gcc/arm-none-eabi/7.3.1/thumb/v7e-m/fpv4-sp/hard/crtbegin.o
 .text          0x00000000080001cc       0x30 c:/st/stm32cubeide_1.2.0/stm32cubeide/plugins/com.st.stm32cube.ide.mcu.externaltools.gnu-tools-for-stm32.7-2018-q2-update.win32_1.4.0.202007081208/tools/bin/../lib/gcc/arm-none-eabi/7.3.1/thumb/v7e-m/fpv4-sp/hard\libgcc.a(_aeabi_uldivmod.o)
                0x00000000080001cc                __aeabi_uldivmod
 .text          0x00000000080001fc      0x2cc c:/st/stm32cubeide_1.2.0/stm32cubeide/plugins/com.st.stm32cube.ide.mcu.externaltools.gnu-tools-for-stm32.7-2018-q2-update.win32_1.4.0.202007081208/tools/bin/../lib/gcc/arm-none-eabi/7.3.1/thumb/v7e-m/fpv4-sp/hard\libgcc.a(_udivmoddi4.o)
                0x00000000080001fc                __udivmoddi4
 .text          0x00000000080004c8        0x4 c:/st/stm32cubeide_1.2.0/stm32cubeide/plugins/com.st.stm32cube.ide.mcu.externaltools.gnu-tools-for-stm32.7-2018-q2-update.win32_1.4.0.202007081208/tools/bin/../lib/gcc/arm-none-eabi/7.3.1/thumb/v7e-m/fpv4-sp/hard\libgcc.a(_dvmd_tls.o)
                0x00000000080004c8                __aeabi_idiv0
                0x00000000080004c8                __aeabi_ldiv0
 *(.text*)
 .text.__io_putchar
                0x00000000080004cc       0x24 Core/Src/main.o
                0x00000000080004cc                __io_putchar
 .text.main     0x00000000080004f0       0x60 Core/Src/main.o
                0x00000000080004f0                main
 .text.SystemClock_Config
                0x0000000008000550       0xe6 Core/Src/main.o
                0x0000000008000550                SystemClock_Config
 .text.Error_Handler
                0x0000000008000636        0xe Core/Src/main.o
                0x0000000008000636                Error_Handler
 .text.assert_failed
                0x0000000008000644       0x16 Core/Src/main.o
                0x0000000008000644                assert_failed
 *fill*         0x000000000800065a        0x2 
 .text.HAL_MspInit
                0x000000000800065c       0x48 Core/Src/stm32l4xx_hal_msp.o
                0x000000000800065c                HAL_MspInit
 .text.HAL_I2C_MspInit
                0x00000000080006a4       0x88 Core/Src/stm32l4xx_hal_msp.o
                0x00000000080006a4                HAL_I2C_MspInit
 .text.HAL_SPI_MspInit
                0x000000000800072c      0x11c Core/Src/stm32l4xx_hal_msp.o
                0x000000000800072c                HAL_SPI_MspInit
 .text.HAL_UART_MspInit
                0x0000000008000848      0x114 Core/Src/stm32l4xx_hal_msp.o
                0x0000000008000848                HAL_UART_MspInit
 .text.NMI_Handler
                0x000000000800095c        0xe Core/Src/stm32l4xx_it.o
                0x000000000800095c                NMI_Handler
 .text.HardFault_Handler
                0x000000000800096a        0x6 Core/Src/stm32l4xx_it.o
                0x000000000800096a                HardFault_Handler
 .text.MemManage_Handler
                0x0000000008000970        0x6 Core/Src/stm32l4xx_it.o
                0x0000000008000970                MemManage_Handler
 .text.BusFault_Handler
                0x0000000008000976        0x6 Core/Src/stm32l4xx_it.o
                0x0000000008000976                BusFault_Handler
 .text.UsageFault_Handler
                0x000000000800097c        0x6 Core/Src/stm32l4xx_it.o
                0x000000000800097c                UsageFault_Handler
 .text.SVC_Handler
                0x0000000008000982        0xe Core/Src/stm32l4xx_it.o
                0x0000000008000982                SVC_Handler
 .text.DebugMon_Handler
                0x0000000008000990        0xe Core/Src/stm32l4xx_it.o
                0x0000000008000990                DebugMon_Handler
 .text.PendSV_Handler
                0x000000000800099e        0xe Core/Src/stm32l4xx_it.o
                0x000000000800099e                PendSV_Handler
 .text.SysTick_Handler
                0x00000000080009ac        0xc Core/Src/stm32l4xx_it.o
                0x00000000080009ac                SysTick_Handler
 .text.EXTI0_IRQHandler
                0x00000000080009b8        0xe Core/Src/stm32l4xx_it.o
                0x00000000080009b8                EXTI0_IRQHandler
 .text.DMA1_Channel3_IRQHandler
                0x00000000080009c6        0xe Core/Src/stm32l4xx_it.o
                0x00000000080009c6                DMA1_Channel3_IRQHandler
 .text.DMA1_Channel6_IRQHandler
                0x00000000080009d4       0x14 Core/Src/stm32l4xx_it.o
                0x00000000080009d4                DMA1_Channel6_IRQHandler
 .text.USART2_IRQHandler
                0x00000000080009e8       0x2c Core/Src/stm32l4xx_it.o
                0x00000000080009e8                USART2_IRQHandler
 .text.EXTI15_10_IRQHandler
                0x0000000008000a14       0x10 Core/Src/stm32l4xx_it.o
                0x0000000008000a14                EXTI15_10_IRQHandler
 .text._read    0x0000000008000a24       0x3a Core/Src/syscalls.o
                0x0000000008000a24                _read
 .text._write   0x0000000008000a5e       0x38 Core/Src/syscalls.o
                0x0000000008000a5e                _write
 .text._close   0x0000000008000a96       0x18 Core/Src/syscalls.o
                0x0000000008000a96                _close
 .text._fstat   0x0000000008000aae       0x20 Core/Src/syscalls.o
                0x0000000008000aae                _fstat
 .text._isatty  0x0000000008000ace       0x16 Core/Src/syscalls.o
                0x0000000008000ace                _isatty
 .text._lseek   0x0000000008000ae4       0x1a Core/Src/syscalls.o
                0x0000000008000ae4                _lseek
 *fill*         0x0000000008000afe        0x2 
 .text._sbrk    0x0000000008000b00       0x6c Core/Src/sysmem.o
                0x0000000008000b00                _sbrk
 .text.SystemInit
                0x0000000008000b6c       0x6c Core/Src/system_stm32l4xx.o
                0x0000000008000b6c                SystemInit
 .text.Reset_Handler
                0x0000000008000bd8       0x50 Core/Startup/startup_stm32l432kcux.o
                0x0000000008000bd8                Reset_Handler
 .text.Default_Handler
                0x0000000008000c28        0x2 Core/Startup/startup_stm32l432kcux.o
                0x0000000008000c28                RTC_Alarm_IRQHandler
                0x0000000008000c28                EXTI2_IRQHandler
                0x0000000008000c28                TIM1_CC_IRQHandler
                0x0000000008000c28                TSC_IRQHandler
                0x0000000008000c28                TAMP_STAMP_IRQHandler
                0x0000000008000c28                EXTI3_IRQHandler
                0x0000000008000c28                LPTIM2_IRQHandler
                0x0000000008000c28                I2C3_ER_IRQHandler
                0x0000000008000c28                CAN1_RX0_IRQHandler
                0x0000000008000c28                FPU_IRQHandler
                0x0000000008000c28                TIM1_UP_TIM16_IRQHandler
                0x0000000008000c28                SPI1_IRQHandler
                0x0000000008000c28                TIM6_DAC_IRQHandler
                0x0000000008000c28                DMA2_Channel2_IRQHandler
                0x0000000008000c28                DMA1_Channel4_IRQHandler
                0x0000000008000c28                ADC1_IRQHandler
                0x0000000008000c28                DMA1_Channel7_IRQHandler
                0x0000000008000c28                CAN1_RX1_IRQHandler
                0x0000000008000c28                DMA2_Channel1_IRQHandler
                0x0000000008000c28                QUADSPI_IRQHandler
                0x0000000008000c28                I2C1_EV_IRQHandler
                0x0000000008000c28                DMA2_Channel4_IRQHandler
                0x0000000008000c28                RCC_IRQHandler
                0x0000000008000c28                TIM1_TRG_COM_IRQHandler
                0x0000000008000c28                DMA1_Channel1_IRQHandler
                0x0000000008000c28                Default_Handler
                0x0000000008000c28                DMA2_Channel7_IRQHandler
                0x0000000008000c28                TIM7_IRQHandler
                0x0000000008000c28                I2C3_EV_IRQHandler
                0x0000000008000c28                USB_IRQHandler
                0x0000000008000c28                EXTI9_5_IRQHandler
                0x0000000008000c28                RTC_WKUP_IRQHandler
                0x0000000008000c28                PVD_PVM_IRQHandler
                0x0000000008000c28                CAN1_TX_IRQHandler
                0x0000000008000c28                DMA2_Channel5_IRQHandler
                0x0000000008000c28                CRS_IRQHandler
                0x0000000008000c28                DMA1_Channel5_IRQHandler
                0x0000000008000c28                EXTI4_IRQHandler
                0x0000000008000c28                RNG_IRQHandler
                0x0000000008000c28                COMP_IRQHandler
                0x0000000008000c28                WWDG_IRQHandler
                0x0000000008000c28                LPUART1_IRQHandler
                0x0000000008000c28                DMA2_Channel6_IRQHandler
                0x0000000008000c28                TIM2_IRQHandler
                0x0000000008000c28                EXTI1_IRQHandler
                0x0000000008000c28                DMA1_Channel2_IRQHandler
                0x0000000008000c28                CAN1_SCE_IRQHandler
                0x0000000008000c28                FLASH_IRQHandler
                0x0000000008000c28                USART1_IRQHandler
                0x0000000008000c28                SPI3_IRQHandler
                0x0000000008000c28                I2C1_ER_IRQHandler
                0x0000000008000c28                SWPMI1_IRQHandler
                0x0000000008000c28                LPTIM1_IRQHandler
                0x0000000008000c28                SAI1_IRQHandler
                0x0000000008000c28                DMA2_Channel3_IRQHandler
                0x0000000008000c28                TIM1_BRK_TIM15_IRQHandler
 .text.HAL_Init
                0x0000000008000c2a       0x30 Drivers/STM32L4xx_HAL_Driver/Src/stm32l4xx_hal.o
                0x0000000008000c2a                HAL_Init
 *fill*         0x0000000008000c5a        0x2 
 .text.HAL_InitTick
                0x0000000008000c5c       0x78 Drivers/STM32L4xx_HAL_Driver/Src/stm32l4xx_hal.o
                0x0000000008000c5c                HAL_InitTick
 .text.HAL_IncTick
                0x0000000008000cd4       0x28 Drivers/STM32L4xx_HAL_Driver/Src/stm32l4xx_hal.o
                0x0000000008000cd4                HAL_IncTick
 .text.HAL_GetTick
                0x0000000008000cfc       0x18 Drivers/STM32L4xx_HAL_Driver/Src/stm32l4xx_hal.o
                0x0000000008000cfc                HAL_GetTick
 .text.HAL_Delay
                0x0000000008000d14       0x44 Drivers/STM32L4xx_HAL_Driver/Src/stm32l4xx_hal.o
                0x0000000008000d14                HAL_Delay
 .text.__NVIC_SetPriorityGrouping
                0x0000000008000d58       0x48 Drivers/STM32L4xx_HAL_Driver/Src/stm32l4xx_hal_cortex.o
 .text.__NVIC_GetPriorityGrouping
                0x0000000008000da0       0x1c Drivers/STM32L4xx_HAL_Driver/Src/stm32l4xx_hal_cortex.o
 .text.__NVIC_EnableIRQ
                0x0000000008000dbc       0x3c Drivers/STM32L4xx_HAL_Driver/Src/stm32l4xx_hal_cortex.o
 .text.__NVIC_SetPriority
                0x0000000008000df8       0x54 Drivers/STM32L4xx_HAL_Driver/Src/stm32l4xx_hal_cortex.o
 .text.NVIC_EncodePriority
                0x0000000008000e4c       0x66 Drivers/STM32L4xx_HAL_Driver/Src/stm32l4xx_hal_cortex.o
 *fill*         0x0000000008000eb2        0x2 
 .text.SysTick_Config
                0x0000000008000eb4       0x44 Drivers/STM32L4xx_HAL_Driver/Src/stm32l4xx_hal_cortex.o
 .text.HAL_NVIC_SetPriorityGrouping
                0x0000000008000ef8       0x40 Drivers/STM32L4xx_HAL_Driver/Src/stm32l4xx_hal_cortex.o
                0x0000000008000ef8                HAL_NVIC_SetPriorityGrouping
 .text.HAL_NVIC_SetPriority
                0x0000000008000f38       0x58 Drivers/STM32L4xx_HAL_Driver/Src/stm32l4xx_hal_cortex.o
                0x0000000008000f38                HAL_NVIC_SetPriority
 .text.HAL_NVIC_EnableIRQ
                0x0000000008000f90       0x30 Drivers/STM32L4xx_HAL_Driver/Src/stm32l4xx_hal_cortex.o
                0x0000000008000f90                HAL_NVIC_EnableIRQ
 .text.HAL_SYSTICK_Config
                0x0000000008000fc0       0x18 Drivers/STM32L4xx_HAL_Driver/Src/stm32l4xx_hal_cortex.o
                0x0000000008000fc0                HAL_SYSTICK_Config
 .text.HAL_DMA_Init
                0x0000000008000fd8      0x370 Drivers/STM32L4xx_HAL_Driver/Src/stm32l4xx_hal_dma.o
                0x0000000008000fd8                HAL_DMA_Init
 .text.HAL_DMA_Start_IT
                0x0000000008001348       0xdc Drivers/STM32L4xx_HAL_Driver/Src/stm32l4xx_hal_dma.o
                0x0000000008001348                HAL_DMA_Start_IT
 .text.HAL_DMA_Abort
                0x0000000008001424       0x7c Drivers/STM32L4xx_HAL_Driver/Src/stm32l4xx_hal_dma.o
                0x0000000008001424                HAL_DMA_Abort
 .text.HAL_DMA_Abort_IT
                0x00000000080014a0       0x82 Drivers/STM32L4xx_HAL_Driver/Src/stm32l4xx_hal_dma.o
                0x00000000080014a0                HAL_DMA_Abort_IT
 .text.HAL_DMA_IRQHandler
                0x0000000008001522      0x15e Drivers/STM32L4xx_HAL_Driver/Src/stm32l4xx_hal_dma.o
                0x0000000008001522                HAL_DMA_IRQHandler
 .text.HAL_DMA_GetError
                0x0000000008001680       0x18 Drivers/STM32L4xx_HAL_Driver/Src/stm32l4xx_hal_dma.o
                0x0000000008001680                HAL_DMA_GetError
 .text.DMA_SetConfig
                0x0000000008001698       0x60 Drivers/STM32L4xx_HAL_Driver/Src/stm32l4xx_hal_dma.o
 .text.HAL_GPIO_Init
                0x00000000080016f8      0x44c Drivers/STM32L4xx_HAL_Driver/Src/stm32l4xx_hal_gpio.o
                0x00000000080016f8                HAL_GPIO_Init
 .text.HAL_GPIO_WritePin
                0x0000000008001b44       0x60 Drivers/STM32L4xx_HAL_Driver/Src/stm32l4xx_hal_gpio.o
                0x0000000008001b44                HAL_GPIO_WritePin
 .text.HAL_GPIO_EXTI_IRQHandler
                0x0000000008001ba4       0x30 Drivers/STM32L4xx_HAL_Driver/Src/stm32l4xx_hal_gpio.o
                0x0000000008001ba4                HAL_GPIO_EXTI_IRQHandler
 .text.HAL_I2C_Init
                0x0000000008001bd4      0x228 Drivers/STM32L4xx_HAL_Driver/Src/stm32l4xx_hal_i2c.o
                0x0000000008001bd4                HAL_I2C_Init
 .text.HAL_I2C_Master_Transmit
                0x0000000008001dfc      0x1e8 Drivers/STM32L4xx_HAL_Driver/Src/stm32l4xx_hal_i2c.o
                0x0000000008001dfc                HAL_I2C_Master_Transmit
 .text.HAL_I2C_Master_Receive
                0x0000000008001fe4      0x1ec Drivers/STM32L4xx_HAL_Driver/Src/stm32l4xx_hal_i2c.o
                0x0000000008001fe4                HAL_I2C_Master_Receive
 .text.HAL_I2C_Mem_Write
                0x00000000080021d0      0x244 Drivers/STM32L4xx_HAL_Driver/Src/stm32l4xx_hal_i2c.o
                0x00000000080021d0                HAL_I2C_Mem_Write
 .text.I2C_RequestMemoryWrite
                0x0000000008002414       0xa8 Drivers/STM32L4xx_HAL_Driver/Src/stm32l4xx_hal_i2c.o
 .text.I2C_Flush_TXDR
                0x00000000080024bc       0x48 Drivers/STM32L4xx_HAL_Driver/Src/stm32l4xx_hal_i2c.o
 .text.I2C_WaitOnFlagUntilTimeout
                0x0000000008002504       0x80 Drivers/STM32L4xx_HAL_Driver/Src/stm32l4xx_hal_i2c.o
 .text.I2C_WaitOnTXISFlagUntilTimeout
                0x0000000008002584       0x80 Drivers/STM32L4xx_HAL_Driver/Src/stm32l4xx_hal_i2c.o
 .text.I2C_WaitOnSTOPFlagUntilTimeout
                0x0000000008002604       0x78 Drivers/STM32L4xx_HAL_Driver/Src/stm32l4xx_hal_i2c.o
 .text.I2C_WaitOnRXNEFlagUntilTimeout
                0x000000000800267c       0xd8 Drivers/STM32L4xx_HAL_Driver/Src/stm32l4xx_hal_i2c.o
 .text.I2C_IsAcknowledgeFailed
                0x0000000008002754       0xcc Drivers/STM32L4xx_HAL_Driver/Src/stm32l4xx_hal_i2c.o
 .text.I2C_TransferConfig
                0x0000000008002820       0xd4 Drivers/STM32L4xx_HAL_Driver/Src/stm32l4xx_hal_i2c.o
 .text.HAL_I2CEx_ConfigAnalogFilter
                0x00000000080028f4       0xd0 Drivers/STM32L4xx_HAL_Driver/Src/stm32l4xx_hal_i2c_ex.o
                0x00000000080028f4                HAL_I2CEx_ConfigAnalogFilter
 .text.HAL_I2CEx_ConfigDigitalFilter
                0x00000000080029c4       0xcc Drivers/STM32L4xx_HAL_Driver/Src/stm32l4xx_hal_i2c_ex.o
                0x00000000080029c4                HAL_I2CEx_ConfigDigitalFilter
 .text.HAL_PWREx_GetVoltageRange
                0x0000000008002a90       0x1c Drivers/STM32L4xx_HAL_Driver/Src/stm32l4xx_hal_pwr_ex.o
                0x0000000008002a90                HAL_PWREx_GetVoltageRange
 .text.HAL_PWREx_ControlVoltageScaling
                0x0000000008002aac       0xc4 Drivers/STM32L4xx_HAL_Driver/Src/stm32l4xx_hal_pwr_ex.o
                0x0000000008002aac                HAL_PWREx_ControlVoltageScaling
 .text.HAL_RCC_OscConfig
                0x0000000008002b70      0xaec Drivers/STM32L4xx_HAL_Driver/Src/stm32l4xx_hal_rcc.o
                0x0000000008002b70                HAL_RCC_OscConfig
 .text.HAL_RCC_ClockConfig
                0x000000000800365c      0x304 Drivers/STM32L4xx_HAL_Driver/Src/stm32l4xx_hal_rcc.o
                0x000000000800365c                HAL_RCC_ClockConfig
 .text.HAL_RCC_GetSysClockFreq
                0x0000000008003960      0x114 Drivers/STM32L4xx_HAL_Driver/Src/stm32l4xx_hal_rcc.o
                0x0000000008003960                HAL_RCC_GetSysClockFreq
 .text.HAL_RCC_GetHCLKFreq
                0x0000000008003a74       0x18 Drivers/STM32L4xx_HAL_Driver/Src/stm32l4xx_hal_rcc.o
                0x0000000008003a74                HAL_RCC_GetHCLKFreq
 .text.HAL_RCC_GetPCLK1Freq
                0x0000000008003a8c       0x2c Drivers/STM32L4xx_HAL_Driver/Src/stm32l4xx_hal_rcc.o
                0x0000000008003a8c                HAL_RCC_GetPCLK1Freq
 .text.HAL_RCC_GetPCLK2Freq
                0x0000000008003ab8       0x2c Drivers/STM32L4xx_HAL_Driver/Src/stm32l4xx_hal_rcc.o
                0x0000000008003ab8                HAL_RCC_GetPCLK2Freq
 .text.RCC_SetFlashLatencyFromMSIRange
                0x0000000008003ae4       0xc0 Drivers/STM32L4xx_HAL_Driver/Src/stm32l4xx_hal_rcc.o
 .text.HAL_RCCEx_PeriphCLKConfig
                0x0000000008003ba4      0x6c4 Drivers/STM32L4xx_HAL_Driver/Src/stm32l4xx_hal_rcc_ex.o
                0x0000000008003ba4                HAL_RCCEx_PeriphCLKConfig
 .text.RCCEx_PLLSAI1_Config
                0x0000000008004268      0x2f8 Drivers/STM32L4xx_HAL_Driver/Src/stm32l4xx_hal_rcc_ex.o
 .text.HAL_SPI_Init
                0x0000000008004560      0x3cc Drivers/STM32L4xx_HAL_Driver/Src/stm32l4xx_hal_spi.o
                0x0000000008004560                HAL_SPI_Init
 .text.HAL_SPI_Transmit
                0x000000000800492c      0x2fc Drivers/STM32L4xx_HAL_Driver/Src/stm32l4xx_hal_spi.o
                0x000000000800492c                HAL_SPI_Transmit
 .text.SPI_WaitFlagStateUntilTimeout
                0x0000000008004c28      0x110 Drivers/STM32L4xx_HAL_Driver/Src/stm32l4xx_hal_spi.o
 .text.SPI_WaitFifoStateUntilTimeout
                0x0000000008004d38      0x11c Drivers/STM32L4xx_HAL_Driver/Src/stm32l4xx_hal_spi.o
 .text.SPI_EndRxTxTransaction
                0x0000000008004e54       0x8c Drivers/STM32L4xx_HAL_Driver/Src/stm32l4xx_hal_spi.o
 .text.HAL_UART_Init
                0x0000000008004ee0      0x108 Drivers/STM32L4xx_HAL_Driver/Src/stm32l4xx_hal_uart.o
                0x0000000008004ee0                HAL_UART_Init
 .text.HAL_UART_Transmit
                0x0000000008004fe8      0x126 Drivers/STM32L4xx_HAL_Driver/Src/stm32l4xx_hal_uart.o
                0x0000000008004fe8                HAL_UART_Transmit
 *fill*         0x000000000800510e        0x2 
 .text.HAL_UART_Receive_DMA
                0x0000000008005110      0x108 Drivers/STM32L4xx_HAL_Driver/Src/stm32l4xx_hal_uart.o
                0x0000000008005110                HAL_UART_Receive_DMA
 .text.HAL_UART_DMAPause
                0x0000000008005218       0xa8 Drivers/STM32L4xx_HAL_Driver/Src/stm32l4xx_hal_uart.o
                0x0000000008005218                HAL_UART_DMAPause
 .text.HAL_UART_DMAResume
                0x00000000080052c0       0x8c Drivers/STM32L4xx_HAL_Driver/Src/stm32l4xx_hal_uart.o
                0x00000000080052c0                HAL_UART_DMAResume
 .text.HAL_UART_DMAStop
                0x000000000800534c       0xd6 Drivers/STM32L4xx_HAL_Driver/Src/stm32l4xx_hal_uart.o
                0x000000000800534c                HAL_UART_DMAStop
 *fill*         0x0000000008005422        0x2 
 .text.HAL_UART_IRQHandler
                0x0000000008005424      0x290 Drivers/STM32L4xx_HAL_Driver/Src/stm32l4xx_hal_uart.o
                0x0000000008005424                HAL_UART_IRQHandler
 .text.HAL_UART_TxCpltCallback
                0x00000000080056b4       0x14 Drivers/STM32L4xx_HAL_Driver/Src/stm32l4xx_hal_uart.o
                0x00000000080056b4                HAL_UART_TxCpltCallback
 .text.HAL_UART_RxCpltCallback
                0x00000000080056c8       0x14 Drivers/STM32L4xx_HAL_Driver/Src/stm32l4xx_hal_uart.o
                0x00000000080056c8                HAL_UART_RxCpltCallback
 .text.HAL_UART_RxHalfCpltCallback
                0x00000000080056dc       0x14 Drivers/STM32L4xx_HAL_Driver/Src/stm32l4xx_hal_uart.o
                0x00000000080056dc                HAL_UART_RxHalfCpltCallback
 .text.HAL_UART_ErrorCallback
                0x00000000080056f0       0x14 Drivers/STM32L4xx_HAL_Driver/Src/stm32l4xx_hal_uart.o
                0x00000000080056f0                HAL_UART_ErrorCallback
 .text.UART_SetConfig
                0x0000000008005704      0x564 Drivers/STM32L4xx_HAL_Driver/Src/stm32l4xx_hal_uart.o
                0x0000000008005704                UART_SetConfig
 .text.UART_AdvFeatureConfig
                0x0000000008005c68      0x28c Drivers/STM32L4xx_HAL_Driver/Src/stm32l4xx_hal_uart.o
                0x0000000008005c68                UART_AdvFeatureConfig
 .text.UART_CheckIdleState
                0x0000000008005ef4       0x8a Drivers/STM32L4xx_HAL_Driver/Src/stm32l4xx_hal_uart.o
                0x0000000008005ef4                UART_CheckIdleState
 .text.UART_WaitOnFlagUntilTimeout
                0x0000000008005f7e       0xf6 Drivers/STM32L4xx_HAL_Driver/Src/stm32l4xx_hal_uart.o
                0x0000000008005f7e                UART_WaitOnFlagUntilTimeout
 .text.UART_EndTxTransfer
                0x0000000008006074       0x2a Drivers/STM32L4xx_HAL_Driver/Src/stm32l4xx_hal_uart.o
 .text.UART_EndRxTransfer
                0x000000000800609e       0x40 Drivers/STM32L4xx_HAL_Driver/Src/stm32l4xx_hal_uart.o
 .text.UART_DMAReceiveCplt
                0x00000000080060de       0x68 Drivers/STM32L4xx_HAL_Driver/Src/stm32l4xx_hal_uart.o
 .text.UART_DMARxHalfCplt
                0x0000000008006146       0x1c Drivers/STM32L4xx_HAL_Driver/Src/stm32l4xx_hal_uart.o
 .text.UART_DMAError
                0x0000000008006162       0x78 Drivers/STM32L4xx_HAL_Driver/Src/stm32l4xx_hal_uart.o
 .text.UART_DMAAbortOnError
                0x00000000080061da       0x2c Drivers/STM32L4xx_HAL_Driver/Src/stm32l4xx_hal_uart.o
 .text.UART_EndTransmit_IT
                0x0000000008006206       0x32 Drivers/STM32L4xx_HAL_Driver/Src/stm32l4xx_hal_uart.o
 .text.HAL_UARTEx_WakeupCallback
                0x0000000008006238       0x14 Drivers/STM32L4xx_HAL_Driver/Src/stm32l4xx_hal_uart_ex.o
                0x0000000008006238                HAL_UARTEx_WakeupCallback
 .text.HAL_DWT_Delay_us
                0x000000000800624c       0x44 SSD7317Z/Src/SSD7317.o
 .text.HAL_GPIO_EXTI_Callback
                0x0000000008006290       0x40 SSD7317Z/Src/SSD7317.o
                0x0000000008006290                HAL_GPIO_EXTI_Callback
 .text.ssd7317_init
                0x00000000080062d0       0x7c SSD7317Z/Src/SSD7317.o
                0x00000000080062d0                ssd7317_init
 .text.ssd7317_display_on
                0x000000000800634c       0x22 SSD7317Z/Src/SSD7317.o
                0x000000000800634c                ssd7317_display_on
 *fill*         0x000000000800636e        0x2 
 .text.MX_GPIO_Init
                0x0000000008006370      0x108 SSD7317Z/Src/SSD7317.o
 .text.MX_SPI1_Init
                0x0000000008006478       0x7c SSD7317Z/Src/SSD7317.o
 .text.MX_I2C1_Init
                0x00000000080064f4       0x80 SSD7317Z/Src/SSD7317.o
 .text.spi_write_command
                0x0000000008006574       0x48 SSD7317Z/Src/SSD7317.o
                0x0000000008006574                spi_write_command
 .text.spi_write_data
                0x00000000080065bc       0x48 SSD7317Z/Src/SSD7317.o
                0x00000000080065bc                spi_write_data
 .text.fb_set_pixel
                0x0000000008006604       0xcc SSD7317Z/Src/SSD7317.o
 .text.fb_fill_area
                0x00000000080066d0       0xee SSD7317Z/Src/SSD7317.o
 *fill*         0x00000000080067be        0x2 
 .text.fb_clear
                0x00000000080067c0       0x7c SSD7317Z/Src/SSD7317.o
 .text.fb_spi_transfer
                0x000000000800683c       0xe4 SSD7317Z/Src/SSD7317.o
 .text.fb_flush_pending_set
                0x0000000008006920       0x34 SSD7317Z/Src/SSD7317.o
 .text.fb_flush_suspend
                0x0000000008006954       0x40 SSD7317Z/Src/SSD7317.o
 .text.fb_flush_pending_clear
                0x0000000008006994       0x18 SSD7317Z/Src/SSD7317.o
 .text.fb_flush_pending_get
                0x00000000080069ac       0x18 SSD7317Z/Src/SSD7317.o
 .text.i2c_write
                0x00000000080069c4       0x90 SSD7317Z/Src/SSD7317.o
 .text.i2c_read
                0x0000000008006a54       0x88 SSD7317Z/Src/SSD7317.o
 .text.touch_crc_checksum
                0x0000000008006adc       0xa0 SSD7317Z/Src/SSD7317.o
 .text.touch_init
                0x0000000008006b7c      0x20c SSD7317Z/Src/SSD7317.o
 .text.touch_event_clear
                0x0000000008006d88       0x2c SSD7317Z/Src/SSD7317.o
 .text.touch_event_set
                0x0000000008006db4       0x18 SSD7317Z/Src/SSD7317.o
 .text.ssd7317_get_charsize
                0x0000000008006dcc       0x6c SSD7317Z/Src/SSD7317.o
                0x0000000008006dcc                ssd7317_get_charsize
 .text.ssd7317_put_string
                0x0000000008006e38      0x158 SSD7317Z/Src/SSD7317.o
                0x0000000008006e38                ssd7317_put_string
 .text.ssd7317_get_stringsize
                0x0000000008006f90       0x6c SSD7317Z/Src/SSD7317.o
                0x0000000008006f90                ssd7317_get_stringsize
 .text.HAL_DWT_Delay_Init
                0x0000000008006ffc       0x60 SSD7317Z/Src/dwt_stm32_delay.o
                0x0000000008006ffc                HAL_DWT_Delay_Init
 .text.rpc_buffer_empty
                0x000000000800705c       0x28 SSD7317Z/Src/rpc.o
 .text.rpc_get_command
                0x0000000008007084       0x7c SSD7317Z/Src/rpc.o
 .text.rpc_uart_init
                0x0000000008007100       0xc4 SSD7317Z/Src/rpc.o
                0x0000000008007100                rpc_uart_init
 .text.rpc_idle_callback
                0x00000000080071c4       0x3c SSD7317Z/Src/rpc.o
                0x00000000080071c4                rpc_idle_callback
 .text.rpc_main_task
                0x0000000008007200       0xc8 SSD7317Z/Src/rpc.o
                0x0000000008007200                rpc_main_task
 .text.__errno  0x00000000080072c8        0xc c:/st/stm32cubeide_1.2.0/stm32cubeide/plugins/com.st.stm32cube.ide.mcu.externaltools.gnu-tools-for-stm32.7-2018-q2-update.win32_1.4.0.202007081208/tools/bin/../lib/gcc/arm-none-eabi/7.3.1/../../../../arm-none-eabi/lib/thumb/v7e-m/fpv4-sp/hard\libc_nano.a(lib_a-errno.o)
                0x00000000080072c8                __errno
 .text.__libc_init_array
                0x00000000080072d4       0x48 c:/st/stm32cubeide_1.2.0/stm32cubeide/plugins/com.st.stm32cube.ide.mcu.externaltools.gnu-tools-for-stm32.7-2018-q2-update.win32_1.4.0.202007081208/tools/bin/../lib/gcc/arm-none-eabi/7.3.1/../../../../arm-none-eabi/lib/thumb/v7e-m/fpv4-sp/hard\libc_nano.a(lib_a-init.o)
                0x00000000080072d4                __libc_init_array
 .text.memset   0x000000000800731c       0x10 c:/st/stm32cubeide_1.2.0/stm32cubeide/plugins/com.st.stm32cube.ide.mcu.externaltools.gnu-tools-for-stm32.7-2018-q2-update.win32_1.4.0.202007081208/tools/bin/../lib/gcc/arm-none-eabi/7.3.1/../../../../arm-none-eabi/lib/thumb/v7e-m/fpv4-sp/hard\libc_nano.a(lib_a-memset.o)
                0x000000000800731c                memset
 .text.putchar  0x000000000800732c       0x28 c:/st/stm32cubeide_1.2.0/stm32cubeide/plugins/com.st.stm32cube.ide.mcu.externaltools.gnu-tools-for-stm32.7-2018-q2-update.win32_1.4.0.202007081208/tools/bin/../lib/gcc/arm-none-eabi/7.3.1/../../../../arm-none-eabi/lib/thumb/v7e-m/fpv4-sp/hard\libc_nano.a(lib_a-putchar.o)
                0x000000000800732c                putchar
 .text._puts_r  0x0000000008007354       0xb8 c:/st/stm32cubeide_1.2.0/stm32cubeide/plugins/com.st.stm32cube.ide.mcu.externaltools.gnu-tools-for-stm32.7-2018-q2-update.win32_1.4.0.202007081208/tools/bin/../lib/gcc/arm-none-eabi/7.3.1/../../../../arm-none-eabi/lib/thumb/v7e-m/fpv4-sp/hard\libc_nano.a(lib_a-puts.o)
                0x0000000008007354                _puts_r
 .text.puts     0x000000000800740c       0x10 c:/st/stm32cubeide_1.2.0/stm32cubeide/plugins/com.st.stm32cube.ide.mcu.externaltools.gnu-tools-for-stm32.7-2018-q2-update.win32_1.4.0.202007081208/tools/bin/../lib/gcc/arm-none-eabi/7.3.1/../../../../arm-none-eabi/lib/thumb/v7e-m/fpv4-sp/hard\libc_nano.a(lib_a-puts.o)
                0x000000000800740c                puts
 .text.__swbuf_r
                0x000000000800741c       0xa4 c:/st/stm32cubeide_1.2.0/stm32cubeide/plugins/com.st.stm32cube.ide.mcu.externaltools.gnu-tools-for-stm32.7-2018-q2-update.win32_1.4.0.202007081208/tools/bin/../lib/gcc/arm-none-eabi/7.3.1/../../../../arm-none-eabi/lib/thumb/v7e-m/fpv4-sp/hard\libc_nano.a(lib_a-wbuf.o)
                0x000000000800741c                __swbuf_r
 .text.__swsetup_r
                0x00000000080074c0       0xdc c:/st/stm32cubeide_1.2.0/stm32cubeide/plugins/com.st.stm32cube.ide.mcu.externaltools.gnu-tools-for-stm32.7-2018-q2-update.win32_1.4.0.202007081208/tools/bin/../lib/gcc/arm-none-eabi/7.3.1/../../../../arm-none-eabi/lib/thumb/v7e-m/fpv4-sp/hard\libc_nano.a(lib_a-wsetup.o)
                0x00000000080074c0                __swsetup_r
 .text.__sflush_r
                0x000000000800759c      0x10c c:/st/stm32cubeide_1.2.0/stm32cubeide/plugins/com.st.stm32cube.ide.mcu.externaltools.gnu-tools-for-stm32.7-2018-q2-update.win32_1.4.0.202007081208/tools/bin/../lib/gcc/arm-none-eabi/7.3.1/../../../../arm-none-eabi/lib/thumb/v7e-m/fpv4-sp/hard\libc_nano.a(lib_a-fflush.o)
                0x000000000800759c                __sflush_r
 .text._fflush_r
                0x00000000080076a8       0x54 c:/st/stm32cubeide_1.2.0/stm32cubeide/plugins/com.st.stm32cube.ide.mcu.externaltools.gnu-tools-for-stm32.7-2018-q2-update.win32_1.4.0.202007081208/tools/bin/../lib/gcc/arm-none-eabi/7.3.1/../../../../arm-none-eabi/lib/thumb/v7e-m/fpv4-sp/hard\libc_nano.a(lib_a-fflush.o)
                0x00000000080076a8                _fflush_r
 .text.std      0x00000000080076fc       0x48 c:/st/stm32cubeide_1.2.0/stm32cubeide/plugins/com.st.stm32cube.ide.mcu.externaltools.gnu-tools-for-stm32.7-2018-q2-update.win32_1.4.0.202007081208/tools/bin/../lib/gcc/arm-none-eabi/7.3.1/../../../../arm-none-eabi/lib/thumb/v7e-m/fpv4-sp/hard\libc_nano.a(lib_a-findfp.o)
 .text._cleanup_r
                0x0000000008007744        0xc c:/st/stm32cubeide_1.2.0/stm32cubeide/plugins/com.st.stm32cube.ide.mcu.externaltools.gnu-tools-for-stm32.7-2018-q2-update.win32_1.4.0.202007081208/tools/bin/../lib/gcc/arm-none-eabi/7.3.1/../../../../arm-none-eabi/lib/thumb/v7e-m/fpv4-sp/hard\libc_nano.a(lib_a-findfp.o)
                0x0000000008007744                _cleanup_r
 .text.__sfmoreglue
                0x0000000008007750       0x2c c:/st/stm32cubeide_1.2.0/stm32cubeide/plugins/com.st.stm32cube.ide.mcu.externaltools.gnu-tools-for-stm32.7-2018-q2-update.win32_1.4.0.202007081208/tools/bin/../lib/gcc/arm-none-eabi/7.3.1/../../../../arm-none-eabi/lib/thumb/v7e-m/fpv4-sp/hard\libc_nano.a(lib_a-findfp.o)
                0x0000000008007750                __sfmoreglue
 .text.__sinit  0x000000000800777c       0x60 c:/st/stm32cubeide_1.2.0/stm32cubeide/plugins/com.st.stm32cube.ide.mcu.externaltools.gnu-tools-for-stm32.7-2018-q2-update.win32_1.4.0.202007081208/tools/bin/../lib/gcc/arm-none-eabi/7.3.1/../../../../arm-none-eabi/lib/thumb/v7e-m/fpv4-sp/hard\libc_nano.a(lib_a-findfp.o)
                0x000000000800777c                __sinit
 .text.__sfp    0x00000000080077dc       0x78 c:/st/stm32cubeide_1.2.0/stm32cubeide/plugins/com.st.stm32cube.ide.mcu.externaltools.gnu-tools-for-stm32.7-2018-q2-update.win32_1.4.0.202007081208/tools/bin/../lib/gcc/arm-none-eabi/7.3.1/../../../../arm-none-eabi/lib/thumb/v7e-m/fpv4-sp/hard\libc_nano.a(lib_a-findfp.o)
                0x00000000080077dc                __sfp
 .text._fwalk_reent
                0x0000000008007854       0x3c c:/st/stm32cubeide_1.2.0/stm32cubeide/plugins/com.st.stm32cube.ide.mcu.externaltools.gnu-tools-for-stm32.7-2018-q2-update.win32_1.4.0.202007081208/tools/bin/../lib/gcc/arm-none-eabi/7.3.1/../../../../arm-none-eabi/lib/thumb/v7e-m/fpv4-sp/hard\libc_nano.a(lib_a-fwalk.o)
                0x0000000008007854                _fwalk_reent
 .text.__swhatbuf_r
                0x0000000008007890       0x48 c:/st/stm32cubeide_1.2.0/stm32cubeide/plugins/com.st.stm32cube.ide.mcu.externaltools.gnu-tools-for-stm32.7-2018-q2-update.win32_1.4.0.202007081208/tools/bin/../lib/gcc/arm-none-eabi/7.3.1/../../../../arm-none-eabi/lib/thumb/v7e-m/fpv4-sp/hard\libc_nano.a(lib_a-makebuf.o)
                0x0000000008007890                __swhatbuf_r
 .text.__smakebuf_r
                0x00000000080078d8       0x80 c:/st/stm32cubeide_1.2.0/stm32cubeide/plugins/com.st.stm32cube.ide.mcu.externaltools.gnu-tools-for-stm32.7-2018-q2-update.win32_1.4.0.202007081208/tools/bin/../lib/gcc/arm-none-eabi/7.3.1/../../../../arm-none-eabi/lib/thumb/v7e-m/fpv4-sp/hard\libc_nano.a(lib_a-makebuf.o)
                0x00000000080078d8                __smakebuf_r
 .text._free_r  0x0000000008007958       0x9c c:/st/stm32cubeide_1.2.0/stm32cubeide/plugins/com.st.stm32cube.ide.mcu.externaltools.gnu-tools-for-stm32.7-2018-q2-update.win32_1.4.0.202007081208/tools/bin/../lib/gcc/arm-none-eabi/7.3.1/../../../../arm-none-eabi/lib/thumb/v7e-m/fpv4-sp/hard\libc_nano.a(lib_a-nano-freer.o)
                0x0000000008007958                _free_r
 .text._malloc_r
                0x00000000080079f4       0xb4 c:/st/stm32cubeide_1.2.0/stm32cubeide/plugins/com.st.stm32cube.ide.mcu.externaltools.gnu-tools-for-stm32.7-2018-q2-update.win32_1.4.0.202007081208/tools/bin/../lib/gcc/arm-none-eabi/7.3.1/../../../../arm-none-eabi/lib/thumb/v7e-m/fpv4-sp/hard\libc_nano.a(lib_a-nano-mallocr.o)
                0x00000000080079f4                _malloc_r
 .text._putc_r  0x0000000008007aa8       0x6c c:/st/stm32cubeide_1.2.0/stm32cubeide/plugins/com.st.stm32cube.ide.mcu.externaltools.gnu-tools-for-stm32.7-2018-q2-update.win32_1.4.0.202007081208/tools/bin/../lib/gcc/arm-none-eabi/7.3.1/../../../../arm-none-eabi/lib/thumb/v7e-m/fpv4-sp/hard\libc_nano.a(lib_a-putc.o)
                0x0000000008007aa8                _putc_r
 .text._sbrk_r  0x0000000008007b14       0x20 c:/st/stm32cubeide_1.2.0/stm32cubeide/plugins/com.st.stm32cube.ide.mcu.externaltools.gnu-tools-for-stm32.7-2018-q2-update.win32_1.4.0.202007081208/tools/bin/../lib/gcc/arm-none-eabi/7.3.1/../../../../arm-none-eabi/lib/thumb/v7e-m/fpv4-sp/hard\libc_nano.a(lib_a-sbrkr.o)
                0x0000000008007b14                _sbrk_r
 .text.__sread  0x0000000008007b34       0x22 c:/st/stm32cubeide_1.2.0/stm32cubeide/plugins/com.st.stm32cube.ide.mcu.externaltools.gnu-tools-for-stm32.7-2018-q2-update.win32_1.4.0.202007081208/tools/bin/../lib/gcc/arm-none-eabi/7.3.1/../../../../arm-none-eabi/lib/thumb/v7e-m/fpv4-sp/hard\libc_nano.a(lib_a-stdio.o)
                0x0000000008007b34                __sread
 .text.__swrite
                0x0000000008007b56       0x38 c:/st/stm32cubeide_1.2.0/stm32cubeide/plugins/com.st.stm32cube.ide.mcu.externaltools.gnu-tools-for-stm32.7-2018-q2-update.win32_1.4.0.202007081208/tools/bin/../lib/gcc/arm-none-eabi/7.3.1/../../../../arm-none-eabi/lib/thumb/v7e-m/fpv4-sp/hard\libc_nano.a(lib_a-stdio.o)
                0x0000000008007b56                __swrite
 .text.__sseek  0x0000000008007b8e       0x24 c:/st/stm32cubeide_1.2.0/stm32cubeide/plugins/com.st.stm32cube.ide.mcu.externaltools.gnu-tools-for-stm32.7-2018-q2-update.win32_1.4.0.202007081208/tools/bin/../lib/gcc/arm-none-eabi/7.3.1/../../../../arm-none-eabi/lib/thumb/v7e-m/fpv4-sp/hard\libc_nano.a(lib_a-stdio.o)
                0x0000000008007b8e                __sseek
 .text.__sclose
                0x0000000008007bb2        0x8 c:/st/stm32cubeide_1.2.0/stm32cubeide/plugins/com.st.stm32cube.ide.mcu.externaltools.gnu-tools-for-stm32.7-2018-q2-update.win32_1.4.0.202007081208/tools/bin/../lib/gcc/arm-none-eabi/7.3.1/../../../../arm-none-eabi/lib/thumb/v7e-m/fpv4-sp/hard\libc_nano.a(lib_a-stdio.o)
                0x0000000008007bb2                __sclose
 *fill*         0x0000000008007bba        0x2 
 .text._write_r
                0x0000000008007bbc       0x24 c:/st/stm32cubeide_1.2.0/stm32cubeide/plugins/com.st.stm32cube.ide.mcu.externaltools.gnu-tools-for-stm32.7-2018-q2-update.win32_1.4.0.202007081208/tools/bin/../lib/gcc/arm-none-eabi/7.3.1/../../../../arm-none-eabi/lib/thumb/v7e-m/fpv4-sp/hard\libc_nano.a(lib_a-writer.o)
                0x0000000008007bbc                _write_r
 .text._close_r
                0x0000000008007be0       0x20 c:/st/stm32cubeide_1.2.0/stm32cubeide/plugins/com.st.stm32cube.ide.mcu.externaltools.gnu-tools-for-stm32.7-2018-q2-update.win32_1.4.0.202007081208/tools/bin/../lib/gcc/arm-none-eabi/7.3.1/../../../../arm-none-eabi/lib/thumb/v7e-m/fpv4-sp/hard\libc_nano.a(lib_a-closer.o)
                0x0000000008007be0                _close_r
 .text._fstat_r
                0x0000000008007c00       0x24 c:/st/stm32cubeide_1.2.0/stm32cubeide/plugins/com.st.stm32cube.ide.mcu.externaltools.gnu-tools-for-stm32.7-2018-q2-update.win32_1.4.0.202007081208/tools/bin/../lib/gcc/arm-none-eabi/7.3.1/../../../../arm-none-eabi/lib/thumb/v7e-m/fpv4-sp/hard\libc_nano.a(lib_a-fstatr.o)
                0x0000000008007c00                _fstat_r
 .text._isatty_r
                0x0000000008007c24       0x20 c:/st/stm32cubeide_1.2.0/stm32cubeide/plugins/com.st.stm32cube.ide.mcu.externaltools.gnu-tools-for-stm32.7-2018-q2-update.win32_1.4.0.202007081208/tools/bin/../lib/gcc/arm-none-eabi/7.3.1/../../../../arm-none-eabi/lib/thumb/v7e-m/fpv4-sp/hard\libc_nano.a(lib_a-isattyr.o)
                0x0000000008007c24                _isatty_r
 .text._lseek_r
                0x0000000008007c44       0x24 c:/st/stm32cubeide_1.2.0/stm32cubeide/plugins/com.st.stm32cube.ide.mcu.externaltools.gnu-tools-for-stm32.7-2018-q2-update.win32_1.4.0.202007081208/tools/bin/../lib/gcc/arm-none-eabi/7.3.1/../../../../arm-none-eabi/lib/thumb/v7e-m/fpv4-sp/hard\libc_nano.a(lib_a-lseekr.o)
                0x0000000008007c44                _lseek_r
 .text.__malloc_lock
                0x0000000008007c68        0x2 c:/st/stm32cubeide_1.2.0/stm32cubeide/plugins/com.st.stm32cube.ide.mcu.externaltools.gnu-tools-for-stm32.7-2018-q2-update.win32_1.4.0.202007081208/tools/bin/../lib/gcc/arm-none-eabi/7.3.1/../../../../arm-none-eabi/lib/thumb/v7e-m/fpv4-sp/hard\libc_nano.a(lib_a-mlock.o)
                0x0000000008007c68                __malloc_lock
 .text.__malloc_unlock
                0x0000000008007c6a        0x2 c:/st/stm32cubeide_1.2.0/stm32cubeide/plugins/com.st.stm32cube.ide.mcu.externaltools.gnu-tools-for-stm32.7-2018-q2-update.win32_1.4.0.202007081208/tools/bin/../lib/gcc/arm-none-eabi/7.3.1/../../../../arm-none-eabi/lib/thumb/v7e-m/fpv4-sp/hard\libc_nano.a(lib_a-mlock.o)
                0x0000000008007c6a                __malloc_unlock
 .text._read_r  0x0000000008007c6c       0x24 c:/st/stm32cubeide_1.2.0/stm32cubeide/plugins/com.st.stm32cube.ide.mcu.externaltools.gnu-tools-for-stm32.7-2018-q2-update.win32_1.4.0.202007081208/tools/bin/../lib/gcc/arm-none-eabi/7.3.1/../../../../arm-none-eabi/lib/thumb/v7e-m/fpv4-sp/hard\libc_nano.a(lib_a-readr.o)
                0x0000000008007c6c                _read_r
 *(.glue_7)
 .glue_7        0x0000000008007c90        0x0 linker stubs
 *(.glue_7t)
 .glue_7t       0x0000000008007c90        0x0 linker stubs
 *(.eh_frame)
 .eh_frame      0x0000000008007c90        0x0 c:/st/stm32cubeide_1.2.0/stm32cubeide/plugins/com.st.stm32cube.ide.mcu.externaltools.gnu-tools-for-stm32.7-2018-q2-update.win32_1.4.0.202007081208/tools/bin/../lib/gcc/arm-none-eabi/7.3.1/thumb/v7e-m/fpv4-sp/hard/crtbegin.o
 *(.init)
 .init          0x0000000008007c90        0x4 c:/st/stm32cubeide_1.2.0/stm32cubeide/plugins/com.st.stm32cube.ide.mcu.externaltools.gnu-tools-for-stm32.7-2018-q2-update.win32_1.4.0.202007081208/tools/bin/../lib/gcc/arm-none-eabi/7.3.1/thumb/v7e-m/fpv4-sp/hard/crti.o
                0x0000000008007c90                _init
 .init          0x0000000008007c94        0x8 c:/st/stm32cubeide_1.2.0/stm32cubeide/plugins/com.st.stm32cube.ide.mcu.externaltools.gnu-tools-for-stm32.7-2018-q2-update.win32_1.4.0.202007081208/tools/bin/../lib/gcc/arm-none-eabi/7.3.1/thumb/v7e-m/fpv4-sp/hard/crtn.o
 *(.fini)
 .fini          0x0000000008007c9c        0x4 c:/st/stm32cubeide_1.2.0/stm32cubeide/plugins/com.st.stm32cube.ide.mcu.externaltools.gnu-tools-for-stm32.7-2018-q2-update.win32_1.4.0.202007081208/tools/bin/../lib/gcc/arm-none-eabi/7.3.1/thumb/v7e-m/fpv4-sp/hard/crti.o
                0x0000000008007c9c                _fini
 .fini          0x0000000008007ca0        0x8 c:/st/stm32cubeide_1.2.0/stm32cubeide/plugins/com.st.stm32cube.ide.mcu.externaltools.gnu-tools-for-stm32.7-2018-q2-update.win32_1.4.0.202007081208/tools/bin/../lib/gcc/arm-none-eabi/7.3.1/thumb/v7e-m/fpv4-sp/hard/crtn.o
                0x0000000008007ca8                . = ALIGN (0x4)
                0x0000000008007ca8                _etext = .

.vfp11_veneer   0x0000000008007ca8        0x0
 .vfp11_veneer  0x0000000008007ca8        0x0 linker stubs

.v4_bx          0x0000000008007ca8        0x0
 .v4_bx         0x0000000008007ca8        0x0 linker stubs

.iplt           0x0000000008007ca8        0x0
 .iplt          0x0000000008007ca8        0x0 c:/st/stm32cubeide_1.2.0/stm32cubeide/plugins/com.st.stm32cube.ide.mcu.externaltools.gnu-tools-for-stm32.7-2018-q2-update.win32_1.4.0.202007081208/tools/bin/../lib/gcc/arm-none-eabi/7.3.1/thumb/v7e-m/fpv4-sp/hard/crtbegin.o

.rodata         0x0000000008007ca8     0x5108
                0x0000000008007ca8                . = ALIGN (0x4)
 *(.rodata)
 .rodata        0x0000000008007ca8        0xc Core/Src/main.o
 .rodata        0x0000000008007cb4       0x3b Drivers/STM32L4xx_HAL_Driver/Src/stm32l4xx_hal_cortex.o
 *fill*         0x0000000008007cef        0x1 
 .rodata        0x0000000008007cf0       0x38 Drivers/STM32L4xx_HAL_Driver/Src/stm32l4xx_hal_dma.o
 .rodata        0x0000000008007d28       0x39 Drivers/STM32L4xx_HAL_Driver/Src/stm32l4xx_hal_gpio.o
 *fill*         0x0000000008007d61        0x3 
 .rodata        0x0000000008007d64       0x38 Drivers/STM32L4xx_HAL_Driver/Src/stm32l4xx_hal_i2c.o
 .rodata        0x0000000008007d9c       0x3b Drivers/STM32L4xx_HAL_Driver/Src/stm32l4xx_hal_i2c_ex.o
 *fill*         0x0000000008007dd7        0x1 
 .rodata        0x0000000008007dd8       0x3b Drivers/STM32L4xx_HAL_Driver/Src/stm32l4xx_hal_pwr_ex.o
 *fill*         0x0000000008007e13        0x1 
 .rodata        0x0000000008007e14       0x38 Drivers/STM32L4xx_HAL_Driver/Src/stm32l4xx_hal_rcc.o
 .rodata        0x0000000008007e4c       0x3b Drivers/STM32L4xx_HAL_Driver/Src/stm32l4xx_hal_rcc_ex.o
 *fill*         0x0000000008007e87        0x1 
 .rodata        0x0000000008007e88       0x38 Drivers/STM32L4xx_HAL_Driver/Src/stm32l4xx_hal_spi.o
 .rodata        0x0000000008007ec0       0x39 Drivers/STM32L4xx_HAL_Driver/Src/stm32l4xx_hal_uart.o
 *fill*         0x0000000008007ef9        0x3 
 .rodata        0x0000000008007efc       0x87 SSD7317Z/Src/SSD7317.o
 *fill*         0x0000000008007f83        0x1 
 .rodata        0x0000000008007f84       0x12 SSD7317Z/Src/rpc.o
 *(.rodata*)
 *fill*         0x0000000008007f96        0x2 
 .rodata.image_data_Tahoma_12h_0x20
                0x0000000008007f98        0xe Core/Src/main.o
 *fill*         0x0000000008007fa6        0x2 
 .rodata.Tahoma_12h_0x20
                0x0000000008007fa8        0xc Core/Src/main.o
 .rodata.image_data_Tahoma_12h_0x21
                0x0000000008007fb4        0xe Core/Src/main.o
 *fill*         0x0000000008007fc2        0x2 
 .rodata.Tahoma_12h_0x21
                0x0000000008007fc4        0xc Core/Src/main.o
 .rodata.image_data_Tahoma_12h_0x22
                0x0000000008007fd0        0xe Core/Src/main.o
 *fill*         0x0000000008007fde        0x2 
 .rodata.Tahoma_12h_0x22
                0x0000000008007fe0        0xc Core/Src/main.o
 .rodata.image_data_Tahoma_12h_0x23
                0x0000000008007fec       0x1c Core/Src/main.o
 .rodata.Tahoma_12h_0x23
                0x0000000008008008        0xc Core/Src/main.o
 .rodata.image_data_Tahoma_12h_0x24
                0x0000000008008014        0xe Core/Src/main.o
 *fill*         0x0000000008008022        0x2 
 .rodata.Tahoma_12h_0x24
                0x0000000008008024        0xc Core/Src/main.o
 .rodata.image_data_Tahoma_12h_0x25
                0x0000000008008030       0x1c Core/Src/main.o
 .rodata.Tahoma_12h_0x25
                0x000000000800804c        0xc Core/Src/main.o
 .rodata.image_data_Tahoma_12h_0x26
                0x0000000008008058        0xe Core/Src/main.o
 *fill*         0x0000000008008066        0x2 
 .rodata.Tahoma_12h_0x26
                0x0000000008008068        0xc Core/Src/main.o
 .rodata.image_data_Tahoma_12h_0x27
                0x0000000008008074        0xe Core/Src/main.o
 *fill*         0x0000000008008082        0x2 
 .rodata.Tahoma_12h_0x27
                0x0000000008008084        0xc Core/Src/main.o
 .rodata.image_data_Tahoma_12h_0x28
                0x0000000008008090        0xe Core/Src/main.o
 *fill*         0x000000000800809e        0x2 
 .rodata.Tahoma_12h_0x28
                0x00000000080080a0        0xc Core/Src/main.o
 .rodata.image_data_Tahoma_12h_0x29
                0x00000000080080ac        0xe Core/Src/main.o
 *fill*         0x00000000080080ba        0x2 
 .rodata.Tahoma_12h_0x29
                0x00000000080080bc        0xc Core/Src/main.o
 .rodata.image_data_Tahoma_12h_0x2a
                0x00000000080080c8        0xe Core/Src/main.o
 *fill*         0x00000000080080d6        0x2 
 .rodata.Tahoma_12h_0x2a
                0x00000000080080d8        0xc Core/Src/main.o
 .rodata.image_data_Tahoma_12h_0x2b
                0x00000000080080e4        0xe Core/Src/main.o
 *fill*         0x00000000080080f2        0x2 
 .rodata.Tahoma_12h_0x2b
                0x00000000080080f4        0xc Core/Src/main.o
 .rodata.image_data_Tahoma_12h_0x2c
                0x0000000008008100        0xe Core/Src/main.o
 *fill*         0x000000000800810e        0x2 
 .rodata.Tahoma_12h_0x2c
                0x0000000008008110        0xc Core/Src/main.o
 .rodata.image_data_Tahoma_12h_0x2d
                0x000000000800811c        0xe Core/Src/main.o
 *fill*         0x000000000800812a        0x2 
 .rodata.Tahoma_12h_0x2d
                0x000000000800812c        0xc Core/Src/main.o
 .rodata.image_data_Tahoma_12h_0x2e
                0x0000000008008138        0xe Core/Src/main.o
 *fill*         0x0000000008008146        0x2 
 .rodata.Tahoma_12h_0x2e
                0x0000000008008148        0xc Core/Src/main.o
 .rodata.image_data_Tahoma_12h_0x2f
                0x0000000008008154        0xe Core/Src/main.o
 *fill*         0x0000000008008162        0x2 
 .rodata.Tahoma_12h_0x2f
                0x0000000008008164        0xc Core/Src/main.o
 .rodata.image_data_Tahoma_12h_0x30
                0x0000000008008170        0xe Core/Src/main.o
 *fill*         0x000000000800817e        0x2 
 .rodata.Tahoma_12h_0x30
                0x0000000008008180        0xc Core/Src/main.o
 .rodata.image_data_Tahoma_12h_0x31
                0x000000000800818c        0xe Core/Src/main.o
 *fill*         0x000000000800819a        0x2 
 .rodata.Tahoma_12h_0x31
                0x000000000800819c        0xc Core/Src/main.o
 .rodata.image_data_Tahoma_12h_0x32
                0x00000000080081a8        0xe Core/Src/main.o
 *fill*         0x00000000080081b6        0x2 
 .rodata.Tahoma_12h_0x32
                0x00000000080081b8        0xc Core/Src/main.o
 .rodata.image_data_Tahoma_12h_0x33
                0x00000000080081c4        0xe Core/Src/main.o
 *fill*         0x00000000080081d2        0x2 
 .rodata.Tahoma_12h_0x33
                0x00000000080081d4        0xc Core/Src/main.o
 .rodata.image_data_Tahoma_12h_0x34
                0x00000000080081e0        0xe Core/Src/main.o
 *fill*         0x00000000080081ee        0x2 
 .rodata.Tahoma_12h_0x34
                0x00000000080081f0        0xc Core/Src/main.o
 .rodata.image_data_Tahoma_12h_0x35
                0x00000000080081fc        0xe Core/Src/main.o
 *fill*         0x000000000800820a        0x2 
 .rodata.Tahoma_12h_0x35
                0x000000000800820c        0xc Core/Src/main.o
 .rodata.image_data_Tahoma_12h_0x36
                0x0000000008008218        0xe Core/Src/main.o
 *fill*         0x0000000008008226        0x2 
 .rodata.Tahoma_12h_0x36
                0x0000000008008228        0xc Core/Src/main.o
 .rodata.image_data_Tahoma_12h_0x37
                0x0000000008008234        0xe Core/Src/main.o
 *fill*         0x0000000008008242        0x2 
 .rodata.Tahoma_12h_0x37
                0x0000000008008244        0xc Core/Src/main.o
 .rodata.image_data_Tahoma_12h_0x38
                0x0000000008008250        0xe Core/Src/main.o
 *fill*         0x000000000800825e        0x2 
 .rodata.Tahoma_12h_0x38
                0x0000000008008260        0xc Core/Src/main.o
 .rodata.image_data_Tahoma_12h_0x39
                0x000000000800826c        0xe Core/Src/main.o
 *fill*         0x000000000800827a        0x2 
 .rodata.Tahoma_12h_0x39
                0x000000000800827c        0xc Core/Src/main.o
 .rodata.image_data_Tahoma_12h_0x3a
                0x0000000008008288        0xe Core/Src/main.o
 *fill*         0x0000000008008296        0x2 
 .rodata.Tahoma_12h_0x3a
                0x0000000008008298        0xc Core/Src/main.o
 .rodata.image_data_Tahoma_12h_0x3b
                0x00000000080082a4        0xe Core/Src/main.o
 *fill*         0x00000000080082b2        0x2 
 .rodata.Tahoma_12h_0x3b
                0x00000000080082b4        0xc Core/Src/main.o
 .rodata.image_data_Tahoma_12h_0x3c
                0x00000000080082c0       0x1c Core/Src/main.o
 .rodata.Tahoma_12h_0x3c
                0x00000000080082dc        0xc Core/Src/main.o
 .rodata.image_data_Tahoma_12h_0x3d
                0x00000000080082e8       0x1c Core/Src/main.o
 .rodata.Tahoma_12h_0x3d
                0x0000000008008304        0xc Core/Src/main.o
 .rodata.image_data_Tahoma_12h_0x3e
                0x0000000008008310       0x1c Core/Src/main.o
 .rodata.Tahoma_12h_0x3e
                0x000000000800832c        0xc Core/Src/main.o
 .rodata.image_data_Tahoma_12h_0x3f
                0x0000000008008338        0xe Core/Src/main.o
 *fill*         0x0000000008008346        0x2 
 .rodata.Tahoma_12h_0x3f
                0x0000000008008348        0xc Core/Src/main.o
 .rodata.image_data_Tahoma_12h_0x40
                0x0000000008008354       0x1c Core/Src/main.o
 .rodata.Tahoma_12h_0x40
                0x0000000008008370        0xc Core/Src/main.o
 .rodata.image_data_Tahoma_12h_0x41
                0x000000000800837c        0xe Core/Src/main.o
 *fill*         0x000000000800838a        0x2 
 .rodata.Tahoma_12h_0x41
                0x000000000800838c        0xc Core/Src/main.o
 .rodata.image_data_Tahoma_12h_0x42
                0x0000000008008398        0xe Core/Src/main.o
 *fill*         0x00000000080083a6        0x2 
 .rodata.Tahoma_12h_0x42
                0x00000000080083a8        0xc Core/Src/main.o
 .rodata.image_data_Tahoma_12h_0x43
                0x00000000080083b4        0xe Core/Src/main.o
 *fill*         0x00000000080083c2        0x2 
 .rodata.Tahoma_12h_0x43
                0x00000000080083c4        0xc Core/Src/main.o
 .rodata.image_data_Tahoma_12h_0x44
                0x00000000080083d0        0xe Core/Src/main.o
 *fill*         0x00000000080083de        0x2 
 .rodata.Tahoma_12h_0x44
                0x00000000080083e0        0xc Core/Src/main.o
 .rodata.image_data_Tahoma_12h_0x45
                0x00000000080083ec        0xe Core/Src/main.o
 *fill*         0x00000000080083fa        0x2 
 .rodata.Tahoma_12h_0x45
                0x00000000080083fc        0xc Core/Src/main.o
 .rodata.image_data_Tahoma_12h_0x46
                0x0000000008008408        0xe Core/Src/main.o
 *fill*         0x0000000008008416        0x2 
 .rodata.Tahoma_12h_0x46
                0x0000000008008418        0xc Core/Src/main.o
 .rodata.image_data_Tahoma_12h_0x47
                0x0000000008008424        0xe Core/Src/main.o
 *fill*         0x0000000008008432        0x2 
 .rodata.Tahoma_12h_0x47
                0x0000000008008434        0xc Core/Src/main.o
 .rodata.image_data_Tahoma_12h_0x48
                0x0000000008008440        0xe Core/Src/main.o
 *fill*         0x000000000800844e        0x2 
 .rodata.Tahoma_12h_0x48
                0x0000000008008450        0xc Core/Src/main.o
 .rodata.image_data_Tahoma_12h_0x49
                0x000000000800845c        0xe Core/Src/main.o
 *fill*         0x000000000800846a        0x2 
 .rodata.Tahoma_12h_0x49
                0x000000000800846c        0xc Core/Src/main.o
 .rodata.image_data_Tahoma_12h_0x4a
                0x0000000008008478        0xe Core/Src/main.o
 *fill*         0x0000000008008486        0x2 
 .rodata.Tahoma_12h_0x4a
                0x0000000008008488        0xc Core/Src/main.o
 .rodata.image_data_Tahoma_12h_0x4b
                0x0000000008008494        0xe Core/Src/main.o
 *fill*         0x00000000080084a2        0x2 
 .rodata.Tahoma_12h_0x4b
                0x00000000080084a4        0xc Core/Src/main.o
 .rodata.image_data_Tahoma_12h_0x4c
                0x00000000080084b0        0xe Core/Src/main.o
 *fill*         0x00000000080084be        0x2 
 .rodata.Tahoma_12h_0x4c
                0x00000000080084c0        0xc Core/Src/main.o
 .rodata.image_data_Tahoma_12h_0x4d
                0x00000000080084cc       0x1c Core/Src/main.o
 .rodata.Tahoma_12h_0x4d
                0x00000000080084e8        0xc Core/Src/main.o
 .rodata.image_data_Tahoma_12h_0x4e
                0x00000000080084f4        0xe Core/Src/main.o
 *fill*         0x0000000008008502        0x2 
 .rodata.Tahoma_12h_0x4e
                0x0000000008008504        0xc Core/Src/main.o
 .rodata.image_data_Tahoma_12h_0x4f
                0x0000000008008510       0x1c Core/Src/main.o
 .rodata.Tahoma_12h_0x4f
                0x000000000800852c        0xc Core/Src/main.o
 .rodata.image_data_Tahoma_12h_0x50
                0x0000000008008538        0xe Core/Src/main.o
 *fill*         0x0000000008008546        0x2 
 .rodata.Tahoma_12h_0x50
                0x0000000008008548        0xc Core/Src/main.o
 .rodata.image_data_Tahoma_12h_0x51
                0x0000000008008554       0x1c Core/Src/main.o
 .rodata.Tahoma_12h_0x51
                0x0000000008008570        0xc Core/Src/main.o
 .rodata.image_data_Tahoma_12h_0x52
                0x000000000800857c        0xe Core/Src/main.o
 *fill*         0x000000000800858a        0x2 
 .rodata.Tahoma_12h_0x52
                0x000000000800858c        0xc Core/Src/main.o
 .rodata.image_data_Tahoma_12h_0x53
                0x0000000008008598        0xe Core/Src/main.o
 *fill*         0x00000000080085a6        0x2 
 .rodata.Tahoma_12h_0x53
                0x00000000080085a8        0xc Core/Src/main.o
 .rodata.image_data_Tahoma_12h_0x54
                0x00000000080085b4        0xe Core/Src/main.o
 *fill*         0x00000000080085c2        0x2 
 .rodata.Tahoma_12h_0x54
                0x00000000080085c4        0xc Core/Src/main.o
 .rodata.image_data_Tahoma_12h_0x55
                0x00000000080085d0        0xe Core/Src/main.o
 *fill*         0x00000000080085de        0x2 
 .rodata.Tahoma_12h_0x55
                0x00000000080085e0        0xc Core/Src/main.o
 .rodata.image_data_Tahoma_12h_0x56
                0x00000000080085ec        0xe Core/Src/main.o
 *fill*         0x00000000080085fa        0x2 
 .rodata.Tahoma_12h_0x56
                0x00000000080085fc        0xc Core/Src/main.o
 .rodata.image_data_Tahoma_12h_0x57
                0x0000000008008608       0x1c Core/Src/main.o
 .rodata.Tahoma_12h_0x57
                0x0000000008008624        0xc Core/Src/main.o
 .rodata.image_data_Tahoma_12h_0x58
                0x0000000008008630        0xe Core/Src/main.o
 *fill*         0x000000000800863e        0x2 
 .rodata.Tahoma_12h_0x58
                0x0000000008008640        0xc Core/Src/main.o
 .rodata.image_data_Tahoma_12h_0x59
                0x000000000800864c        0xe Core/Src/main.o
 *fill*         0x000000000800865a        0x2 
 .rodata.Tahoma_12h_0x59
                0x000000000800865c        0xc Core/Src/main.o
 .rodata.image_data_Tahoma_12h_0x5a
                0x0000000008008668        0xe Core/Src/main.o
 *fill*         0x0000000008008676        0x2 
 .rodata.Tahoma_12h_0x5a
                0x0000000008008678        0xc Core/Src/main.o
 .rodata.image_data_Tahoma_12h_0x5b
                0x0000000008008684        0xe Core/Src/main.o
 *fill*         0x0000000008008692        0x2 
 .rodata.Tahoma_12h_0x5b
                0x0000000008008694        0xc Core/Src/main.o
 .rodata.image_data_Tahoma_12h_0x5c
                0x00000000080086a0        0xe Core/Src/main.o
 *fill*         0x00000000080086ae        0x2 
 .rodata.Tahoma_12h_0x5c
                0x00000000080086b0        0xc Core/Src/main.o
 .rodata.image_data_Tahoma_12h_0x5d
                0x00000000080086bc        0xe Core/Src/main.o
 *fill*         0x00000000080086ca        0x2 
 .rodata.Tahoma_12h_0x5d
                0x00000000080086cc        0xc Core/Src/main.o
 .rodata.image_data_Tahoma_12h_0x5e
                0x00000000080086d8       0x1c Core/Src/main.o
 .rodata.Tahoma_12h_0x5e
                0x00000000080086f4        0xc Core/Src/main.o
 .rodata.image_data_Tahoma_12h_0x5f
                0x0000000008008700        0xe Core/Src/main.o
 *fill*         0x000000000800870e        0x2 
 .rodata.Tahoma_12h_0x5f
                0x0000000008008710        0xc Core/Src/main.o
 .rodata.image_data_Tahoma_12h_0x60
                0x000000000800871c        0xe Core/Src/main.o
 *fill*         0x000000000800872a        0x2 
 .rodata.Tahoma_12h_0x60
                0x000000000800872c        0xc Core/Src/main.o
 .rodata.image_data_Tahoma_12h_0x61
                0x0000000008008738        0xe Core/Src/main.o
 *fill*         0x0000000008008746        0x2 
 .rodata.Tahoma_12h_0x61
                0x0000000008008748        0xc Core/Src/main.o
 .rodata.image_data_Tahoma_12h_0x62
                0x0000000008008754        0xe Core/Src/main.o
 *fill*         0x0000000008008762        0x2 
 .rodata.Tahoma_12h_0x62
                0x0000000008008764        0xc Core/Src/main.o
 .rodata.image_data_Tahoma_12h_0x63
                0x0000000008008770        0xe Core/Src/main.o
 *fill*         0x000000000800877e        0x2 
 .rodata.Tahoma_12h_0x63
                0x0000000008008780        0xc Core/Src/main.o
 .rodata.image_data_Tahoma_12h_0x64
                0x000000000800878c        0xe Core/Src/main.o
 *fill*         0x000000000800879a        0x2 
 .rodata.Tahoma_12h_0x64
                0x000000000800879c        0xc Core/Src/main.o
 .rodata.image_data_Tahoma_12h_0x65
                0x00000000080087a8        0xe Core/Src/main.o
 *fill*         0x00000000080087b6        0x2 
 .rodata.Tahoma_12h_0x65
                0x00000000080087b8        0xc Core/Src/main.o
 .rodata.image_data_Tahoma_12h_0x66
                0x00000000080087c4        0xe Core/Src/main.o
 *fill*         0x00000000080087d2        0x2 
 .rodata.Tahoma_12h_0x66
                0x00000000080087d4        0xc Core/Src/main.o
 .rodata.image_data_Tahoma_12h_0x67
                0x00000000080087e0        0xe Core/Src/main.o
 *fill*         0x00000000080087ee        0x2 
 .rodata.Tahoma_12h_0x67
                0x00000000080087f0        0xc Core/Src/main.o
 .rodata.image_data_Tahoma_12h_0x68
                0x00000000080087fc        0xe Core/Src/main.o
 *fill*         0x000000000800880a        0x2 
 .rodata.Tahoma_12h_0x68
                0x000000000800880c        0xc Core/Src/main.o
 .rodata.image_data_Tahoma_12h_0x69
                0x0000000008008818        0xe Core/Src/main.o
 *fill*         0x0000000008008826        0x2 
 .rodata.Tahoma_12h_0x69
                0x0000000008008828        0xc Core/Src/main.o
 .rodata.image_data_Tahoma_12h_0x6a
                0x0000000008008834        0xe Core/Src/main.o
 *fill*         0x0000000008008842        0x2 
 .rodata.Tahoma_12h_0x6a
                0x0000000008008844        0xc Core/Src/main.o
 .rodata.image_data_Tahoma_12h_0x6b
                0x0000000008008850        0xe Core/Src/main.o
 *fill*         0x000000000800885e        0x2 
 .rodata.Tahoma_12h_0x6b
                0x0000000008008860        0xc Core/Src/main.o
 .rodata.image_data_Tahoma_12h_0x6c
                0x000000000800886c        0xe Core/Src/main.o
 *fill*         0x000000000800887a        0x2 
 .rodata.Tahoma_12h_0x6c
                0x000000000800887c        0xc Core/Src/main.o
 .rodata.image_data_Tahoma_12h_0x6d
                0x0000000008008888       0x1c Core/Src/main.o
 .rodata.Tahoma_12h_0x6d
                0x00000000080088a4        0xc Core/Src/main.o
 .rodata.image_data_Tahoma_12h_0x6e
                0x00000000080088b0        0xe Core/Src/main.o
 *fill*         0x00000000080088be        0x2 
 .rodata.Tahoma_12h_0x6e
                0x00000000080088c0        0xc Core/Src/main.o
 .rodata.image_data_Tahoma_12h_0x6f
                0x00000000080088cc        0xe Core/Src/main.o
 *fill*         0x00000000080088da        0x2 
 .rodata.Tahoma_12h_0x6f
                0x00000000080088dc        0xc Core/Src/main.o
 .rodata.image_data_Tahoma_12h_0x70
                0x00000000080088e8        0xe Core/Src/main.o
 *fill*         0x00000000080088f6        0x2 
 .rodata.Tahoma_12h_0x70
                0x00000000080088f8        0xc Core/Src/main.o
 .rodata.image_data_Tahoma_12h_0x71
                0x0000000008008904        0xe Core/Src/main.o
 *fill*         0x0000000008008912        0x2 
 .rodata.Tahoma_12h_0x71
                0x0000000008008914        0xc Core/Src/main.o
 .rodata.image_data_Tahoma_12h_0x72
                0x0000000008008920        0xe Core/Src/main.o
 *fill*         0x000000000800892e        0x2 
 .rodata.Tahoma_12h_0x72
                0x0000000008008930        0xc Core/Src/main.o
 .rodata.image_data_Tahoma_12h_0x73
                0x000000000800893c        0xe Core/Src/main.o
 *fill*         0x000000000800894a        0x2 
 .rodata.Tahoma_12h_0x73
                0x000000000800894c        0xc Core/Src/main.o
 .rodata.image_data_Tahoma_12h_0x74
                0x0000000008008958        0xe Core/Src/main.o
 *fill*         0x0000000008008966        0x2 
 .rodata.Tahoma_12h_0x74
                0x0000000008008968        0xc Core/Src/main.o
 .rodata.image_data_Tahoma_12h_0x75
                0x0000000008008974        0xe Core/Src/main.o
 *fill*         0x0000000008008982        0x2 
 .rodata.Tahoma_12h_0x75
                0x0000000008008984        0xc Core/Src/main.o
 .rodata.image_data_Tahoma_12h_0x76
                0x0000000008008990        0xe Core/Src/main.o
 *fill*         0x000000000800899e        0x2 
 .rodata.Tahoma_12h_0x76
                0x00000000080089a0        0xc Core/Src/main.o
 .rodata.image_data_Tahoma_12h_0x77
                0x00000000080089ac       0x1c Core/Src/main.o
 .rodata.Tahoma_12h_0x77
                0x00000000080089c8        0xc Core/Src/main.o
 .rodata.image_data_Tahoma_12h_0x78
                0x00000000080089d4        0xe Core/Src/main.o
 *fill*         0x00000000080089e2        0x2 
 .rodata.Tahoma_12h_0x78
                0x00000000080089e4        0xc Core/Src/main.o
 .rodata.image_data_Tahoma_12h_0x79
                0x00000000080089f0        0xe Core/Src/main.o
 *fill*         0x00000000080089fe        0x2 
 .rodata.Tahoma_12h_0x79
                0x0000000008008a00        0xc Core/Src/main.o
 .rodata.image_data_Tahoma_12h_0x7a
                0x0000000008008a0c        0xe Core/Src/main.o
 *fill*         0x0000000008008a1a        0x2 
 .rodata.Tahoma_12h_0x7a
                0x0000000008008a1c        0xc Core/Src/main.o
 .rodata.image_data_Tahoma_12h_0x7b
                0x0000000008008a28        0xe Core/Src/main.o
 *fill*         0x0000000008008a36        0x2 
 .rodata.Tahoma_12h_0x7b
                0x0000000008008a38        0xc Core/Src/main.o
 .rodata.image_data_Tahoma_12h_0x7c
                0x0000000008008a44        0xe Core/Src/main.o
 *fill*         0x0000000008008a52        0x2 
 .rodata.Tahoma_12h_0x7c
                0x0000000008008a54        0xc Core/Src/main.o
 .rodata.image_data_Tahoma_12h_0x7d
                0x0000000008008a60        0xe Core/Src/main.o
 *fill*         0x0000000008008a6e        0x2 
 .rodata.Tahoma_12h_0x7d
                0x0000000008008a70        0xc Core/Src/main.o
 .rodata.image_data_Tahoma_12h_0x7e
                0x0000000008008a7c       0x1c Core/Src/main.o
 .rodata.Tahoma_12h_0x7e
                0x0000000008008a98        0xc Core/Src/main.o
 .rodata.Tahoma_12h_array
                0x0000000008008aa4      0x2f8 Core/Src/main.o
 .rodata.Tahoma_12h
                0x0000000008008d9c        0x8 Core/Src/main.o
                0x0000000008008d9c                Tahoma_12h
 .rodata.AHBPrescTable
                0x0000000008008da4       0x10 Core/Src/system_stm32l4xx.o
                0x0000000008008da4                AHBPrescTable
 .rodata.APBPrescTable
                0x0000000008008db4        0x8 Core/Src/system_stm32l4xx.o
                0x0000000008008db4                APBPrescTable
 .rodata.MSIRangeTable
                0x0000000008008dbc       0x30 Core/Src/system_stm32l4xx.o
                0x0000000008008dbc                MSIRangeTable
 .rodata.SSD7317_INIT_TBL
                0x0000000008008dec       0x2b SSD7317Z/Src/SSD7317.o
 *fill*         0x0000000008008e17        0x1 
 .rodata.PM_content
                0x0000000008008e18     0x3000 SSD7317Z/Src/SSD7317_Init_Table.o
 .rodata.TM_content
                0x000000000800be18      0x734 SSD7317Z/Src/SSD7317_Init_Table.o
 .rodata.DM_content
                0x000000000800c54c      0x800 SSD7317Z/Src/SSD7317_Init_Table.o
 .rodata._global_impure_ptr
                0x000000000800cd4c        0x4 c:/st/stm32cubeide_1.2.0/stm32cubeide/plugins/com.st.stm32cube.ide.mcu.externaltools.gnu-tools-for-stm32.7-2018-q2-update.win32_1.4.0.202007081208/tools/bin/../lib/gcc/arm-none-eabi/7.3.1/../../../../arm-none-eabi/lib/thumb/v7e-m/fpv4-sp/hard\libc_nano.a(lib_a-impure.o)
                0x000000000800cd4c                _global_impure_ptr
 .rodata.__sf_fake_stderr
                0x000000000800cd50       0x20 c:/st/stm32cubeide_1.2.0/stm32cubeide/plugins/com.st.stm32cube.ide.mcu.externaltools.gnu-tools-for-stm32.7-2018-q2-update.win32_1.4.0.202007081208/tools/bin/../lib/gcc/arm-none-eabi/7.3.1/../../../../arm-none-eabi/lib/thumb/v7e-m/fpv4-sp/hard\libc_nano.a(lib_a-findfp.o)
                0x000000000800cd50                __sf_fake_stderr
 .rodata.__sf_fake_stdin
                0x000000000800cd70       0x20 c:/st/stm32cubeide_1.2.0/stm32cubeide/plugins/com.st.stm32cube.ide.mcu.externaltools.gnu-tools-for-stm32.7-2018-q2-update.win32_1.4.0.202007081208/tools/bin/../lib/gcc/arm-none-eabi/7.3.1/../../../../arm-none-eabi/lib/thumb/v7e-m/fpv4-sp/hard\libc_nano.a(lib_a-findfp.o)
                0x000000000800cd70                __sf_fake_stdin
 .rodata.__sf_fake_stdout
                0x000000000800cd90       0x20 c:/st/stm32cubeide_1.2.0/stm32cubeide/plugins/com.st.stm32cube.ide.mcu.externaltools.gnu-tools-for-stm32.7-2018-q2-update.win32_1.4.0.202007081208/tools/bin/../lib/gcc/arm-none-eabi/7.3.1/../../../../arm-none-eabi/lib/thumb/v7e-m/fpv4-sp/hard\libc_nano.a(lib_a-findfp.o)
                0x000000000800cd90                __sf_fake_stdout
                0x000000000800cdb0                . = ALIGN (0x4)

.ARM.extab      0x000000000800cdb0        0x0
                0x000000000800cdb0                . = ALIGN (0x4)
 *(.ARM.extab* .gnu.linkonce.armextab.*)
                0x000000000800cdb0                . = ALIGN (0x4)

.ARM            0x000000000800cdb0        0x8
                0x000000000800cdb0                . = ALIGN (0x4)
                0x000000000800cdb0                __exidx_start = .
 *(.ARM.exidx*)
 .ARM.exidx     0x000000000800cdb0        0x8 c:/st/stm32cubeide_1.2.0/stm32cubeide/plugins/com.st.stm32cube.ide.mcu.externaltools.gnu-tools-for-stm32.7-2018-q2-update.win32_1.4.0.202007081208/tools/bin/../lib/gcc/arm-none-eabi/7.3.1/thumb/v7e-m/fpv4-sp/hard\libgcc.a(_udivmoddi4.o)
                0x000000000800cdb8                __exidx_end = .
                0x000000000800cdb8                . = ALIGN (0x4)

.rel.dyn        0x000000000800cdb8        0x0
 .rel.iplt      0x000000000800cdb8        0x0 c:/st/stm32cubeide_1.2.0/stm32cubeide/plugins/com.st.stm32cube.ide.mcu.externaltools.gnu-tools-for-stm32.7-2018-q2-update.win32_1.4.0.202007081208/tools/bin/../lib/gcc/arm-none-eabi/7.3.1/thumb/v7e-m/fpv4-sp/hard/crtbegin.o

.preinit_array  0x000000000800cdb8        0x0
                0x000000000800cdb8                . = ALIGN (0x4)
                0x000000000800cdb8                PROVIDE (__preinit_array_start = .)
 *(.preinit_array*)
                0x000000000800cdb8                PROVIDE (__preinit_array_end = .)
                0x000000000800cdb8                . = ALIGN (0x4)

.init_array     0x000000000800cdb8        0x4
                0x000000000800cdb8                . = ALIGN (0x4)
                0x000000000800cdb8                PROVIDE (__init_array_start = .)
 *(SORT_BY_NAME(.init_array.*))
 *(.init_array*)
 .init_array    0x000000000800cdb8        0x4 c:/st/stm32cubeide_1.2.0/stm32cubeide/plugins/com.st.stm32cube.ide.mcu.externaltools.gnu-tools-for-stm32.7-2018-q2-update.win32_1.4.0.202007081208/tools/bin/../lib/gcc/arm-none-eabi/7.3.1/thumb/v7e-m/fpv4-sp/hard/crtbegin.o
                0x000000000800cdbc                PROVIDE (__init_array_end = .)
                0x000000000800cdbc                . = ALIGN (0x4)

.fini_array     0x000000000800cdbc        0x4
                0x000000000800cdbc                . = ALIGN (0x4)
                [!provide]                        PROVIDE (__fini_array_start = .)
 *(SORT_BY_NAME(.fini_array.*))
 *(.fini_array*)
 .fini_array    0x000000000800cdbc        0x4 c:/st/stm32cubeide_1.2.0/stm32cubeide/plugins/com.st.stm32cube.ide.mcu.externaltools.gnu-tools-for-stm32.7-2018-q2-update.win32_1.4.0.202007081208/tools/bin/../lib/gcc/arm-none-eabi/7.3.1/thumb/v7e-m/fpv4-sp/hard/crtbegin.o
                [!provide]                        PROVIDE (__fini_array_end = .)
                0x000000000800cdc0                . = ALIGN (0x4)
                0x000000000800cdc0                _sidata = LOADADDR (.data)

.data           0x0000000020000000       0x94 load address 0x000000000800cdc0
                0x0000000020000000                . = ALIGN (0x4)
                0x0000000020000000                _sdata = .
 *(.data)
 *(.data*)
 .data.SystemCoreClock
                0x0000000020000000        0x4 Core/Src/system_stm32l4xx.o
                0x0000000020000000                SystemCoreClock
 .data.uwTickPrio
                0x0000000020000004        0x4 Drivers/STM32L4xx_HAL_Driver/Src/stm32l4xx_hal.o
                0x0000000020000004                uwTickPrio
 .data.uwTickFreq
                0x0000000020000008        0x1 Drivers/STM32L4xx_HAL_Driver/Src/stm32l4xx_hal.o
                0x0000000020000008                uwTickFreq
 *fill*         0x0000000020000009        0x3 
 .data.FW_PM    0x000000002000000c        0xc SSD7317Z/Src/SSD7317_Init_Table.o
                0x000000002000000c                FW_PM
 .data.FW_TM    0x0000000020000018        0xc SSD7317Z/Src/SSD7317_Init_Table.o
                0x0000000020000018                FW_TM
 .data.FW_DM    0x0000000020000024        0xc SSD7317Z/Src/SSD7317_Init_Table.o
                0x0000000020000024                FW_DM
 .data._impure_ptr
                0x0000000020000030        0x4 c:/st/stm32cubeide_1.2.0/stm32cubeide/plugins/com.st.stm32cube.ide.mcu.externaltools.gnu-tools-for-stm32.7-2018-q2-update.win32_1.4.0.202007081208/tools/bin/../lib/gcc/arm-none-eabi/7.3.1/../../../../arm-none-eabi/lib/thumb/v7e-m/fpv4-sp/hard\libc_nano.a(lib_a-impure.o)
                0x0000000020000030                _impure_ptr
 .data.impure_data
                0x0000000020000034       0x60 c:/st/stm32cubeide_1.2.0/stm32cubeide/plugins/com.st.stm32cube.ide.mcu.externaltools.gnu-tools-for-stm32.7-2018-q2-update.win32_1.4.0.202007081208/tools/bin/../lib/gcc/arm-none-eabi/7.3.1/../../../../arm-none-eabi/lib/thumb/v7e-m/fpv4-sp/hard\libc_nano.a(lib_a-impure.o)
                0x0000000020000094                . = ALIGN (0x4)
                0x0000000020000094                _edata = .

.igot.plt       0x0000000020000094        0x0 load address 0x000000000800ce54
 .igot.plt      0x0000000020000094        0x0 c:/st/stm32cubeide_1.2.0/stm32cubeide/plugins/com.st.stm32cube.ide.mcu.externaltools.gnu-tools-for-stm32.7-2018-q2-update.win32_1.4.0.202007081208/tools/bin/../lib/gcc/arm-none-eabi/7.3.1/thumb/v7e-m/fpv4-sp/hard/crtbegin.o
                0x0000000020000094                . = ALIGN (0x4)

.bss            0x0000000020000094      0x9fc load address 0x000000000800ce54
                0x0000000020000094                _sbss = .
                0x0000000020000094                __bss_start__ = _sbss
 *(.bss)
 .bss           0x0000000020000094       0x1c c:/st/stm32cubeide_1.2.0/stm32cubeide/plugins/com.st.stm32cube.ide.mcu.externaltools.gnu-tools-for-stm32.7-2018-q2-update.win32_1.4.0.202007081208/tools/bin/../lib/gcc/arm-none-eabi/7.3.1/thumb/v7e-m/fpv4-sp/hard/crtbegin.o
 *(.bss*)
 .bss.__sbrk_heap_end
                0x00000000200000b0        0x4 Core/Src/sysmem.o
 .bss.touch_event_flag
                0x00000000200000b4        0x1 SSD7317Z/Src/SSD7317.o
 .bss.fb_flush_pending
                0x00000000200000b5        0x1 SSD7317Z/Src/SSD7317.o
 *fill*         0x00000000200000b6        0x2 
 .bss.hspi1     0x00000000200000b8       0x64 SSD7317Z/Src/SSD7317.o
 .bss.hi2c1     0x000000002000011c       0x4c SSD7317Z/Src/SSD7317.o
 .bss.fb_flush_area
                0x0000000020000168        0x8 SSD7317Z/Src/SSD7317.o
 .bss.rpc_rx_buf
                0x0000000020000170      0x102 SSD7317Z/Src/rpc.o
 *fill*         0x0000000020000272        0x2 
 .bss.__malloc_free_list
                0x0000000020000274        0x4 c:/st/stm32cubeide_1.2.0/stm32cubeide/plugins/com.st.stm32cube.ide.mcu.externaltools.gnu-tools-for-stm32.7-2018-q2-update.win32_1.4.0.202007081208/tools/bin/../lib/gcc/arm-none-eabi/7.3.1/../../../../arm-none-eabi/lib/thumb/v7e-m/fpv4-sp/hard\libc_nano.a(lib_a-nano-mallocr.o)
                0x0000000020000274                __malloc_free_list
 .bss.__malloc_sbrk_start
                0x0000000020000278        0x4 c:/st/stm32cubeide_1.2.0/stm32cubeide/plugins/com.st.stm32cube.ide.mcu.externaltools.gnu-tools-for-stm32.7-2018-q2-update.win32_1.4.0.202007081208/tools/bin/../lib/gcc/arm-none-eabi/7.3.1/../../../../arm-none-eabi/lib/thumb/v7e-m/fpv4-sp/hard\libc_nano.a(lib_a-nano-mallocr.o)
                0x0000000020000278                __malloc_sbrk_start
 *(COMMON)
 COMMON         0x000000002000027c      0x20c Core/Src/main.o
                0x000000002000027c                hdma_usart2_rx
                0x00000000200002c4                hi2c1
                0x0000000020000310                hspi1
                0x0000000020000374                htim2
                0x00000000200003c0                huart2
                0x0000000020000440                hdma_spi1_tx
 COMMON         0x0000000020000488        0x4 Drivers/STM32L4xx_HAL_Driver/Src/stm32l4xx_hal.o
                0x0000000020000488                uwTick
 COMMON         0x000000002000048c      0x600 SSD7317Z/Src/SSD7317.o
                0x000000002000048c                frame_buffer
 COMMON         0x0000000020000a8c        0x4 c:/st/stm32cubeide_1.2.0/stm32cubeide/plugins/com.st.stm32cube.ide.mcu.externaltools.gnu-tools-for-stm32.7-2018-q2-update.win32_1.4.0.202007081208/tools/bin/../lib/gcc/arm-none-eabi/7.3.1/../../../../arm-none-eabi/lib/thumb/v7e-m/fpv4-sp/hard\libc_nano.a(lib_a-reent.o)
                0x0000000020000a8c                errno
                0x0000000020000a90                . = ALIGN (0x4)
                0x0000000020000a90                _ebss = .
                0x0000000020000a90                __bss_end__ = _ebss

._user_heap_stack
                0x0000000020000a90      0x600 load address 0x000000000800ce54
                0x0000000020000a90                . = ALIGN (0x8)
                [!provide]                        PROVIDE (end = .)
                0x0000000020000a90                PROVIDE (_end = .)
                0x0000000020000c90                . = (. + _Min_Heap_Size)
 *fill*         0x0000000020000a90      0x200 
                0x0000000020001090                . = (. + _Min_Stack_Size)
 *fill*         0x0000000020000c90      0x400 
                0x0000000020001090                . = ALIGN (0x8)

/DISCARD/
 libc.a(*)
 libm.a(*)
 libgcc.a(*)

.ARM.attributes
                0x0000000000000000       0x30
 *(.ARM.attributes)
 .ARM.attributes
                0x0000000000000000       0x22 c:/st/stm32cubeide_1.2.0/stm32cubeide/plugins/com.st.stm32cube.ide.mcu.externaltools.gnu-tools-for-stm32.7-2018-q2-update.win32_1.4.0.202007081208/tools/bin/../lib/gcc/arm-none-eabi/7.3.1/thumb/v7e-m/fpv4-sp/hard/crti.o
 .ARM.attributes
                0x0000000000000022       0x34 c:/st/stm32cubeide_1.2.0/stm32cubeide/plugins/com.st.stm32cube.ide.mcu.externaltools.gnu-tools-for-stm32.7-2018-q2-update.win32_1.4.0.202007081208/tools/bin/../lib/gcc/arm-none-eabi/7.3.1/thumb/v7e-m/fpv4-sp/hard/crtbegin.o
 .ARM.attributes
                0x0000000000000056       0x39 Core/Src/main.o
 .ARM.attributes
                0x000000000000008f       0x39 Core/Src/stm32l4xx_hal_msp.o
 .ARM.attributes
                0x00000000000000c8       0x39 Core/Src/stm32l4xx_it.o
 .ARM.attributes
                0x0000000000000101       0x39 Core/Src/syscalls.o
 .ARM.attributes
                0x000000000000013a       0x39 Core/Src/sysmem.o
 .ARM.attributes
                0x0000000000000173       0x39 Core/Src/system_stm32l4xx.o
 .ARM.attributes
                0x00000000000001ac       0x21 Core/Startup/startup_stm32l432kcux.o
 .ARM.attributes
                0x00000000000001cd       0x39 Drivers/STM32L4xx_HAL_Driver/Src/stm32l4xx_hal.o
 .ARM.attributes
                0x0000000000000206       0x39 Drivers/STM32L4xx_HAL_Driver/Src/stm32l4xx_hal_cortex.o
 .ARM.attributes
                0x000000000000023f       0x39 Drivers/STM32L4xx_HAL_Driver/Src/stm32l4xx_hal_dma.o
 .ARM.attributes
                0x0000000000000278       0x39 Drivers/STM32L4xx_HAL_Driver/Src/stm32l4xx_hal_gpio.o
 .ARM.attributes
                0x00000000000002b1       0x39 Drivers/STM32L4xx_HAL_Driver/Src/stm32l4xx_hal_i2c.o
 .ARM.attributes
                0x00000000000002ea       0x39 Drivers/STM32L4xx_HAL_Driver/Src/stm32l4xx_hal_i2c_ex.o
 .ARM.attributes
                0x0000000000000323       0x39 Drivers/STM32L4xx_HAL_Driver/Src/stm32l4xx_hal_pwr_ex.o
 .ARM.attributes
                0x000000000000035c       0x39 Drivers/STM32L4xx_HAL_Driver/Src/stm32l4xx_hal_rcc.o
 .ARM.attributes
                0x0000000000000395       0x39 Drivers/STM32L4xx_HAL_Driver/Src/stm32l4xx_hal_rcc_ex.o
 .ARM.attributes
                0x00000000000003ce       0x39 Drivers/STM32L4xx_HAL_Driver/Src/stm32l4xx_hal_spi.o
 .ARM.attributes
                0x0000000000000407       0x39 Drivers/STM32L4xx_HAL_Driver/Src/stm32l4xx_hal_uart.o
 .ARM.attributes
                0x0000000000000440       0x39 Drivers/STM32L4xx_HAL_Driver/Src/stm32l4xx_hal_uart_ex.o
 .ARM.attributes
                0x0000000000000479       0x39 SSD7317Z/Src/SSD7317.o
 .ARM.attributes
                0x00000000000004b2       0x39 SSD7317Z/Src/SSD7317_Init_Table.o
 .ARM.attributes
                0x00000000000004eb       0x39 SSD7317Z/Src/dwt_stm32_delay.o
 .ARM.attributes
                0x0000000000000524       0x39 SSD7317Z/Src/rpc.o
 .ARM.attributes
                0x000000000000055d       0x34 c:/st/stm32cubeide_1.2.0/stm32cubeide/plugins/com.st.stm32cube.ide.mcu.externaltools.gnu-tools-for-stm32.7-2018-q2-update.win32_1.4.0.202007081208/tools/bin/../lib/gcc/arm-none-eabi/7.3.1/../../../../arm-none-eabi/lib/thumb/v7e-m/fpv4-sp/hard\libc_nano.a(lib_a-errno.o)
 .ARM.attributes
                0x0000000000000591       0x34 c:/st/stm32cubeide_1.2.0/stm32cubeide/plugins/com.st.stm32cube.ide.mcu.externaltools.gnu-tools-for-stm32.7-2018-q2-update.win32_1.4.0.202007081208/tools/bin/../lib/gcc/arm-none-eabi/7.3.1/../../../../arm-none-eabi/lib/thumb/v7e-m/fpv4-sp/hard\libc_nano.a(lib_a-impure.o)
 .ARM.attributes
                0x00000000000005c5       0x34 c:/st/stm32cubeide_1.2.0/stm32cubeide/plugins/com.st.stm32cube.ide.mcu.externaltools.gnu-tools-for-stm32.7-2018-q2-update.win32_1.4.0.202007081208/tools/bin/../lib/gcc/arm-none-eabi/7.3.1/../../../../arm-none-eabi/lib/thumb/v7e-m/fpv4-sp/hard\libc_nano.a(lib_a-init.o)
 .ARM.attributes
                0x00000000000005f9       0x34 c:/st/stm32cubeide_1.2.0/stm32cubeide/plugins/com.st.stm32cube.ide.mcu.externaltools.gnu-tools-for-stm32.7-2018-q2-update.win32_1.4.0.202007081208/tools/bin/../lib/gcc/arm-none-eabi/7.3.1/../../../../arm-none-eabi/lib/thumb/v7e-m/fpv4-sp/hard\libc_nano.a(lib_a-memset.o)
 .ARM.attributes
                0x000000000000062d       0x34 c:/st/stm32cubeide_1.2.0/stm32cubeide/plugins/com.st.stm32cube.ide.mcu.externaltools.gnu-tools-for-stm32.7-2018-q2-update.win32_1.4.0.202007081208/tools/bin/../lib/gcc/arm-none-eabi/7.3.1/../../../../arm-none-eabi/lib/thumb/v7e-m/fpv4-sp/hard\libc_nano.a(lib_a-putchar.o)
 .ARM.attributes
                0x0000000000000661       0x34 c:/st/stm32cubeide_1.2.0/stm32cubeide/plugins/com.st.stm32cube.ide.mcu.externaltools.gnu-tools-for-stm32.7-2018-q2-update.win32_1.4.0.202007081208/tools/bin/../lib/gcc/arm-none-eabi/7.3.1/../../../../arm-none-eabi/lib/thumb/v7e-m/fpv4-sp/hard\libc_nano.a(lib_a-puts.o)
 .ARM.attributes
                0x0000000000000695       0x34 c:/st/stm32cubeide_1.2.0/stm32cubeide/plugins/com.st.stm32cube.ide.mcu.externaltools.gnu-tools-for-stm32.7-2018-q2-update.win32_1.4.0.202007081208/tools/bin/../lib/gcc/arm-none-eabi/7.3.1/../../../../arm-none-eabi/lib/thumb/v7e-m/fpv4-sp/hard\libc_nano.a(lib_a-wbuf.o)
 .ARM.attributes
                0x00000000000006c9       0x34 c:/st/stm32cubeide_1.2.0/stm32cubeide/plugins/com.st.stm32cube.ide.mcu.externaltools.gnu-tools-for-stm32.7-2018-q2-update.win32_1.4.0.202007081208/tools/bin/../lib/gcc/arm-none-eabi/7.3.1/../../../../arm-none-eabi/lib/thumb/v7e-m/fpv4-sp/hard\libc_nano.a(lib_a-wsetup.o)
 .ARM.attributes
                0x00000000000006fd       0x34 c:/st/stm32cubeide_1.2.0/stm32cubeide/plugins/com.st.stm32cube.ide.mcu.externaltools.gnu-tools-for-stm32.7-2018-q2-update.win32_1.4.0.202007081208/tools/bin/../lib/gcc/arm-none-eabi/7.3.1/../../../../arm-none-eabi/lib/thumb/v7e-m/fpv4-sp/hard\libc_nano.a(lib_a-fflush.o)
 .ARM.attributes
                0x0000000000000731       0x34 c:/st/stm32cubeide_1.2.0/stm32cubeide/plugins/com.st.stm32cube.ide.mcu.externaltools.gnu-tools-for-stm32.7-2018-q2-update.win32_1.4.0.202007081208/tools/bin/../lib/gcc/arm-none-eabi/7.3.1/../../../../arm-none-eabi/lib/thumb/v7e-m/fpv4-sp/hard\libc_nano.a(lib_a-findfp.o)
 .ARM.attributes
                0x0000000000000765       0x34 c:/st/stm32cubeide_1.2.0/stm32cubeide/plugins/com.st.stm32cube.ide.mcu.externaltools.gnu-tools-for-stm32.7-2018-q2-update.win32_1.4.0.202007081208/tools/bin/../lib/gcc/arm-none-eabi/7.3.1/../../../../arm-none-eabi/lib/thumb/v7e-m/fpv4-sp/hard\libc_nano.a(lib_a-fwalk.o)
 .ARM.attributes
                0x0000000000000799       0x34 c:/st/stm32cubeide_1.2.0/stm32cubeide/plugins/com.st.stm32cube.ide.mcu.externaltools.gnu-tools-for-stm32.7-2018-q2-update.win32_1.4.0.202007081208/tools/bin/../lib/gcc/arm-none-eabi/7.3.1/../../../../arm-none-eabi/lib/thumb/v7e-m/fpv4-sp/hard\libc_nano.a(lib_a-makebuf.o)
 .ARM.attributes
                0x00000000000007cd       0x34 c:/st/stm32cubeide_1.2.0/stm32cubeide/plugins/com.st.stm32cube.ide.mcu.externaltools.gnu-tools-for-stm32.7-2018-q2-update.win32_1.4.0.202007081208/tools/bin/../lib/gcc/arm-none-eabi/7.3.1/../../../../arm-none-eabi/lib/thumb/v7e-m/fpv4-sp/hard\libc_nano.a(lib_a-nano-freer.o)
 .ARM.attributes
                0x0000000000000801       0x34 c:/st/stm32cubeide_1.2.0/stm32cubeide/plugins/com.st.stm32cube.ide.mcu.externaltools.gnu-tools-for-stm32.7-2018-q2-update.win32_1.4.0.202007081208/tools/bin/../lib/gcc/arm-none-eabi/7.3.1/../../../../arm-none-eabi/lib/thumb/v7e-m/fpv4-sp/hard\libc_nano.a(lib_a-nano-mallocr.o)
 .ARM.attributes
                0x0000000000000835       0x34 c:/st/stm32cubeide_1.2.0/stm32cubeide/plugins/com.st.stm32cube.ide.mcu.externaltools.gnu-tools-for-stm32.7-2018-q2-update.win32_1.4.0.202007081208/tools/bin/../lib/gcc/arm-none-eabi/7.3.1/../../../../arm-none-eabi/lib/thumb/v7e-m/fpv4-sp/hard\libc_nano.a(lib_a-putc.o)
 .ARM.attributes
                0x0000000000000869       0x34 c:/st/stm32cubeide_1.2.0/stm32cubeide/plugins/com.st.stm32cube.ide.mcu.externaltools.gnu-tools-for-stm32.7-2018-q2-update.win32_1.4.0.202007081208/tools/bin/../lib/gcc/arm-none-eabi/7.3.1/../../../../arm-none-eabi/lib/thumb/v7e-m/fpv4-sp/hard\libc_nano.a(lib_a-sbrkr.o)
 .ARM.attributes
                0x000000000000089d       0x34 c:/st/stm32cubeide_1.2.0/stm32cubeide/plugins/com.st.stm32cube.ide.mcu.externaltools.gnu-tools-for-stm32.7-2018-q2-update.win32_1.4.0.202007081208/tools/bin/../lib/gcc/arm-none-eabi/7.3.1/../../../../arm-none-eabi/lib/thumb/v7e-m/fpv4-sp/hard\libc_nano.a(lib_a-stdio.o)
 .ARM.attributes
                0x00000000000008d1       0x34 c:/st/stm32cubeide_1.2.0/stm32cubeide/plugins/com.st.stm32cube.ide.mcu.externaltools.gnu-tools-for-stm32.7-2018-q2-update.win32_1.4.0.202007081208/tools/bin/../lib/gcc/arm-none-eabi/7.3.1/../../../../arm-none-eabi/lib/thumb/v7e-m/fpv4-sp/hard\libc_nano.a(lib_a-writer.o)
 .ARM.attributes
                0x0000000000000905       0x34 c:/st/stm32cubeide_1.2.0/stm32cubeide/plugins/com.st.stm32cube.ide.mcu.externaltools.gnu-tools-for-stm32.7-2018-q2-update.win32_1.4.0.202007081208/tools/bin/../lib/gcc/arm-none-eabi/7.3.1/../../../../arm-none-eabi/lib/thumb/v7e-m/fpv4-sp/hard\libc_nano.a(lib_a-closer.o)
 .ARM.attributes
                0x0000000000000939       0x34 c:/st/stm32cubeide_1.2.0/stm32cubeide/plugins/com.st.stm32cube.ide.mcu.externaltools.gnu-tools-for-stm32.7-2018-q2-update.win32_1.4.0.202007081208/tools/bin/../lib/gcc/arm-none-eabi/7.3.1/../../../../arm-none-eabi/lib/thumb/v7e-m/fpv4-sp/hard\libc_nano.a(lib_a-fstatr.o)
 .ARM.attributes
                0x000000000000096d       0x34 c:/st/stm32cubeide_1.2.0/stm32cubeide/plugins/com.st.stm32cube.ide.mcu.externaltools.gnu-tools-for-stm32.7-2018-q2-update.win32_1.4.0.202007081208/tools/bin/../lib/gcc/arm-none-eabi/7.3.1/../../../../arm-none-eabi/lib/thumb/v7e-m/fpv4-sp/hard\libc_nano.a(lib_a-isattyr.o)
 .ARM.attributes